INFO: Using directory: "/Users/ldq/Work/McStasBench/benchmark/refcache/T1_ILL_D2B_work/ref_20260724_152843_94648_7"
INFO: Regenerating c-file: ILL_D2B.c
CFLAGS= @NCRYSTALFLAGS@
            
--> Added COMPONENT Monok USERVAR ncol_19 with type int 

--> Added COMPONENT Monok USERVAR nrow_19 with type int 

WARNING:
 The parameter format of Container_in is initialized 
 using a static {,,,} vector.
  -> Such static vectors support literal numbers ONLY.
  -> Any vector use of variables or defines must happen via a 
     DECLARE/INITIALIZE pointer.


-----------------------------------------------------------

Generating single GPU kernel or single CPU section layout: 
-> SPLIT N at component Monok
-> SPLIT N at component Arm_Sample

-----------------------------------------------------------

Generating GPU/CPU -DFUNNEL layout:
-> SPLIT within buffer at component Monok
-> SPLIT within buffer at component Arm_Sample

-----------------------------------------------------------
INFO: Recompiling: ./ILL_D2B.out
./ILL_D2B.c:15669:6: warning: address of array 'lamopts' will always evaluate to 'true' [-Wpointer-bool-conversion]
 15669 |   if(lamopts && strlen(lamopts))
       |      ^~~~~~~ ~~
./ILL_D2B.c:15670:55: warning: address of array 'lamopts' will always evaluate to 'true' [-Wpointer-bool-conversion]
 15670 |     stracpy(_D2B_Mono_Lambda_var._parameters.options, lamopts ? lamopts : "", 16384);
       |                                                       ^~~~~~~ ~
./ILL_D2B.c:16553:6: warning: address of array 'lamopts' will always evaluate to 'true' [-Wpointer-bool-conversion]
 16553 |   if(lamopts && strlen(lamopts))
       |      ^~~~~~~ ~~
./ILL_D2B.c:16554:57: warning: address of array 'lamopts' will always evaluate to 'true' [-Wpointer-bool-conversion]
 16554 |     stracpy(_D2B_Sample_Lambda_var._parameters.options, lamopts ? lamopts : "", 16384);
       |                                                         ^~~~~~~ ~
4 warnings generated.
ld: warning: directory not found for option '-L/opt/homebrew/Cellar/fftw/3.3.10_1/lib'
ld: warning: duplicate -rpath '/opt/homebrew/Caskroom/miniconda/base/envs/mcstas/lib' ignored
ld: warning: duplicate -rpath '/opt/homebrew/Caskroom/miniconda/base/envs/mcstas/lib' ignored
INFO: ===
ILL_D2B: Detailed DIF configuration
* Incoming beam: lambda=1 [Angs] EI=81.8 [meV]  KI=6.283 [Angs-1] Vi=3956.03 [m/s]
* Monochromator:  DM=0.5412 [Angs] RV=4.196 [m] curved, take-off 2*THETA_M=135 [deg]
* Resolution:     Caglioti              U=0.0192847 V=0.0333805 W=0.0365723 [deg^2]
                  Optimal          ALPHA3=7.39316 [min]
                  Optimal resolution A1/2=5.22775 [min]
                  Normalized Intensity L0=154.003 [min^3]
[ILL_D2B] Initialize
PowderN: Container_in: Concentric mode - remember to include the 'opposite' copy of this component !
WARNING  The equivalent, 'opposite' comp should have concentric=0
Opening input file '/opt/homebrew/Caskroom/miniconda/base/envs/mcstas/share/mcstas/resources/data/V.lau' (Table_Read_Offset)
Table from file 'V.lau' (block 1) is 3558 x 6 (x=-10:10), constant step. interpolation: linear
  '# TITLE   V1 [Triclinic, Acentric], via https://materialsproject.org/materi ...'
PowderN: Container_in: Reading 3558 rows from V.lau
PowderN: Container_in: Powder file probably of type Crystallographica/Fullprof (lau)
WARNING: but F2 unit is set to barns=1 (barns). Intensity might be 100 times too high.
PowderN: Container_in: Read 3558 reflections from file 'V.lau'
PowderN: Container_in: Vc=13.3996 [Angs] sigma_abs=5.08 [barn] sigma_inc=5.07999 [barn] reflections=V.lau
Opening input file '/opt/homebrew/Caskroom/miniconda/base/envs/mcstas/share/mcstas/resources/data/Na2Ca3Al2F14.laz' (Table_Read_Offset)
Table from file 'Na2Ca3Al2F14.laz' (block 1) is 841 x 18 (x=1:20), constant step. interpolation: linear
  '# TITLE *-Na2Ca3Al2F14-[I213] Courbion, G.;Ferey, G.[1988] Standard NAC cal ...'
PowderN: Sample: Reading 841 rows from Na2Ca3Al2F14.laz
PowderN: Sample: Read 841 reflections from file 'Na2Ca3Al2F14.laz'
PowderN: Sample: Vc=1079.1 [Angs] sigma_abs=11.7856 [barn] sigma_inc=13.6704 [barn] reflections=Na2Ca3Al2F14.laz
Opening input file '/opt/homebrew/Caskroom/miniconda/base/envs/mcstas/share/mcstas/resources/data/V.lau' (Table_Read_Offset)
Table from file 'V.lau' (block 1) is 3558 x 6 (x=-10:10), constant step. interpolation: linear
  '# TITLE   V1 [Triclinic, Acentric], via https://materialsproject.org/materi ...'
PowderN: Container_out: Reading 3558 rows from V.lau
PowderN: Container_out: Powder file probably of type Crystallographica/Fullprof (lau)
WARNING: but F2 unit is set to barns=1 (barns). Intensity might be 100 times too high.
PowderN: Container_out: Read 3558 reflections from file 'V.lau'
PowderN: Container_out: Vc=13.3996 [Angs] sigma_abs=5.08 [barn] sigma_inc=5.07999 [barn] reflections=V.lau
Collimator_radial: collimador_radial: divergence 5 [min] . Total opening [-165:-5] [deg]
    Using triangular approximation model with 6336 slits of width 0.436333 [mm] pitch 0.0252525 [deg].
*** TRACE end *** 

Save [ILL_D2B]
Detector: D2B_Mono_XY_I=2.26874e+09 D2B_Mono_XY_ERR=5.69635e+06 D2B_Mono_XY_N=188317 "D2B_Mono_XY_1784924930.x_y"
Detector: D2B_ALPHA1_Div_I=2.26874e+09 D2B_ALPHA1_Div_ERR=5.69635e+06 D2B_ALPHA1_Div_N=188317 "D2B_ALPHA1_Div_1784924930.hd_vd"
Detector: D2B_Mono_Lambda_I=2.26874e+09 D2B_Mono_Lambda_ERR=5.69635e+06 D2B_Mono_Lambda_N=188317 "D2B_Mono_Lambda_1784924930.L"
Detector: sphere_I=2.26865e+09 sphere_ERR=1.80127e+06 sphere_N=1.88317e+06 "sphere.dat"
Detector: D2B_ALPHA2_Div_I=2.87791e+06 D2B_ALPHA2_Div_ERR=52832.5 D2B_ALPHA2_Div_N=4058 "D2B_ALPHA2_Div_1784924930.hd_vd"
Detector: D2B_Sample_Lambda_I=8.79285e+06 D2B_Sample_Lambda_ERR=94097.1 D2B_Sample_Lambda_N=11909 "D2B_Sample_Lambda_1784924930.L"
Detector: D2B_BananaTheta_I=21404.1 D2B_BananaTheta_ERR=676.776 D2B_BananaTheta_N=24523 "D2B_BananaTheta_1784924930.A"
Detector: D2B_BananaThetaCenter_I=7201.18 D2B_BananaThetaCenter_ERR=396.048 D2B_BananaThetaCenter_N=8525 "D2B_BananaThetaCenter_1784924930.A"
Detector: D2B_BananaPSD_I=14797.1 D2B_BananaPSD_ERR=1033.84 D2B_BananaPSD_N=13674 "D2B_BananaPSD_1784924930.th_y"

Finally [ILL_D2B: /Users/ldq/Work/McStasBench/benchmark/refcache/T1_ILL_D2B_work/ref_20260724_152843_94648_7]. Time: 1 [s] 
PowderN: Container_in: Info: you may highly improve the computation efficiency by using
    SPLIT 428 COMPONENT Container_in=PowderN(...)
  in the instrument description /opt/homebrew/Caskroom/miniconda/base/envs/mcstas/share/mcstas/resources/examples/ILL/ILL_D2B/ILL_D2B.instr.
PowderN: Sample: Info: you may highly improve the computation efficiency by using
    SPLIT 840 COMPONENT Sample=PowderN(...)
  in the instrument description /opt/homebrew/Caskroom/miniconda/base/envs/mcstas/share/mcstas/resources/examples/ILL/ILL_D2B/ILL_D2B.instr.
PowderN: Container_out: Info: you may highly improve the computation efficiency by using
    SPLIT 428 COMPONENT Container_out=PowderN(...)
  in the instrument description /opt/homebrew/Caskroom/miniconda/base/envs/mcstas/share/mcstas/resources/examples/ILL/ILL_D2B/ILL_D2B.instr.
INFO: Placing instr file copy /opt/homebrew/Caskroom/miniconda/base/envs/mcstas/share/mcstas/resources/examples/ILL/ILL_D2B/ILL_D2B.instr in dataset /Users/ldq/Work/McStasBench/benchmark/refcache/T1_ILL_D2B_work/ref_20260724_152843_94648_7
