INFO: Using directory: "/Users/ldq/Work/McStasBench/benchmark/refcache/T1_ISIS_SANS2d_work/ref_20260724_153055_94648_17"
INFO: Regenerating c-file: ISIS_SANS2d.c
Info:    'ISIS_moderator' is a contributed component.
CFLAGS=
    
-----------------------------------------------------------

Generating single GPU kernel or single CPU section layout: 

-----------------------------------------------------------

Generating GPU/CPU -DFUNNEL layout:

-----------------------------------------------------------
INFO: Recompiling: ./ISIS_SANS2d.out
ld: warning: directory not found for option '-L/opt/homebrew/Cellar/fftw/3.3.10_1/lib'
ld: warning: duplicate -rpath '/opt/homebrew/Caskroom/miniconda/base/envs/mcstas/lib' ignored
INFO: ===
**********************************************************************
****   This is ISIS_moderator.comp version 2.0 (25/8/05)          ****
****   Please check to see if your files are up-to-date           ****
****   http://www.isis.rl.ac.uk/Computing/Software/MC/index.htm   ****
**********************************************************************

converting Angstroms to meV
Face == E2 
default xwidth used 0.08333 m
default yheight used 0.03 m
Energy == 0.417316 81.7939
nEnergy == 77
Viewport == 0.0365 0.021 Moderator size == (0.08333 * 0.03) m^2 
Dist == 3.68 (metres) 
Viewport Solid angle == 0.000184587 str
Solid angle used == 0.00141486 str
Totals:: 0.000811618 77 181 
Opening -- /opt/homebrew/Caskroom/miniconda/base/envs/mcstas/share/mcstas/resources/data/ISIS_tables/TS2.e2
*** TRACE end *** 
Detector: lmon1_I=3.40574e+08 lmon1_ERR=340574 lmon1_N=1e+06 "lmon1.dat"
Detector: psd1_I=3.40574e+08 psd1_ERR=340574 psd1_N=1e+06 "psd1.dat"
Detector: lmonb_I=1.47027e+08 lmonb_ERR=217016 lmonb_N=702350 "lmonB.dat"
Detector: psd2_I=1.47027e+08 psd2_ERR=217016 psd2_N=702350 "psd2.dat"
Detector: psd3_I=1.01276e+08 psd3_ERR=180433 psd3_N=544643 "psd3.dat"
Detector: lmonitor2_I=5.01388e+07 lmonitor2_ERR=127207 lmonitor2_N=209769 "lmonitor2.dat"
Detector: lmon2_I=5.60301e+06 lmon2_ERR=42575 lmon2_N=19561 "lmonitor3.dat"
Detector: psd4_I=5.60301e+06 psd4_ERR=42575 psd4_N=19561 "psd4.dat"
INFO: Placing instr file copy /opt/homebrew/Caskroom/miniconda/base/envs/mcstas/share/mcstas/resources/examples/ISIS/ISIS_SANS2d/ISIS_SANS2d.instr in dataset /Users/ldq/Work/McStasBench/benchmark/refcache/T1_ISIS_SANS2d_work/ref_20260724_153055_94648_17
