INFO: Using directory: "/Users/ldq/Work/McStasBench/benchmark/refcache/T1_PSI_DMC_work/ref_20260724_153108_94648_19"
INFO: Regenerating c-file: PSI_DMC.c
Info:    'Al_window' is a contributed component.
Info:    'Monochromator_2foc' is a contributed component.
CFLAGS= @NCRYSTALFLAGS@
            
WARNING:
 The parameter format of sample is initialized 
 using a static {,,,} vector.
  -> Such static vectors support literal numbers ONLY.
  -> Any vector use of variables or defines must happen via a 
     DECLARE/INITIALIZE pointer.


-----------------------------------------------------------

Generating single GPU kernel or single CPU section layout: 
-> SPLIT N at component foc_mono
-> SPLIT N at component sample

-----------------------------------------------------------

Generating GPU/CPU -DFUNNEL layout:
-> SPLIT within buffer at component foc_mono
-> SPLIT within buffer at component sample

-----------------------------------------------------------
INFO: Recompiling: ./PSI_DMC.out
ld: warning: directory not found for option '-L/opt/homebrew/Cellar/fftw/3.3.10_1/lib'
ld: warning: duplicate -rpath '/opt/homebrew/Caskroom/miniconda/base/envs/mcstas/lib' ignored
ld: warning: duplicate -rpath '/opt/homebrew/Caskroom/miniconda/base/envs/mcstas/lib' ignored
INFO: ===
Al_window window1 WARNING: Using simple lo-fi transmission model.
 - Replace with PowderN or NCrystal for bragg edges etc.
Al_window window2 WARNING: Using simple lo-fi transmission model.
 - Replace with PowderN or NCrystal for bragg edges etc.
WARNING(sample): p_inc=0, adjusting to 0.01, to avoid algorithm instability
WARNING(sample): p_transmit=0, adjusting to 0.01, to avoid algorithm instability
[PSI_DMC] Initialize
Table from file '' (catenated) is empty.
Opening input file '/opt/homebrew/Caskroom/miniconda/base/envs/mcstas/share/mcstas/resources/data/Na2Ca3Al2F14.laz' (Table_Read_Offset)
Table from file 'Na2Ca3Al2F14.laz' (block 1) is 841 x 18 (x=1:20), constant step. interpolation: linear
  '# TITLE *-Na2Ca3Al2F14-[I213] Courbion, G.;Ferey, G.[1988] Standard NAC cal ...'
PowderN: sample: Reading 841 rows from Na2Ca3Al2F14.laz
PowderN: sample: Read 841 reflections from file 'Na2Ca3Al2F14.laz'
PowderN: sample: Vc=1079.1 [Angs] sigma_abs=11.7856 [barn] sigma_inc=13.6704 [barn] reflections=Na2Ca3Al2F14.laz
*** TRACE end *** 

Save [PSI_DMC]
Detector: PSDbefore_guides_I=2.54331e+09 PSDbefore_guides_ERR=2.54334e+06 PSDbefore_guides_N=999996 "PSDbefore_guides.dat"
Detector: l_mon_source_I=2.54331e+09 l_mon_source_ERR=2.54334e+06 l_mon_source_N=999996 "lmonsource.dat"
Detector: PSDbefore_curve_I=1.13354e+08 PSDbefore_curve_ERR=518126 PSDbefore_curve_N=125562 "PSDbefore_curve.dat"
Detector: PSDafter_curve_I=4.7773e+07 PSDafter_curve_ERR=332781 PSDafter_curve_N=95037 "PSDafter_curve.dat"
Detector: ydist_fluxpos_I=3.58193e+07 ydist_fluxpos_ERR=284184 ydist_fluxpos_N=78073 "ydist_fluxpos.dat"
Detector: PSD_fluxpos_I=3.58193e+07 PSD_fluxpos_ERR=284184 PSD_fluxpos_N=78073 "xdist_fluxposy.dat"
Detector: xdist_flux_pos_I=3.58193e+07 xdist_flux_pos_ERR=284184 xdist_flux_pos_N=78073 "xdist_fluxpos.dat"
Detector: PSD_fluxposB_I=3.28397e+07 PSD_fluxposB_ERR=272572 PSD_fluxposB_N=62463 "PSD_fluxposB.dat"
Detector: lambda_in_I=3.26289e+07 lambda_in_ERR=270876 lambda_in_N=62413 "L_in.dat"
Detector: PSD_sample_I=1.45518e+07 PSD_sample_ERR=44323.8 PSD_sample_N=416309 "PSD_sample.dat"
Detector: lambda_sample_I=1.9359e+06 lambda_sample_ERR=17148.5 lambda_sample_N=24061 "L_sample.dat"
Detector: Detector_I=796.293 Detector_ERR=4.28884 Detector_N=190043 "detector.dat"

Finally [PSI_DMC: /Users/ldq/Work/McStasBench/benchmark/refcache/T1_PSI_DMC_work/ref_20260724_153108_94648_19]. Time: 2 [s] 
INFO: Placing instr file copy /opt/homebrew/Caskroom/miniconda/base/envs/mcstas/share/mcstas/resources/examples/PSI/PSI_DMC/PSI_DMC.instr in dataset /Users/ldq/Work/McStasBench/benchmark/refcache/T1_PSI_DMC_work/ref_20260724_153108_94648_19
