Loading weights:   0%|          | 0/399 [00:00<?, ?it/s]Loading weights: 100%|██████████| 399/399 [00:00<00:00, 4089.61it/s]
states: 2762 across {'bender': 2762}
[transformers] `use_cache=True` is incompatible with gradient checkpointing. Setting `use_cache=False`.
/netdisk/ldq/NeutronGym/benchmark/harness/m8_grpo.py:284: UserWarning: Converting a tensor with requires_grad=True to a scalar may lead to unexpected behavior.
Consider using tensor.detach() first. (Triggered internally at /__w/pytorch/pytorch/torch/csrc/autograd/generated/python_variable_methods.cpp:822.)
  kl_sum += float((kl.sum(1) / ntok).sum()); pg_sum += float((pg.sum(1) / ntok).sum())
{"step": 1, "sparse": false, "reward_mean": 0.8296, "pass_frac": 0.0, "valid_frac": 1.0, "parse_frac": 1.0, "err_frac": 0.0, "groups": 8, "groups_with_signal": 4, "kl": 0.0, "pg": 0.00873, "elapsed_s": 47.6}
{"step": 2, "sparse": false, "reward_mean": 0.7697, "pass_frac": 0.0, "valid_frac": 1.0, "parse_frac": 1.0, "err_frac": 0.0, "groups": 8, "groups_with_signal": 3, "kl": 0.00104, "pg": -0.00489, "elapsed_s": 88.9}
{"step": 3, "sparse": false, "reward_mean": 0.7763, "pass_frac": 0.0, "valid_frac": 1.0, "parse_frac": 1.0, "err_frac": 0.0, "groups": 8, "groups_with_signal": 6, "kl": 0.00105, "pg": 0.00738, "elapsed_s": 144.7}
{"step": 4, "sparse": false, "reward_mean": 0.7851, "pass_frac": 0.0, "valid_frac": 1.0, "parse_frac": 1.0, "err_frac": 0.0, "groups": 8, "groups_with_signal": 2, "kl": 0.00308, "pg": 0.0079, "elapsed_s": 183.2}
{"step": 5, "sparse": false, "reward_mean": 0.7859, "pass_frac": 0.0, "valid_frac": 1.0, "parse_frac": 1.0, "err_frac": 0.0, "groups": 8, "groups_with_signal": 5, "kl": 0.001, "pg": -0.00748, "elapsed_s": 231.5}
{"step": 6, "sparse": false, "reward_mean": 0.8014, "pass_frac": 0.0, "valid_frac": 1.0, "parse_frac": 1.0, "err_frac": 0.0, "groups": 8, "groups_with_signal": 1, "kl": 0.00025, "pg": -0.01891, "elapsed_s": 270.6}
{"step": 7, "sparse": false, "reward_mean": 0.7845, "pass_frac": 0.0, "valid_frac": 1.0, "parse_frac": 1.0, "err_frac": 0.0, "groups": 8, "groups_with_signal": 3, "kl": 0.00173, "pg": -0.00756, "elapsed_s": 315.6}
{"step": 8, "sparse": false, "reward_mean": 0.8094, "pass_frac": 0.125, "valid_frac": 1.0, "parse_frac": 1.0, "err_frac": 0.0, "groups": 8, "groups_with_signal": 6, "kl": 0.00759, "pg": 0.01538, "elapsed_s": 374.1}
{"step": 9, "sparse": false, "reward_mean": 0.7737, "pass_frac": 0.0, "valid_frac": 1.0, "parse_frac": 1.0, "err_frac": 0.0, "groups": 8, "groups_with_signal": 2, "kl": 0.00213, "pg": -0.02556, "elapsed_s": 413.8}
{"step": 10, "sparse": false, "reward_mean": 0.8172, "pass_frac": 0.0, "valid_frac": 1.0, "parse_frac": 1.0, "err_frac": 0.0, "groups": 8, "groups_with_signal": 1, "kl": 0.00259, "pg": -0.03875, "elapsed_s": 447.3}
{"step": 11, "sparse": false, "reward_mean": 0.8092, "pass_frac": 0.0, "valid_frac": 1.0, "parse_frac": 1.0, "err_frac": 0.0, "groups": 8, "groups_with_signal": 3, "kl": 0.00876, "pg": -0.0024, "elapsed_s": 489.3}
{"step": 12, "sparse": false, "reward_mean": 0.8068, "pass_frac": 0.0, "valid_frac": 1.0, "parse_frac": 1.0, "err_frac": 0.0, "groups": 8, "groups_with_signal": 4, "kl": 0.03453, "pg": 0.00364, "elapsed_s": 537.1}
{"step": 13, "sparse": false, "reward_mean": 0.7672, "pass_frac": 0.0, "valid_frac": 1.0, "parse_frac": 1.0, "err_frac": 0.0, "groups": 8, "groups_with_signal": 2, "kl": 0.00753, "pg": 0.02458, "elapsed_s": 579.8}
{"step": 14, "sparse": false, "reward_mean": 0.7884, "pass_frac": 0.0, "valid_frac": 1.0, "parse_frac": 1.0, "err_frac": 0.0, "groups": 8, "groups_with_signal": 7, "kl": 0.03266, "pg": -0.00693, "elapsed_s": 642.2}
{"step": 15, "sparse": false, "reward_mean": 0.7657, "pass_frac": 0.0, "valid_frac": 1.0, "parse_frac": 1.0, "err_frac": 0.0, "groups": 8, "groups_with_signal": 4, "kl": 0.00886, "pg": 0.00512, "elapsed_s": 687.1}
{"step": 16, "sparse": false, "reward_mean": 0.7921, "pass_frac": 0.0, "valid_frac": 1.0, "parse_frac": 1.0, "err_frac": 0.0, "groups": 8, "groups_with_signal": 6, "kl": 0.01843, "pg": 0.00877, "elapsed_s": 746.9}
{"step": 17, "sparse": false, "reward_mean": 0.8021, "pass_frac": 0.0156, "valid_frac": 1.0, "parse_frac": 1.0, "err_frac": 0.0, "groups": 8, "groups_with_signal": 3, "kl": 0.00376, "pg": 0.03692, "elapsed_s": 790.2}
{"step": 18, "sparse": false, "reward_mean": 0.7839, "pass_frac": 0.0, "valid_frac": 1.0, "parse_frac": 1.0, "err_frac": 0.0, "groups": 8, "groups_with_signal": 4, "kl": 0.03131, "pg": 0.00198, "elapsed_s": 838.6}
{"step": 19, "sparse": false, "reward_mean": 0.7799, "pass_frac": 0.0, "valid_frac": 1.0, "parse_frac": 1.0, "err_frac": 0.0, "groups": 8, "groups_with_signal": 3, "kl": 0.01965, "pg": 0.01569, "elapsed_s": 878.0}
{"step": 20, "sparse": false, "reward_mean": 0.7755, "pass_frac": 0.0, "valid_frac": 1.0, "parse_frac": 1.0, "err_frac": 0.0, "groups": 8, "groups_with_signal": 3, "kl": 0.05214, "pg": 0.00243, "elapsed_s": 919.3}
{"step": 21, "sparse": false, "reward_mean": 0.777, "pass_frac": 0.0, "valid_frac": 1.0, "parse_frac": 1.0, "err_frac": 0.0, "groups": 8, "groups_with_signal": 1, "kl": 0.08418, "pg": 0.01092, "elapsed_s": 952.2}
{"step": 22, "sparse": false, "reward_mean": 0.7794, "pass_frac": 0.0, "valid_frac": 1.0, "parse_frac": 1.0, "err_frac": 0.0, "groups": 8, "groups_with_signal": 6, "kl": 0.02077, "pg": 0.0096, "elapsed_s": 1012.0}
{"step": 23, "sparse": false, "reward_mean": 0.7954, "pass_frac": 0.0, "valid_frac": 1.0, "parse_frac": 1.0, "err_frac": 0.0, "groups": 8, "groups_with_signal": 5, "kl": 0.08278, "pg": -0.02202, "elapsed_s": 1063.3}
{"step": 24, "sparse": false, "reward_mean": 0.788, "pass_frac": 0.0, "valid_frac": 1.0, "parse_frac": 1.0, "err_frac": 0.0, "groups": 8, "groups_with_signal": 4, "kl": 0.02346, "pg": 0.01949, "elapsed_s": 1106.7}
{"step": 25, "sparse": false, "reward_mean": 0.791, "pass_frac": 0.0, "valid_frac": 1.0, "parse_frac": 1.0, "err_frac": 0.0, "groups": 8, "groups_with_signal": 3, "kl": 0.12101, "pg": 0.01931, "elapsed_s": 1152.6}
{"step": 26, "sparse": false, "reward_mean": 0.7653, "pass_frac": 0.0, "valid_frac": 1.0, "parse_frac": 1.0, "err_frac": 0.0, "groups": 8, "groups_with_signal": 5, "kl": 0.06447, "pg": -0.01604, "elapsed_s": 1204.0}
{"step": 27, "sparse": false, "reward_mean": 0.8294, "pass_frac": 0.0, "valid_frac": 1.0, "parse_frac": 1.0, "err_frac": 0.0, "groups": 8, "groups_with_signal": 3, "kl": 0.03554, "pg": -0.02592, "elapsed_s": 1254.9}
{"step": 28, "sparse": false, "reward_mean": 0.8142, "pass_frac": 0.0, "valid_frac": 1.0, "parse_frac": 1.0, "err_frac": 0.0, "groups": 8, "groups_with_signal": 5, "kl": 0.02742, "pg": -0.01543, "elapsed_s": 1301.5}
{"step": 29, "sparse": false, "reward_mean": 0.7757, "pass_frac": 0.0, "valid_frac": 1.0, "parse_frac": 1.0, "err_frac": 0.0, "groups": 8, "groups_with_signal": 4, "kl": 0.05296, "pg": -0.00459, "elapsed_s": 1350.5}
{"step": 30, "sparse": false, "reward_mean": 0.7754, "pass_frac": 0.0, "valid_frac": 1.0, "parse_frac": 1.0, "err_frac": 0.0, "groups": 8, "groups_with_signal": 3, "kl": 0.03458, "pg": 0.02951, "elapsed_s": 1390.6}
{"step": 31, "sparse": false, "reward_mean": 0.7667, "pass_frac": 0.0, "valid_frac": 1.0, "parse_frac": 1.0, "err_frac": 0.0, "groups": 8, "groups_with_signal": 3, "kl": 0.18196, "pg": -7e-05, "elapsed_s": 1433.2}
{"step": 32, "sparse": false, "reward_mean": 0.7808, "pass_frac": 0.0, "valid_frac": 1.0, "parse_frac": 1.0, "err_frac": 0.0, "groups": 8, "groups_with_signal": 3, "kl": 0.17714, "pg": 0.01999, "elapsed_s": 1477.6}
{"step": 33, "sparse": false, "reward_mean": 0.8495, "pass_frac": 0.125, "valid_frac": 1.0, "parse_frac": 1.0, "err_frac": 0.0, "groups": 8, "groups_with_signal": 2, "kl": 0.00963, "pg": -0.0106, "elapsed_s": 1516.9}
{"step": 34, "sparse": false, "reward_mean": 0.8379, "pass_frac": 0.0, "valid_frac": 1.0, "parse_frac": 1.0, "err_frac": 0.0, "groups": 8, "groups_with_signal": 3, "kl": 0.21994, "pg": -0.01972, "elapsed_s": 1565.0}
{"step": 35, "sparse": false, "reward_mean": 0.7815, "pass_frac": 0.0, "valid_frac": 1.0, "parse_frac": 1.0, "err_frac": 0.0, "groups": 8, "groups_with_signal": 2, "kl": 0.11223, "pg": 0.0071, "elapsed_s": 1603.1}
{"step": 36, "sparse": false, "reward_mean": 0.7792, "pass_frac": 0.0, "valid_frac": 1.0, "parse_frac": 1.0, "err_frac": 0.0, "groups": 8, "groups_with_signal": 5, "kl": 0.10363, "pg": -0.00514, "elapsed_s": 1646.4}
{"step": 37, "sparse": false, "reward_mean": 0.7763, "pass_frac": 0.0, "valid_frac": 1.0, "parse_frac": 1.0, "err_frac": 0.0, "groups": 8, "groups_with_signal": 5, "kl": 0.05436, "pg": 0.01317, "elapsed_s": 1695.7}
{"step": 38, "sparse": false, "reward_mean": 0.7925, "pass_frac": 0.0312, "valid_frac": 1.0, "parse_frac": 1.0, "err_frac": 0.0, "groups": 8, "groups_with_signal": 5, "kl": 0.09402, "pg": -0.02939, "elapsed_s": 1751.0}
{"step": 39, "sparse": false, "reward_mean": 0.8317, "pass_frac": 0.0312, "valid_frac": 1.0, "parse_frac": 1.0, "err_frac": 0.0, "groups": 8, "groups_with_signal": 5, "kl": 0.07869, "pg": 0.00343, "elapsed_s": 1798.8}
{"step": 40, "sparse": false, "reward_mean": 0.8425, "pass_frac": 0.1094, "valid_frac": 1.0, "parse_frac": 1.0, "err_frac": 0.0, "groups": 8, "groups_with_signal": 2, "kl": 0.20605, "pg": -0.03669, "elapsed_s": 1836.9}
{"step": 41, "sparse": false, "reward_mean": 0.7978, "pass_frac": 0.0, "valid_frac": 1.0, "parse_frac": 1.0, "err_frac": 0.0, "groups": 8, "groups_with_signal": 6, "kl": 0.06841, "pg": -0.00541, "elapsed_s": 1892.4}
{"step": 42, "sparse": false, "reward_mean": 0.8172, "pass_frac": 0.0, "valid_frac": 1.0, "parse_frac": 1.0, "err_frac": 0.0, "groups": 8, "groups_with_signal": 5, "kl": 0.19041, "pg": -0.01457, "elapsed_s": 1943.0}
{"step": 43, "sparse": false, "reward_mean": 0.8367, "pass_frac": 0.1094, "valid_frac": 1.0, "parse_frac": 1.0, "err_frac": 0.0, "groups": 8, "groups_with_signal": 5, "kl": 0.11904, "pg": -0.02954, "elapsed_s": 1985.4}
{"step": 44, "sparse": false, "reward_mean": 0.798, "pass_frac": 0.0, "valid_frac": 1.0, "parse_frac": 1.0, "err_frac": 0.0, "groups": 8, "groups_with_signal": 2, "kl": 0.089, "pg": 0.00624, "elapsed_s": 2029.3}
{"step": 45, "sparse": false, "reward_mean": 0.8067, "pass_frac": 0.0, "valid_frac": 1.0, "parse_frac": 1.0, "err_frac": 0.0, "groups": 8, "groups_with_signal": 0, "elapsed_s": 2061.1}
{"step": 46, "sparse": false, "reward_mean": 0.7916, "pass_frac": 0.0, "valid_frac": 1.0, "parse_frac": 1.0, "err_frac": 0.0, "groups": 8, "groups_with_signal": 4, "kl": 0.144, "pg": -0.00713, "elapsed_s": 2114.5}
{"step": 47, "sparse": false, "reward_mean": 0.8432, "pass_frac": 0.1875, "valid_frac": 1.0, "parse_frac": 1.0, "err_frac": 0.0, "groups": 8, "groups_with_signal": 5, "kl": 0.13858, "pg": -0.01403, "elapsed_s": 2166.3}
{"step": 48, "sparse": false, "reward_mean": 0.7912, "pass_frac": 0.0, "valid_frac": 1.0, "parse_frac": 1.0, "err_frac": 0.0, "groups": 8, "groups_with_signal": 3, "kl": 0.0839, "pg": 0.01884, "elapsed_s": 2206.1}
{"step": 49, "sparse": false, "reward_mean": 0.7968, "pass_frac": 0.0, "valid_frac": 1.0, "parse_frac": 1.0, "err_frac": 0.0, "groups": 8, "groups_with_signal": 6, "kl": 0.17402, "pg": -0.0022, "elapsed_s": 2263.9}
{"step": 50, "sparse": false, "reward_mean": 0.8314, "pass_frac": 0.125, "valid_frac": 1.0, "parse_frac": 1.0, "err_frac": 0.0, "groups": 8, "groups_with_signal": 4, "kl": 0.13522, "pg": -0.00602, "elapsed_s": 2307.9}
{"step": 51, "sparse": false, "reward_mean": 0.8185, "pass_frac": 0.0, "valid_frac": 1.0, "parse_frac": 1.0, "err_frac": 0.0, "groups": 8, "groups_with_signal": 6, "kl": 0.14972, "pg": -0.01153, "elapsed_s": 2375.6}
{"step": 52, "sparse": false, "reward_mean": 0.7817, "pass_frac": 0.0, "valid_frac": 1.0, "parse_frac": 1.0, "err_frac": 0.0, "groups": 8, "groups_with_signal": 0, "elapsed_s": 2404.5}
{"step": 53, "sparse": false, "reward_mean": 0.7791, "pass_frac": 0.0, "valid_frac": 1.0, "parse_frac": 1.0, "err_frac": 0.0, "groups": 8, "groups_with_signal": 4, "kl": 0.1056, "pg": -0.0161, "elapsed_s": 2452.0}
{"step": 54, "sparse": false, "reward_mean": 0.8105, "pass_frac": 0.0312, "valid_frac": 1.0, "parse_frac": 1.0, "err_frac": 0.0, "groups": 8, "groups_with_signal": 5, "kl": 0.13399, "pg": -0.00264, "elapsed_s": 2503.8}
{"step": 55, "sparse": false, "reward_mean": 0.7649, "pass_frac": 0.0, "valid_frac": 1.0, "parse_frac": 1.0, "err_frac": 0.0, "groups": 8, "groups_with_signal": 3, "kl": 0.14371, "pg": -0.0038, "elapsed_s": 2542.7}
{"step": 56, "sparse": false, "reward_mean": 0.8372, "pass_frac": 0.0, "valid_frac": 1.0, "parse_frac": 1.0, "err_frac": 0.0, "groups": 8, "groups_with_signal": 4, "kl": 0.27319, "pg": -0.01301, "elapsed_s": 2586.1}
{"step": 57, "sparse": false, "reward_mean": 0.814, "pass_frac": 0.0, "valid_frac": 1.0, "parse_frac": 1.0, "err_frac": 0.0, "groups": 8, "groups_with_signal": 4, "kl": 0.14845, "pg": -0.00274, "elapsed_s": 2630.9}
{"step": 58, "sparse": false, "reward_mean": 0.8178, "pass_frac": 0.0, "valid_frac": 1.0, "parse_frac": 1.0, "err_frac": 0.0, "groups": 8, "groups_with_signal": 3, "kl": 0.11276, "pg": -0.01154, "elapsed_s": 2674.0}
{"step": 59, "sparse": false, "reward_mean": 0.825, "pass_frac": 0.0, "valid_frac": 1.0, "parse_frac": 1.0, "err_frac": 0.0, "groups": 8, "groups_with_signal": 5, "kl": 0.11159, "pg": -0.00085, "elapsed_s": 2722.0}
{"step": 60, "sparse": false, "reward_mean": 0.7927, "pass_frac": 0.0, "valid_frac": 1.0, "parse_frac": 1.0, "err_frac": 0.0, "groups": 8, "groups_with_signal": 5, "kl": 0.10609, "pg": -0.00533, "elapsed_s": 2769.8}
{"step": 61, "sparse": false, "reward_mean": 0.827, "pass_frac": 0.0, "valid_frac": 1.0, "parse_frac": 1.0, "err_frac": 0.0, "groups": 8, "groups_with_signal": 2, "kl": 0.10818, "pg": -0.01887, "elapsed_s": 2816.2}
{"step": 62, "sparse": false, "reward_mean": 0.8205, "pass_frac": 0.0, "valid_frac": 1.0, "parse_frac": 1.0, "err_frac": 0.0, "groups": 8, "groups_with_signal": 7, "kl": 0.10184, "pg": 0.0012, "elapsed_s": 2871.3}
{"step": 63, "sparse": false, "reward_mean": 0.8177, "pass_frac": 0.0625, "valid_frac": 1.0, "parse_frac": 1.0, "err_frac": 0.0, "groups": 8, "groups_with_signal": 6, "kl": 0.18345, "pg": -0.00664, "elapsed_s": 2932.0}
{"step": 64, "sparse": false, "reward_mean": 0.8452, "pass_frac": 0.0938, "valid_frac": 1.0, "parse_frac": 1.0, "err_frac": 0.0, "groups": 8, "groups_with_signal": 6, "kl": 0.45054, "pg": -0.01885, "elapsed_s": 2994.3}
{"step": 65, "sparse": false, "reward_mean": 0.8067, "pass_frac": 0.0, "valid_frac": 1.0, "parse_frac": 1.0, "err_frac": 0.0, "groups": 8, "groups_with_signal": 4, "kl": 0.06986, "pg": 0.0066, "elapsed_s": 3036.7}
{"step": 66, "sparse": false, "reward_mean": 0.7836, "pass_frac": 0.0, "valid_frac": 1.0, "parse_frac": 1.0, "err_frac": 0.0, "groups": 8, "groups_with_signal": 3, "kl": 0.25405, "pg": -0.00741, "elapsed_s": 3085.0}
{"step": 67, "sparse": false, "reward_mean": 0.8206, "pass_frac": 0.0, "valid_frac": 1.0, "parse_frac": 1.0, "err_frac": 0.0, "groups": 8, "groups_with_signal": 1, "kl": 0.22989, "pg": -0.03045, "elapsed_s": 3116.3}
{"step": 68, "sparse": false, "reward_mean": 0.8107, "pass_frac": 0.0, "valid_frac": 1.0, "parse_frac": 1.0, "err_frac": 0.0, "groups": 8, "groups_with_signal": 5, "kl": 0.05809, "pg": 0.01605, "elapsed_s": 3170.5}
{"step": 69, "sparse": false, "reward_mean": 0.8387, "pass_frac": 0.0312, "valid_frac": 1.0, "parse_frac": 1.0, "err_frac": 0.0, "groups": 8, "groups_with_signal": 3, "kl": 0.24808, "pg": -0.01843, "elapsed_s": 3214.6}
{"step": 70, "sparse": false, "reward_mean": 0.7916, "pass_frac": 0.0, "valid_frac": 1.0, "parse_frac": 1.0, "err_frac": 0.0, "groups": 8, "groups_with_signal": 4, "kl": 0.35579, "pg": -0.03216, "elapsed_s": 3260.3}
{"step": 71, "sparse": false, "reward_mean": 0.8272, "pass_frac": 0.1406, "valid_frac": 1.0, "parse_frac": 1.0, "err_frac": 0.0, "groups": 8, "groups_with_signal": 4, "kl": 0.17537, "pg": 0.01599, "elapsed_s": 3308.2}
{"step": 72, "sparse": false, "reward_mean": 0.8452, "pass_frac": 0.0, "valid_frac": 1.0, "parse_frac": 1.0, "err_frac": 0.0, "groups": 8, "groups_with_signal": 6, "kl": 0.19614, "pg": 0.01326, "elapsed_s": 3361.5}
{"step": 73, "sparse": false, "reward_mean": 0.8434, "pass_frac": 0.1406, "valid_frac": 1.0, "parse_frac": 1.0, "err_frac": 0.0, "groups": 8, "groups_with_signal": 4, "kl": 0.45642, "pg": -0.01663, "elapsed_s": 3407.2}
{"step": 74, "sparse": false, "reward_mean": 0.782, "pass_frac": 0.0, "valid_frac": 1.0, "parse_frac": 1.0, "err_frac": 0.0, "groups": 8, "groups_with_signal": 4, "kl": 0.16724, "pg": 0.0025, "elapsed_s": 3451.8}
{"step": 75, "sparse": false, "reward_mean": 0.8075, "pass_frac": 0.0, "valid_frac": 1.0, "parse_frac": 1.0, "err_frac": 0.0, "groups": 8, "groups_with_signal": 3, "kl": 0.32577, "pg": 0.0112, "elapsed_s": 3492.1}
{"step": 76, "sparse": false, "reward_mean": 0.7856, "pass_frac": 0.0, "valid_frac": 1.0, "parse_frac": 1.0, "err_frac": 0.0, "groups": 8, "groups_with_signal": 3, "kl": 0.15331, "pg": 0.01414, "elapsed_s": 3539.1}
{"step": 77, "sparse": false, "reward_mean": 0.8439, "pass_frac": 0.0625, "valid_frac": 1.0, "parse_frac": 1.0, "err_frac": 0.0, "groups": 8, "groups_with_signal": 4, "kl": 0.19613, "pg": -0.00951, "elapsed_s": 3590.2}
{"step": 78, "sparse": false, "reward_mean": 0.8243, "pass_frac": 0.125, "valid_frac": 1.0, "parse_frac": 1.0, "err_frac": 0.0, "groups": 8, "groups_with_signal": 4, "kl": 0.41488, "pg": 0.00059, "elapsed_s": 3636.4}
{"step": 79, "sparse": false, "reward_mean": 0.7964, "pass_frac": 0.0, "valid_frac": 1.0, "parse_frac": 1.0, "err_frac": 0.0, "groups": 8, "groups_with_signal": 2, "kl": 0.28399, "pg": 0.00995, "elapsed_s": 3679.4}
{"step": 80, "sparse": false, "reward_mean": 0.8543, "pass_frac": 0.1875, "valid_frac": 1.0, "parse_frac": 1.0, "err_frac": 0.0, "groups": 8, "groups_with_signal": 3, "kl": 0.31112, "pg": -0.00289, "elapsed_s": 3729.6}
{"step": 81, "sparse": false, "reward_mean": 0.7776, "pass_frac": 0.0, "valid_frac": 1.0, "parse_frac": 1.0, "err_frac": 0.0, "groups": 8, "groups_with_signal": 3, "kl": 0.11524, "pg": -0.00361, "elapsed_s": 3773.2}
{"step": 82, "sparse": false, "reward_mean": 0.8381, "pass_frac": 0.125, "valid_frac": 1.0, "parse_frac": 1.0, "err_frac": 0.0, "groups": 8, "groups_with_signal": 3, "kl": 0.1023, "pg": -0.00827, "elapsed_s": 3814.2}
{"step": 83, "sparse": false, "reward_mean": 0.8132, "pass_frac": 0.1094, "valid_frac": 1.0, "parse_frac": 1.0, "err_frac": 0.0, "groups": 8, "groups_with_signal": 4, "kl": 0.27539, "pg": 0.01832, "elapsed_s": 3860.4}
{"step": 84, "sparse": false, "reward_mean": 0.7924, "pass_frac": 0.0, "valid_frac": 1.0, "parse_frac": 1.0, "err_frac": 0.0, "groups": 8, "groups_with_signal": 3, "kl": 0.16534, "pg": -0.0014, "elapsed_s": 3912.0}
{"step": 85, "sparse": false, "reward_mean": 0.8089, "pass_frac": 0.0, "valid_frac": 1.0, "parse_frac": 1.0, "err_frac": 0.0, "groups": 8, "groups_with_signal": 7, "kl": 0.26391, "pg": -0.0061, "elapsed_s": 3974.8}
{"step": 86, "sparse": false, "reward_mean": 0.8875, "pass_frac": 0.25, "valid_frac": 1.0, "parse_frac": 1.0, "err_frac": 0.0, "groups": 8, "groups_with_signal": 3, "kl": 0.18903, "pg": 0.00433, "elapsed_s": 4021.5}
{"step": 87, "sparse": false, "reward_mean": 0.8066, "pass_frac": 0.0156, "valid_frac": 1.0, "parse_frac": 1.0, "err_frac": 0.0, "groups": 8, "groups_with_signal": 4, "kl": 0.17246, "pg": 0.01002, "elapsed_s": 4070.5}
{"step": 88, "sparse": false, "reward_mean": 0.792, "pass_frac": 0.0, "valid_frac": 1.0, "parse_frac": 1.0, "err_frac": 0.0, "groups": 8, "groups_with_signal": 5, "kl": 0.2972, "pg": -0.00736, "elapsed_s": 4122.9}
{"step": 89, "sparse": false, "reward_mean": 0.8234, "pass_frac": 0.125, "valid_frac": 1.0, "parse_frac": 1.0, "err_frac": 0.0, "groups": 8, "groups_with_signal": 3, "kl": 0.30589, "pg": 0.00911, "elapsed_s": 4165.5}
{"step": 90, "sparse": false, "reward_mean": 0.8296, "pass_frac": 0.1094, "valid_frac": 1.0, "parse_frac": 1.0, "err_frac": 0.0, "groups": 8, "groups_with_signal": 4, "kl": 1.85592, "pg": -0.02539, "elapsed_s": 4216.7}
{"step": 91, "sparse": false, "reward_mean": 0.8041, "pass_frac": 0.0, "valid_frac": 1.0, "parse_frac": 1.0, "err_frac": 0.0, "groups": 8, "groups_with_signal": 2, "kl": 0.18926, "pg": -0.00965, "elapsed_s": 4256.6}
{"step": 92, "sparse": false, "reward_mean": 0.8093, "pass_frac": 0.0, "valid_frac": 1.0, "parse_frac": 1.0, "err_frac": 0.0, "groups": 8, "groups_with_signal": 4, "kl": 0.19271, "pg": 0.018, "elapsed_s": 4301.0}
{"step": 93, "sparse": false, "reward_mean": 0.7895, "pass_frac": 0.0, "valid_frac": 1.0, "parse_frac": 1.0, "err_frac": 0.0, "groups": 8, "groups_with_signal": 2, "kl": 0.1464, "pg": 0.00218, "elapsed_s": 4340.0}
{"step": 94, "sparse": false, "reward_mean": 0.8095, "pass_frac": 0.0, "valid_frac": 1.0, "parse_frac": 1.0, "err_frac": 0.0, "groups": 8, "groups_with_signal": 4, "kl": 0.36733, "pg": -0.02773, "elapsed_s": 4389.7}
{"step": 95, "sparse": false, "reward_mean": 0.8205, "pass_frac": 0.0, "valid_frac": 1.0, "parse_frac": 1.0, "err_frac": 0.0, "groups": 8, "groups_with_signal": 5, "kl": 0.2377, "pg": -0.00133, "elapsed_s": 4448.0}
{"step": 96, "sparse": false, "reward_mean": 0.8235, "pass_frac": 0.0938, "valid_frac": 1.0, "parse_frac": 1.0, "err_frac": 0.0, "groups": 8, "groups_with_signal": 1, "kl": 0.00297, "pg": -0.01772, "elapsed_s": 4487.1}
{"step": 97, "sparse": false, "reward_mean": 0.8654, "pass_frac": 0.125, "valid_frac": 1.0, "parse_frac": 1.0, "err_frac": 0.0, "groups": 8, "groups_with_signal": 4, "kl": 0.15599, "pg": -0.00204, "elapsed_s": 4538.8}
{"step": 98, "sparse": false, "reward_mean": 0.8399, "pass_frac": 0.0, "valid_frac": 1.0, "parse_frac": 1.0, "err_frac": 0.0, "groups": 8, "groups_with_signal": 6, "kl": 0.14024, "pg": 0.01428, "elapsed_s": 4601.6}
{"step": 99, "sparse": false, "reward_mean": 0.8026, "pass_frac": 0.0, "valid_frac": 1.0, "parse_frac": 1.0, "err_frac": 0.0, "groups": 8, "groups_with_signal": 3, "kl": 0.15147, "pg": 0.01885, "elapsed_s": 4640.4}
{"step": 100, "sparse": false, "reward_mean": 0.9712, "pass_frac": 0.4219, "valid_frac": 1.0, "parse_frac": 1.0, "err_frac": 0.0, "groups": 8, "groups_with_signal": 5, "kl": 0.19067, "pg": -0.01793, "elapsed_s": 4698.3}
{"step": 101, "sparse": false, "reward_mean": 0.8168, "pass_frac": 0.0, "valid_frac": 1.0, "parse_frac": 1.0, "err_frac": 0.0, "groups": 8, "groups_with_signal": 4, "kl": 0.09627, "pg": -0.00294, "elapsed_s": 4747.9}
{"step": 102, "sparse": false, "reward_mean": 0.8064, "pass_frac": 0.0, "valid_frac": 1.0, "parse_frac": 1.0, "err_frac": 0.0, "groups": 8, "groups_with_signal": 3, "kl": 0.24457, "pg": 0.01558, "elapsed_s": 4789.3}
{"step": 103, "sparse": false, "reward_mean": 0.8141, "pass_frac": 0.0, "valid_frac": 1.0, "parse_frac": 1.0, "err_frac": 0.0, "groups": 8, "groups_with_signal": 3, "kl": 0.04747, "pg": -0.01973, "elapsed_s": 4838.1}
{"step": 104, "sparse": false, "reward_mean": 0.8586, "pass_frac": 0.1875, "valid_frac": 1.0, "parse_frac": 1.0, "err_frac": 0.0, "groups": 8, "groups_with_signal": 4, "kl": 0.1762, "pg": 0.01724, "elapsed_s": 4887.8}
{"step": 105, "sparse": false, "reward_mean": 0.8056, "pass_frac": 0.0156, "valid_frac": 1.0, "parse_frac": 1.0, "err_frac": 0.0, "groups": 8, "groups_with_signal": 6, "kl": 0.30314, "pg": -0.00571, "elapsed_s": 4940.6}
{"step": 106, "sparse": false, "reward_mean": 0.8364, "pass_frac": 0.0, "valid_frac": 1.0, "parse_frac": 1.0, "err_frac": 0.0, "groups": 8, "groups_with_signal": 3, "kl": 0.02052, "pg": 0.00214, "elapsed_s": 4981.8}
{"step": 107, "sparse": false, "reward_mean": 0.8375, "pass_frac": 0.0, "valid_frac": 1.0, "parse_frac": 1.0, "err_frac": 0.0, "groups": 8, "groups_with_signal": 1, "kl": 0.51534, "pg": -0.02842, "elapsed_s": 5015.2}
{"step": 108, "sparse": false, "reward_mean": 0.7952, "pass_frac": 0.0, "valid_frac": 1.0, "parse_frac": 1.0, "err_frac": 0.0, "groups": 8, "groups_with_signal": 2, "kl": 0.07171, "pg": -0.0081, "elapsed_s": 5053.8}
{"step": 109, "sparse": false, "reward_mean": 0.835, "pass_frac": 0.125, "valid_frac": 1.0, "parse_frac": 1.0, "err_frac": 0.0, "groups": 8, "groups_with_signal": 2, "kl": 0.17214, "pg": 0.0049, "elapsed_s": 5097.2}
{"step": 110, "sparse": false, "reward_mean": 0.7991, "pass_frac": 0.0, "valid_frac": 1.0, "parse_frac": 1.0, "err_frac": 0.0, "groups": 8, "groups_with_signal": 2, "kl": 0.20987, "pg": -0.00747, "elapsed_s": 5132.6}
{"step": 111, "sparse": false, "reward_mean": 0.8151, "pass_frac": 0.0, "valid_frac": 1.0, "parse_frac": 1.0, "err_frac": 0.0, "groups": 8, "groups_with_signal": 4, "kl": 0.18395, "pg": 0.00476, "elapsed_s": 5178.4}
{"step": 112, "sparse": false, "reward_mean": 0.8288, "pass_frac": 0.0, "valid_frac": 1.0, "parse_frac": 1.0, "err_frac": 0.0, "groups": 8, "groups_with_signal": 3, "kl": 0.36416, "pg": -0.01284, "elapsed_s": 5219.8}
{"step": 113, "sparse": false, "reward_mean": 0.867, "pass_frac": 0.1094, "valid_frac": 1.0, "parse_frac": 1.0, "err_frac": 0.0, "groups": 8, "groups_with_signal": 3, "kl": 0.37229, "pg": -0.0098, "elapsed_s": 5263.9}
{"step": 114, "sparse": false, "reward_mean": 0.805, "pass_frac": 0.0, "valid_frac": 1.0, "parse_frac": 1.0, "err_frac": 0.0, "groups": 8, "groups_with_signal": 2, "kl": 0.35093, "pg": 0.02531, "elapsed_s": 5305.6}
{"step": 115, "sparse": false, "reward_mean": 0.8396, "pass_frac": 0.125, "valid_frac": 1.0, "parse_frac": 1.0, "err_frac": 0.0, "groups": 8, "groups_with_signal": 4, "kl": 0.27239, "pg": -0.02224, "elapsed_s": 5352.5}
{"step": 116, "sparse": false, "reward_mean": 0.8147, "pass_frac": 0.0, "valid_frac": 1.0, "parse_frac": 1.0, "err_frac": 0.0, "groups": 8, "groups_with_signal": 3, "kl": 0.23409, "pg": -0.00342, "elapsed_s": 5393.5}
{"step": 117, "sparse": false, "reward_mean": 0.8571, "pass_frac": 0.0938, "valid_frac": 1.0, "parse_frac": 1.0, "err_frac": 0.0, "groups": 8, "groups_with_signal": 3, "kl": 0.01885, "pg": 0.00738, "elapsed_s": 5433.2}
{"step": 118, "sparse": false, "reward_mean": 0.7952, "pass_frac": 0.0156, "valid_frac": 1.0, "parse_frac": 1.0, "err_frac": 0.0, "groups": 8, "groups_with_signal": 5, "kl": 0.41987, "pg": 0.00688, "elapsed_s": 5490.8}
{"step": 119, "sparse": false, "reward_mean": 0.8452, "pass_frac": 0.1094, "valid_frac": 1.0, "parse_frac": 1.0, "err_frac": 0.0, "groups": 8, "groups_with_signal": 4, "kl": 0.26702, "pg": 0.00458, "elapsed_s": 5544.3}
{"step": 120, "sparse": false, "reward_mean": 0.7934, "pass_frac": 0.0, "valid_frac": 1.0, "parse_frac": 1.0, "err_frac": 0.0, "groups": 8, "groups_with_signal": 2, "kl": 0.37037, "pg": 0.01023, "elapsed_s": 5582.9}
Writing model shards:   0%|          | 0/1 [00:00<?, ?it/s]Writing model shards: 100%|██████████| 1/1 [00:53<00:00, 53.34s/it]Writing model shards: 100%|██████████| 1/1 [00:53<00:00, 53.34s/it]
-> merged /netdisk/ldq/ckpt/m8-bendergrpo-a/merged (5640s)
