Loading weights:   0%|          | 0/399 [00:00<?, ?it/s]Loading weights: 100%|██████████| 399/399 [00:00<00:00, 4029.18it/s]
states: 2762 across {'bender': 2762}
[transformers] `use_cache=True` is incompatible with gradient checkpointing. Setting `use_cache=False`.
/netdisk/ldq/NeutronGym/benchmark/harness/m8_grpo.py:300: UserWarning: Converting a tensor with requires_grad=True to a scalar may lead to unexpected behavior.
Consider using tensor.detach() first. (Triggered internally at /__w/pytorch/pytorch/torch/csrc/autograd/generated/python_variable_methods.cpp:822.)
  kl_sum += float((kl.sum(1) / ntok).sum()); pg_sum += float((pg.sum(1) / ntok).sum())
{"step": 121, "sparse": false, "reward_mean": 0.8291, "pass_frac": 0.0625, "valid_frac": 1.0, "parse_frac": 1.0, "err_frac": 0.0, "groups": 8, "groups_with_signal": 4, "kl": 0.20792, "pg": -0.00321, "elapsed_s": 50.5}
{"step": 122, "sparse": false, "reward_mean": 0.8895, "pass_frac": 0.1562, "valid_frac": 1.0, "parse_frac": 1.0, "err_frac": 0.0, "groups": 8, "groups_with_signal": 4, "kl": 0.23674, "pg": 0.02905, "elapsed_s": 103.0}
{"step": 123, "sparse": false, "reward_mean": 0.8348, "pass_frac": 0.0, "valid_frac": 1.0, "parse_frac": 1.0, "err_frac": 0.0, "groups": 8, "groups_with_signal": 4, "kl": 0.22676, "pg": -0.01415, "elapsed_s": 158.8}
{"step": 124, "sparse": false, "reward_mean": 0.7801, "pass_frac": 0.0, "valid_frac": 1.0, "parse_frac": 1.0, "err_frac": 0.0, "groups": 8, "groups_with_signal": 3, "kl": 0.38861, "pg": 0.00508, "elapsed_s": 208.3}
{"step": 125, "sparse": false, "reward_mean": 0.8143, "pass_frac": 0.0469, "valid_frac": 1.0, "parse_frac": 1.0, "err_frac": 0.0, "groups": 8, "groups_with_signal": 3, "kl": 0.26807, "pg": -0.01351, "elapsed_s": 253.6}
{"step": 126, "sparse": false, "reward_mean": 0.7786, "pass_frac": 0.0156, "valid_frac": 1.0, "parse_frac": 1.0, "err_frac": 0.0, "groups": 8, "groups_with_signal": 5, "kl": 0.47149, "pg": 0.01288, "elapsed_s": 309.5}
{"step": 127, "sparse": false, "reward_mean": 0.8102, "pass_frac": 0.0156, "valid_frac": 1.0, "parse_frac": 1.0, "err_frac": 0.0, "groups": 8, "groups_with_signal": 3, "kl": 0.46189, "pg": 0.00327, "elapsed_s": 358.0}
{"step": 128, "sparse": false, "reward_mean": 0.7745, "pass_frac": 0.0156, "valid_frac": 1.0, "parse_frac": 1.0, "err_frac": 0.0, "groups": 8, "groups_with_signal": 3, "kl": 0.74486, "pg": 0.01428, "elapsed_s": 401.2}
{"step": 129, "sparse": false, "reward_mean": 0.8289, "pass_frac": 0.0469, "valid_frac": 1.0, "parse_frac": 1.0, "err_frac": 0.0, "groups": 8, "groups_with_signal": 4, "kl": 0.29115, "pg": -0.02302, "elapsed_s": 452.1}
{"step": 130, "sparse": false, "reward_mean": 0.7724, "pass_frac": 0.0, "valid_frac": 1.0, "parse_frac": 1.0, "err_frac": 0.0, "groups": 8, "groups_with_signal": 3, "kl": 0.73289, "pg": 0.01653, "elapsed_s": 501.0}
{"step": 131, "sparse": false, "reward_mean": 0.883, "pass_frac": 0.1719, "valid_frac": 1.0, "parse_frac": 1.0, "err_frac": 0.0, "groups": 8, "groups_with_signal": 8, "kl": 0.78433, "pg": -0.00523, "elapsed_s": 570.5}
{"step": 132, "sparse": false, "reward_mean": 0.8223, "pass_frac": 0.125, "valid_frac": 1.0, "parse_frac": 1.0, "err_frac": 0.0, "groups": 8, "groups_with_signal": 1, "kl": 0.69942, "pg": -0.01513, "elapsed_s": 603.9}
{"step": 133, "sparse": false, "reward_mean": 0.7833, "pass_frac": 0.0, "valid_frac": 1.0, "parse_frac": 1.0, "err_frac": 0.0, "groups": 8, "groups_with_signal": 5, "kl": 1.17791, "pg": -0.01682, "elapsed_s": 657.5}
{"step": 134, "sparse": false, "reward_mean": 0.8005, "pass_frac": 0.0, "valid_frac": 1.0, "parse_frac": 1.0, "err_frac": 0.0, "groups": 8, "groups_with_signal": 6, "kl": 0.96482, "pg": 0.01967, "elapsed_s": 714.0}
{"step": 135, "sparse": false, "reward_mean": 0.9013, "pass_frac": 0.2656, "valid_frac": 1.0, "parse_frac": 1.0, "err_frac": 0.0, "groups": 8, "groups_with_signal": 5, "kl": 1.66064, "pg": -0.01556, "elapsed_s": 766.2}
{"step": 136, "sparse": false, "reward_mean": 0.8078, "pass_frac": 0.0156, "valid_frac": 1.0, "parse_frac": 1.0, "err_frac": 0.0, "groups": 8, "groups_with_signal": 5, "kl": 1.15075, "pg": 0.00901, "elapsed_s": 820.9}
{"step": 137, "sparse": false, "reward_mean": 0.8383, "pass_frac": 0.125, "valid_frac": 1.0, "parse_frac": 1.0, "err_frac": 0.0, "groups": 8, "groups_with_signal": 5, "kl": 1.05747, "pg": -0.00225, "elapsed_s": 876.8}
{"step": 138, "sparse": false, "reward_mean": 0.8023, "pass_frac": 0.0469, "valid_frac": 1.0, "parse_frac": 1.0, "err_frac": 0.0, "groups": 8, "groups_with_signal": 5, "kl": 0.95827, "pg": 0.02583, "elapsed_s": 925.3}
{"step": 139, "sparse": false, "reward_mean": 0.7968, "pass_frac": 0.0312, "valid_frac": 1.0, "parse_frac": 1.0, "err_frac": 0.0, "groups": 8, "groups_with_signal": 7, "kl": 1.31151, "pg": 0.01066, "elapsed_s": 988.4}
{"step": 140, "sparse": false, "reward_mean": 0.8523, "pass_frac": 0.0781, "valid_frac": 1.0, "parse_frac": 1.0, "err_frac": 0.0, "groups": 8, "groups_with_signal": 5, "kl": 0.88201, "pg": -0.01669, "elapsed_s": 1038.5}
{"step": 141, "sparse": false, "reward_mean": 0.8329, "pass_frac": 0.0625, "valid_frac": 1.0, "parse_frac": 1.0, "err_frac": 0.0, "groups": 8, "groups_with_signal": 5, "kl": 0.80257, "pg": -0.00946, "elapsed_s": 1088.3}
{"step": 142, "sparse": false, "reward_mean": 0.7912, "pass_frac": 0.0, "valid_frac": 1.0, "parse_frac": 1.0, "err_frac": 0.0, "groups": 8, "groups_with_signal": 5, "kl": 1.15614, "pg": -0.00789, "elapsed_s": 1144.5}
{"step": 143, "sparse": false, "reward_mean": 0.816, "pass_frac": 0.0625, "valid_frac": 1.0, "parse_frac": 1.0, "err_frac": 0.0, "groups": 8, "groups_with_signal": 7, "kl": 0.85385, "pg": 0.0076, "elapsed_s": 1204.1}
{"step": 144, "sparse": false, "reward_mean": 0.7805, "pass_frac": 0.0, "valid_frac": 1.0, "parse_frac": 1.0, "err_frac": 0.0, "groups": 8, "groups_with_signal": 8, "kl": 1.17897, "pg": -0.01212, "elapsed_s": 1271.0}
{"step": 145, "sparse": false, "reward_mean": 0.8047, "pass_frac": 0.0156, "valid_frac": 1.0, "parse_frac": 1.0, "err_frac": 0.0, "groups": 8, "groups_with_signal": 8, "kl": 0.89704, "pg": -0.00086, "elapsed_s": 1338.7}
{"step": 146, "sparse": false, "reward_mean": 0.9262, "pass_frac": 0.2969, "valid_frac": 1.0, "parse_frac": 1.0, "err_frac": 0.0, "groups": 8, "groups_with_signal": 5, "kl": 0.67093, "pg": 0.001, "elapsed_s": 1392.5}
{"step": 147, "sparse": false, "reward_mean": 0.7973, "pass_frac": 0.0, "valid_frac": 1.0, "parse_frac": 1.0, "err_frac": 0.0, "groups": 8, "groups_with_signal": 6, "kl": 1.05249, "pg": -0.00431, "elapsed_s": 1447.6}
{"step": 148, "sparse": false, "reward_mean": 0.8008, "pass_frac": 0.0156, "valid_frac": 1.0, "parse_frac": 1.0, "err_frac": 0.0, "groups": 8, "groups_with_signal": 5, "kl": 0.97909, "pg": 0.00277, "elapsed_s": 1497.2}
{"step": 149, "sparse": false, "reward_mean": 0.8393, "pass_frac": 0.0156, "valid_frac": 1.0, "parse_frac": 1.0, "err_frac": 0.0, "groups": 8, "groups_with_signal": 8, "kl": 0.94238, "pg": -0.0086, "elapsed_s": 1567.9}
{"step": 150, "sparse": false, "reward_mean": 0.8744, "pass_frac": 0.0781, "valid_frac": 1.0, "parse_frac": 1.0, "err_frac": 0.0, "groups": 8, "groups_with_signal": 6, "kl": 0.79337, "pg": -0.00074, "elapsed_s": 1637.8}
{"step": 151, "sparse": false, "reward_mean": 0.8036, "pass_frac": 0.0312, "valid_frac": 1.0, "parse_frac": 1.0, "err_frac": 0.0, "groups": 8, "groups_with_signal": 8, "kl": 0.88869, "pg": -0.022, "elapsed_s": 1698.3}
{"step": 152, "sparse": false, "reward_mean": 0.7978, "pass_frac": 0.0469, "valid_frac": 1.0, "parse_frac": 1.0, "err_frac": 0.0, "groups": 8, "groups_with_signal": 5, "kl": 0.57685, "pg": 0.00731, "elapsed_s": 1742.5}
{"step": 153, "sparse": false, "reward_mean": 0.8289, "pass_frac": 0.0781, "valid_frac": 1.0, "parse_frac": 1.0, "err_frac": 0.0, "groups": 8, "groups_with_signal": 8, "kl": 0.92029, "pg": -0.01209, "elapsed_s": 1812.6}
{"step": 154, "sparse": false, "reward_mean": 0.8448, "pass_frac": 0.125, "valid_frac": 1.0, "parse_frac": 1.0, "err_frac": 0.0, "groups": 8, "groups_with_signal": 4, "kl": 0.54869, "pg": 0.02838, "elapsed_s": 1863.3}
{"step": 155, "sparse": false, "reward_mean": 0.8113, "pass_frac": 0.0, "valid_frac": 1.0, "parse_frac": 1.0, "err_frac": 0.0, "groups": 8, "groups_with_signal": 7, "kl": 0.78188, "pg": -0.00361, "elapsed_s": 1916.8}
{"step": 156, "sparse": false, "reward_mean": 0.8232, "pass_frac": 0.0, "valid_frac": 1.0, "parse_frac": 1.0, "err_frac": 0.0, "groups": 8, "groups_with_signal": 4, "kl": 1.5837, "pg": -0.01179, "elapsed_s": 1968.8}
{"step": 157, "sparse": false, "reward_mean": 0.8225, "pass_frac": 0.0, "valid_frac": 1.0, "parse_frac": 1.0, "err_frac": 0.0, "groups": 8, "groups_with_signal": 5, "kl": 1.01727, "pg": 0.00191, "elapsed_s": 2026.8}
{"step": 158, "sparse": false, "reward_mean": 0.8272, "pass_frac": 0.0469, "valid_frac": 1.0, "parse_frac": 1.0, "err_frac": 0.0, "groups": 8, "groups_with_signal": 5, "kl": 0.73814, "pg": -0.00929, "elapsed_s": 2076.6}
{"step": 159, "sparse": false, "reward_mean": 0.8187, "pass_frac": 0.0469, "valid_frac": 1.0, "parse_frac": 1.0, "err_frac": 0.0, "groups": 8, "groups_with_signal": 6, "kl": 0.84216, "pg": 0.00668, "elapsed_s": 2135.3}
{"step": 160, "sparse": false, "reward_mean": 0.7907, "pass_frac": 0.0, "valid_frac": 1.0, "parse_frac": 1.0, "err_frac": 0.0, "groups": 8, "groups_with_signal": 5, "kl": 0.89806, "pg": -0.01373, "elapsed_s": 2182.9}
{"step": 161, "sparse": false, "reward_mean": 0.8743, "pass_frac": 0.2188, "valid_frac": 1.0, "parse_frac": 1.0, "err_frac": 0.0, "groups": 8, "groups_with_signal": 5, "kl": 0.80039, "pg": -0.02332, "elapsed_s": 2234.5}
{"step": 162, "sparse": false, "reward_mean": 0.8442, "pass_frac": 0.125, "valid_frac": 1.0, "parse_frac": 1.0, "err_frac": 0.0, "groups": 8, "groups_with_signal": 5, "kl": 0.98008, "pg": -0.00131, "elapsed_s": 2288.2}
{"step": 163, "sparse": false, "reward_mean": 0.8587, "pass_frac": 0.1094, "valid_frac": 1.0, "parse_frac": 1.0, "err_frac": 0.0, "groups": 8, "groups_with_signal": 4, "kl": 1.10201, "pg": 0.00263, "elapsed_s": 2333.4}
{"step": 164, "sparse": false, "reward_mean": 0.8645, "pass_frac": 0.1094, "valid_frac": 1.0, "parse_frac": 1.0, "err_frac": 0.0, "groups": 8, "groups_with_signal": 6, "kl": 0.90176, "pg": 0.00061, "elapsed_s": 2396.4}
{"step": 165, "sparse": false, "reward_mean": 0.849, "pass_frac": 0.0781, "valid_frac": 1.0, "parse_frac": 1.0, "err_frac": 0.0, "groups": 8, "groups_with_signal": 6, "kl": 1.03858, "pg": 0.01386, "elapsed_s": 2459.3}
{"step": 166, "sparse": false, "reward_mean": 0.8694, "pass_frac": 0.1094, "valid_frac": 1.0, "parse_frac": 1.0, "err_frac": 0.0, "groups": 8, "groups_with_signal": 6, "kl": 0.61096, "pg": -0.02719, "elapsed_s": 2514.7}
{"step": 167, "sparse": false, "reward_mean": 0.8502, "pass_frac": 0.0156, "valid_frac": 1.0, "parse_frac": 1.0, "err_frac": 0.0, "groups": 8, "groups_with_signal": 8, "kl": 0.5774, "pg": 0.00185, "elapsed_s": 2573.1}
{"step": 168, "sparse": false, "reward_mean": 0.821, "pass_frac": 0.0, "valid_frac": 1.0, "parse_frac": 1.0, "err_frac": 0.0, "groups": 8, "groups_with_signal": 5, "kl": 0.77112, "pg": 0.01308, "elapsed_s": 2620.5}
{"step": 169, "sparse": false, "reward_mean": 0.8631, "pass_frac": 0.1406, "valid_frac": 1.0, "parse_frac": 1.0, "err_frac": 0.0, "groups": 8, "groups_with_signal": 6, "kl": 0.42494, "pg": -0.00914, "elapsed_s": 2674.2}
{"step": 170, "sparse": false, "reward_mean": 0.8405, "pass_frac": 0.0, "valid_frac": 1.0, "parse_frac": 1.0, "err_frac": 0.0, "groups": 8, "groups_with_signal": 3, "kl": 0.56126, "pg": 0.00869, "elapsed_s": 2717.2}
{"step": 171, "sparse": false, "reward_mean": 0.8292, "pass_frac": 0.0156, "valid_frac": 1.0, "parse_frac": 1.0, "err_frac": 0.0, "groups": 8, "groups_with_signal": 5, "kl": 0.4519, "pg": 0.01241, "elapsed_s": 2767.8}
{"step": 172, "sparse": false, "reward_mean": 0.9362, "pass_frac": 0.25, "valid_frac": 1.0, "parse_frac": 1.0, "err_frac": 0.0, "groups": 8, "groups_with_signal": 4, "kl": 0.47072, "pg": 0.00236, "elapsed_s": 2821.4}
{"step": 173, "sparse": false, "reward_mean": 0.8715, "pass_frac": 0.2031, "valid_frac": 1.0, "parse_frac": 1.0, "err_frac": 0.0, "groups": 8, "groups_with_signal": 2, "kl": 0.63698, "pg": 0.01491, "elapsed_s": 2862.8}
{"step": 174, "sparse": false, "reward_mean": 0.7821, "pass_frac": 0.0, "valid_frac": 1.0, "parse_frac": 1.0, "err_frac": 0.0, "groups": 8, "groups_with_signal": 3, "kl": 0.15169, "pg": 0.00911, "elapsed_s": 2898.6}
{"step": 175, "sparse": false, "reward_mean": 0.8724, "pass_frac": 0.2344, "valid_frac": 1.0, "parse_frac": 1.0, "err_frac": 0.0, "groups": 8, "groups_with_signal": 1, "kl": 0.93307, "pg": 0.02004, "elapsed_s": 2936.1}
{"step": 176, "sparse": false, "reward_mean": 0.8568, "pass_frac": 0.1719, "valid_frac": 1.0, "parse_frac": 1.0, "err_frac": 0.0, "groups": 8, "groups_with_signal": 2, "kl": 0.85613, "pg": -0.00415, "elapsed_s": 2974.2}
{"step": 177, "sparse": false, "reward_mean": 0.8263, "pass_frac": 0.0, "valid_frac": 1.0, "parse_frac": 1.0, "err_frac": 0.0, "groups": 8, "groups_with_signal": 5, "kl": 0.8746, "pg": 0.02172, "elapsed_s": 3024.8}
{"step": 178, "sparse": false, "reward_mean": 0.8159, "pass_frac": 0.0, "valid_frac": 1.0, "parse_frac": 1.0, "err_frac": 0.0, "groups": 8, "groups_with_signal": 1, "kl": 1.56387, "pg": -0.01563, "elapsed_s": 3063.0}
{"step": 179, "sparse": false, "reward_mean": 0.856, "pass_frac": 0.0312, "valid_frac": 1.0, "parse_frac": 1.0, "err_frac": 0.0, "groups": 8, "groups_with_signal": 3, "kl": 7.40711, "pg": -0.03972, "elapsed_s": 3108.6}
{"step": 180, "sparse": false, "reward_mean": 0.9051, "pass_frac": 0.2344, "valid_frac": 1.0, "parse_frac": 1.0, "err_frac": 0.0, "groups": 8, "groups_with_signal": 4, "kl": 0.94811, "pg": 0.01109, "elapsed_s": 3160.6}
{"step": 181, "sparse": false, "reward_mean": 0.9758, "pass_frac": 0.3906, "valid_frac": 1.0, "parse_frac": 1.0, "err_frac": 0.0, "groups": 8, "groups_with_signal": 7, "kl": 1.13587, "pg": 0.00149, "elapsed_s": 3221.0}
{"step": 182, "sparse": false, "reward_mean": 1.0087, "pass_frac": 0.4219, "valid_frac": 1.0, "parse_frac": 1.0, "err_frac": 0.0, "groups": 8, "groups_with_signal": 2, "kl": 0.97001, "pg": 0.01479, "elapsed_s": 3259.6}
{"step": 183, "sparse": false, "reward_mean": 0.8416, "pass_frac": 0.125, "valid_frac": 1.0, "parse_frac": 1.0, "err_frac": 0.0, "groups": 8, "groups_with_signal": 1, "kl": 1.47605, "pg": 0.03383, "elapsed_s": 3296.3}
{"step": 184, "sparse": false, "reward_mean": 0.8958, "pass_frac": 0.125, "valid_frac": 1.0, "parse_frac": 1.0, "err_frac": 0.0, "groups": 8, "groups_with_signal": 1, "kl": 1.64257, "pg": -0.04392, "elapsed_s": 3331.3}
{"step": 185, "sparse": false, "reward_mean": 0.8314, "pass_frac": 0.1094, "valid_frac": 1.0, "parse_frac": 1.0, "err_frac": 0.0, "groups": 8, "groups_with_signal": 6, "kl": 0.89492, "pg": 0.02107, "elapsed_s": 3380.6}
{"step": 186, "sparse": false, "reward_mean": 0.9095, "pass_frac": 0.2812, "valid_frac": 1.0, "parse_frac": 1.0, "err_frac": 0.0, "groups": 8, "groups_with_signal": 5, "kl": 0.99168, "pg": -0.01464, "elapsed_s": 3432.4}
{"step": 187, "sparse": false, "reward_mean": 0.8597, "pass_frac": 0.125, "valid_frac": 1.0, "parse_frac": 1.0, "err_frac": 0.0, "groups": 8, "groups_with_signal": 1, "kl": 0.30837, "pg": -0.04897, "elapsed_s": 3465.8}
{"step": 188, "sparse": false, "reward_mean": 0.8655, "pass_frac": 0.125, "valid_frac": 1.0, "parse_frac": 1.0, "err_frac": 0.0, "groups": 8, "groups_with_signal": 2, "kl": 1.37436, "pg": -0.00471, "elapsed_s": 3510.1}
{"step": 189, "sparse": false, "reward_mean": 0.8315, "pass_frac": 0.125, "valid_frac": 1.0, "parse_frac": 1.0, "err_frac": 0.0, "groups": 8, "groups_with_signal": 2, "kl": 0.95921, "pg": -0.0268, "elapsed_s": 3546.7}
{"step": 190, "sparse": false, "reward_mean": 0.966, "pass_frac": 0.375, "valid_frac": 1.0, "parse_frac": 1.0, "err_frac": 0.0, "groups": 8, "groups_with_signal": 0, "elapsed_s": 3578.5}
{"step": 191, "sparse": false, "reward_mean": 0.8202, "pass_frac": 0.0, "valid_frac": 1.0, "parse_frac": 1.0, "err_frac": 0.0, "groups": 8, "groups_with_signal": 1, "kl": 1.46202, "pg": 0.00787, "elapsed_s": 3614.5}
{"step": 192, "sparse": false, "reward_mean": 0.8385, "pass_frac": 0.0, "valid_frac": 1.0, "parse_frac": 1.0, "err_frac": 0.0, "groups": 8, "groups_with_signal": 2, "kl": 1.04261, "pg": -0.00946, "elapsed_s": 3653.2}
{"step": 193, "sparse": false, "reward_mean": 0.7818, "pass_frac": 0.0, "valid_frac": 1.0, "parse_frac": 1.0, "err_frac": 0.0, "groups": 8, "groups_with_signal": 2, "kl": 0.6219, "pg": 0.01303, "elapsed_s": 3697.9}
{"step": 194, "sparse": false, "reward_mean": 0.8208, "pass_frac": 0.0, "valid_frac": 1.0, "parse_frac": 1.0, "err_frac": 0.0, "groups": 8, "groups_with_signal": 2, "kl": 1.30867, "pg": -0.00155, "elapsed_s": 3734.4}
{"step": 195, "sparse": false, "reward_mean": 0.7959, "pass_frac": 0.0, "valid_frac": 1.0, "parse_frac": 1.0, "err_frac": 0.0, "groups": 8, "groups_with_signal": 1, "kl": 0.57382, "pg": -0.00337, "elapsed_s": 3767.2}
{"step": 196, "sparse": false, "reward_mean": 0.841, "pass_frac": 0.1719, "valid_frac": 1.0, "parse_frac": 1.0, "err_frac": 0.0, "groups": 8, "groups_with_signal": 2, "kl": 1.145, "pg": -0.01825, "elapsed_s": 3803.1}
{"step": 197, "sparse": false, "reward_mean": 0.9174, "pass_frac": 0.25, "valid_frac": 1.0, "parse_frac": 1.0, "err_frac": 0.0, "groups": 8, "groups_with_signal": 2, "kl": 1.18842, "pg": 0.03532, "elapsed_s": 3839.8}
{"step": 198, "sparse": false, "reward_mean": 0.7975, "pass_frac": 0.0, "valid_frac": 1.0, "parse_frac": 1.0, "err_frac": 0.0, "groups": 8, "groups_with_signal": 0, "elapsed_s": 3870.5}
{"step": 199, "sparse": false, "reward_mean": 0.7933, "pass_frac": 0.0, "valid_frac": 1.0, "parse_frac": 1.0, "err_frac": 0.0, "groups": 8, "groups_with_signal": 1, "kl": 1.10251, "pg": -0.02328, "elapsed_s": 3908.9}
{"step": 200, "sparse": false, "reward_mean": 0.7514, "pass_frac": 0.125, "valid_frac": 0.875, "parse_frac": 1.0, "err_frac": 0.0, "groups": 8, "groups_with_signal": 2, "kl": 1.45421, "pg": 0.01413, "elapsed_s": 3946.5}
{"step": 201, "sparse": false, "reward_mean": 0.8404, "pass_frac": 0.125, "valid_frac": 1.0, "parse_frac": 1.0, "err_frac": 0.0, "groups": 8, "groups_with_signal": 1, "kl": 1.38956, "pg": 0.06599, "elapsed_s": 3983.7}
{"step": 202, "sparse": false, "reward_mean": 0.7944, "pass_frac": 0.0, "valid_frac": 1.0, "parse_frac": 1.0, "err_frac": 0.0, "groups": 8, "groups_with_signal": 1, "kl": 1.6829, "pg": 0.01015, "elapsed_s": 4019.6}
{"step": 203, "sparse": false, "reward_mean": 0.7883, "pass_frac": 0.0, "valid_frac": 1.0, "parse_frac": 1.0, "err_frac": 0.0, "groups": 8, "groups_with_signal": 2, "kl": 1.34181, "pg": -0.03025, "elapsed_s": 4061.9}
{"step": 204, "sparse": false, "reward_mean": 0.8104, "pass_frac": 0.0, "valid_frac": 1.0, "parse_frac": 1.0, "err_frac": 0.0, "groups": 8, "groups_with_signal": 4, "kl": 1.17911, "pg": -0.02209, "elapsed_s": 4118.1}
{"step": 205, "sparse": false, "reward_mean": 0.816, "pass_frac": 0.0, "valid_frac": 1.0, "parse_frac": 1.0, "err_frac": 0.0, "groups": 8, "groups_with_signal": 1, "kl": 1.98484, "pg": -0.02066, "elapsed_s": 4156.0}
{"step": 206, "sparse": false, "reward_mean": 0.8771, "pass_frac": 0.2344, "valid_frac": 1.0, "parse_frac": 1.0, "err_frac": 0.0, "groups": 8, "groups_with_signal": 3, "kl": 1.19105, "pg": -0.01578, "elapsed_s": 4199.1}
{"step": 207, "sparse": false, "reward_mean": 0.8187, "pass_frac": 0.0, "valid_frac": 1.0, "parse_frac": 1.0, "err_frac": 0.0, "groups": 8, "groups_with_signal": 1, "kl": 1.21952, "pg": -0.02334, "elapsed_s": 4236.7}
{"step": 208, "sparse": false, "reward_mean": 0.8077, "pass_frac": 0.0, "valid_frac": 1.0, "parse_frac": 1.0, "err_frac": 0.0, "groups": 8, "groups_with_signal": 2, "kl": 1.14645, "pg": 0.00875, "elapsed_s": 4276.9}
{"step": 209, "sparse": false, "reward_mean": 0.8311, "pass_frac": 0.125, "valid_frac": 1.0, "parse_frac": 1.0, "err_frac": 0.0, "groups": 8, "groups_with_signal": 0, "elapsed_s": 4307.2}
{"step": 210, "sparse": false, "reward_mean": 0.8002, "pass_frac": 0.0, "valid_frac": 1.0, "parse_frac": 1.0, "err_frac": 0.0, "groups": 8, "groups_with_signal": 0, "elapsed_s": 4337.4}
{"step": 211, "sparse": false, "reward_mean": 0.8542, "pass_frac": 0.1406, "valid_frac": 1.0, "parse_frac": 1.0, "err_frac": 0.0, "groups": 8, "groups_with_signal": 1, "kl": 1.56187, "pg": 0.01551, "elapsed_s": 4375.2}
{"step": 212, "sparse": false, "reward_mean": 0.8538, "pass_frac": 0.125, "valid_frac": 1.0, "parse_frac": 1.0, "err_frac": 0.0, "groups": 8, "groups_with_signal": 0, "elapsed_s": 4407.0}
{"step": 213, "sparse": false, "reward_mean": 0.8065, "pass_frac": 0.0, "valid_frac": 1.0, "parse_frac": 1.0, "err_frac": 0.0, "groups": 8, "groups_with_signal": 1, "kl": 0.23416, "pg": 0.01147, "elapsed_s": 4440.9}
{"step": 214, "sparse": false, "reward_mean": 0.8766, "pass_frac": 0.2031, "valid_frac": 1.0, "parse_frac": 1.0, "err_frac": 0.0, "groups": 8, "groups_with_signal": 3, "kl": 0.30429, "pg": -0.00984, "elapsed_s": 4477.8}
{"step": 215, "sparse": false, "reward_mean": 0.8134, "pass_frac": 0.0, "valid_frac": 1.0, "parse_frac": 1.0, "err_frac": 0.0, "groups": 8, "groups_with_signal": 3, "kl": 1.03286, "pg": -0.01024, "elapsed_s": 4518.7}
{"step": 216, "sparse": false, "reward_mean": 0.8333, "pass_frac": 0.0, "valid_frac": 1.0, "parse_frac": 1.0, "err_frac": 0.0, "groups": 8, "groups_with_signal": 0, "elapsed_s": 4550.7}
{"step": 217, "sparse": false, "reward_mean": 0.8147, "pass_frac": 0.0, "valid_frac": 1.0, "parse_frac": 1.0, "err_frac": 0.0, "groups": 8, "groups_with_signal": 2, "kl": 1.25294, "pg": -0.01033, "elapsed_s": 4590.7}
{"step": 218, "sparse": false, "reward_mean": 0.8859, "pass_frac": 0.1406, "valid_frac": 1.0, "parse_frac": 1.0, "err_frac": 0.0, "groups": 8, "groups_with_signal": 1, "kl": 1.52583, "pg": 0.05506, "elapsed_s": 4623.0}
{"step": 219, "sparse": false, "reward_mean": 0.7985, "pass_frac": 0.0, "valid_frac": 1.0, "parse_frac": 1.0, "err_frac": 0.0, "groups": 8, "groups_with_signal": 2, "kl": 0.85027, "pg": 0.02326, "elapsed_s": 4662.5}
{"step": 220, "sparse": false, "reward_mean": 0.8101, "pass_frac": 0.0, "valid_frac": 1.0, "parse_frac": 1.0, "err_frac": 0.0, "groups": 8, "groups_with_signal": 2, "kl": 1.32008, "pg": -0.01809, "elapsed_s": 4703.0}
Writing model shards:   0%|          | 0/1 [00:00<?, ?it/s]Writing model shards: 100%|██████████| 1/1 [00:46<00:00, 46.85s/it]Writing model shards: 100%|██████████| 1/1 [00:46<00:00, 46.85s/it]
-> merged /netdisk/ldq/ckpt/m8-bendergrpo-b/merged (4753s)
