INFO: Using directory: "/Users/ldq/Work/McStasBench/benchmark/refcache/T1_ILL_H512_D22_work/ref_20260724_152941_94648_13"
INFO: Regenerating c-file: ILL_H512_D22.c
CFLAGS= @NCRYSTALFLAGS@
                  
WARNING:
 The parameter format of HCS_Al is initialized 
 using a static {,,,} vector.
  -> Such static vectors support literal numbers ONLY.
  -> Any vector use of variables or defines must happen via a 
     DECLARE/INITIALIZE pointer.


WARNING:
 The parameter powder_format of H51_D22_Sample is initialized 
 using a static {,,,} vector.
  -> Such static vectors support literal numbers ONLY.
  -> Any vector use of variables or defines must happen via a 
     DECLARE/INITIALIZE pointer.


-----------------------------------------------------------

Generating single GPU kernel or single CPU section layout: 
-> SPLIT N at component H51_D22_Sample

-----------------------------------------------------------

Generating GPU/CPU -DFUNNEL layout:
-> SPLIT within buffer at component H51_D22_Sample

-----------------------------------------------------------
INFO: Recompiling: ./ILL_H512_D22.out
ld: warning: directory not found for option '-L/opt/homebrew/Cellar/fftw/3.3.10_1/lib'
ld: warning: duplicate -rpath '/opt/homebrew/Caskroom/miniconda/base/envs/mcstas/lib' ignored
ld: warning: duplicate -rpath '/opt/homebrew/Caskroom/miniconda/base/envs/mcstas/lib' ignored
INFO: ===
ILL_H512_D22: D22:  nu=28307.4 [rpm] lambda=4.5 [Angs] sample=H2O_liq.qSq
[ILL_H512_D22] Initialize
Source_gen: component HCS (square 0.1 x 0.1)
            focusing distance dist=2.155 area=0.123 x 0.12
            spectra 4.050 to 4.950 AA (3.339 to 4.988 meV)
            T1=40.1 K (4.865 AA), T2=145.8 K (2.552 AA), T3=413.5 K (1.515 AA)
  Flux is dPhi/dlambda in [n/s/cm2].
Opening input file '/opt/homebrew/Caskroom/miniconda/base/envs/mcstas/share/mcstas/resources/data/Al.laz' (Table_Read_Offset)
Table from file 'Al.laz' (block 1) is 26 x 18 (x=1:8), constant step. interpolation: linear
  '# TITLE *Aluminum-Al-[FM3-M] Miller, H.P.jr.;DuMond, J.W.M.[1942] at 298 K; ...'
PowderN: HCS_Al: Reading 26 rows from Al.laz
PowderN: HCS_Al: Read 26 reflections from file 'Al.laz'
PowderN: HCS_Al: Vc=66.4 [Angs] sigma_abs=0.924 [barn] sigma_inc=0.0328 [barn] reflections=Al.laz
Opening input file '/opt/homebrew/Caskroom/miniconda/base/envs/mcstas/share/mcstas/resources/data/Al.laz' (Table_Read_Offset)
Table from file 'Al.laz' (block 1) is 26 x 18 (x=1:8), constant step. interpolation: linear
  '# TITLE *Aluminum-Al-[FM3-M] Miller, H.P.jr.;DuMond, J.W.M.[1942] at 298 K; ...'
PowderN: HCS_Al_4: Reading 26 rows from Al.laz
PowderN: HCS_Al_4: Read 26 reflections from file 'Al.laz'
PowderN: HCS_Al_4: Vc=66.4 [Angs] sigma_abs=0.924 [barn] sigma_inc=0.0328 [barn] reflections=Al.laz
Opening input file '/opt/homebrew/Caskroom/miniconda/base/envs/mcstas/share/mcstas/resources/data/Al.laz' (Table_Read_Offset)
Table from file 'Al.laz' (block 1) is 26 x 18 (x=1:8), constant step. interpolation: linear
  '# TITLE *Aluminum-Al-[FM3-M] Miller, H.P.jr.;DuMond, J.W.M.[1942] at 298 K; ...'
PowderN: HCS_Al_5: Reading 26 rows from Al.laz
PowderN: HCS_Al_5: Read 26 reflections from file 'Al.laz'
PowderN: HCS_Al_5: Vc=66.4 [Angs] sigma_abs=0.924 [barn] sigma_inc=0.0328 [barn] reflections=Al.laz
Opening input file '/opt/homebrew/Caskroom/miniconda/base/envs/mcstas/share/mcstas/resources/data/Al.laz' (Table_Read_Offset)
Table from file 'Al.laz' (block 1) is 26 x 18 (x=1:8), constant step. interpolation: linear
  '# TITLE *Aluminum-Al-[FM3-M] Miller, H.P.jr.;DuMond, J.W.M.[1942] at 298 K; ...'
PowderN: HCS_Al_6: Reading 26 rows from Al.laz
PowderN: HCS_Al_6: Read 26 reflections from file 'Al.laz'
PowderN: HCS_Al_6: Vc=66.4 [Angs] sigma_abs=0.924 [barn] sigma_inc=0.0328 [barn] reflections=Al.laz
Opening input file '/opt/homebrew/Caskroom/miniconda/base/envs/mcstas/share/mcstas/resources/data/Al.laz' (Table_Read_Offset)
Table from file 'Al.laz' (block 1) is 26 x 18 (x=1:8), constant step. interpolation: linear
  '# TITLE *Aluminum-Al-[FM3-M] Miller, H.P.jr.;DuMond, J.W.M.[1942] at 298 K; ...'
PowderN: HCS_Al_7: Reading 26 rows from Al.laz
PowderN: HCS_Al_7: Read 26 reflections from file 'Al.laz'
PowderN: HCS_Al_7: Vc=66.4 [Angs] sigma_abs=0.924 [barn] sigma_inc=0.0328 [barn] reflections=Al.laz
Opening input file '/opt/homebrew/Caskroom/miniconda/base/envs/mcstas/share/mcstas/resources/data/Al.laz' (Table_Read_Offset)
Table from file 'Al.laz' (block 1) is 26 x 18 (x=1:8), constant step. interpolation: linear
  '# TITLE *Aluminum-Al-[FM3-M] Miller, H.P.jr.;DuMond, J.W.M.[1942] at 298 K; ...'
PowderN: HCS_Al_15: Reading 26 rows from Al.laz
PowderN: HCS_Al_15: Read 26 reflections from file 'Al.laz'
PowderN: HCS_Al_15: Vc=66.4 [Angs] sigma_abs=0.924 [barn] sigma_inc=0.0328 [barn] reflections=Al.laz
Opening input file '/opt/homebrew/Caskroom/miniconda/base/envs/mcstas/share/mcstas/resources/data/Al.laz' (Table_Read_Offset)
Table from file 'Al.laz' (block 1) is 26 x 18 (x=1:8), constant step. interpolation: linear
  '# TITLE *Aluminum-Al-[FM3-M] Miller, H.P.jr.;DuMond, J.W.M.[1942] at 298 K; ...'
PowderN: HCS_Al_17: Reading 26 rows from Al.laz
PowderN: HCS_Al_17: Read 26 reflections from file 'Al.laz'
PowderN: HCS_Al_17: Vc=66.4 [Angs] sigma_abs=0.924 [barn] sigma_inc=0.0328 [barn] reflections=Al.laz
Opening input file '/opt/homebrew/Caskroom/miniconda/base/envs/mcstas/share/mcstas/resources/data/Al.laz' (Table_Read_Offset)
Table from file 'Al.laz' (block 1) is 26 x 18 (x=1:8), constant step. interpolation: linear
  '# TITLE *Aluminum-Al-[FM3-M] Miller, H.P.jr.;DuMond, J.W.M.[1942] at 298 K; ...'
PowderN: HCS_Al_H51: Reading 26 rows from Al.laz
PowderN: HCS_Al_H51: Read 26 reflections from file 'Al.laz'
PowderN: HCS_Al_H51: Vc=66.4 [Angs] sigma_abs=0.924 [barn] sigma_inc=0.0328 [barn] reflections=Al.laz
Opening input file '/opt/homebrew/Caskroom/miniconda/base/envs/mcstas/share/mcstas/resources/data/Al.laz' (Table_Read_Offset)
Table from file 'Al.laz' (block 1) is 26 x 18 (x=1:8), constant step. interpolation: linear
  '# TITLE *Aluminum-Al-[FM3-M] Miller, H.P.jr.;DuMond, J.W.M.[1942] at 298 K; ...'
PowderN: HCS_Al_H512: Reading 26 rows from Al.laz
PowderN: HCS_Al_H512: Read 26 reflections from file 'Al.laz'
PowderN: HCS_Al_H512: Vc=66.4 [Angs] sigma_abs=0.924 [barn] sigma_inc=0.0328 [barn] reflections=Al.laz
Opening input file '/opt/homebrew/Caskroom/miniconda/base/envs/mcstas/share/mcstas/resources/data/Al.laz' (Table_Read_Offset)
Table from file 'Al.laz' (block 1) is 26 x 18 (x=1:8), constant step. interpolation: linear
  '# TITLE *Aluminum-Al-[FM3-M] Miller, H.P.jr.;DuMond, J.W.M.[1942] at 298 K; ...'
PowderN: HCS_Al_45: Reading 26 rows from Al.laz
PowderN: HCS_Al_45: Read 26 reflections from file 'Al.laz'
PowderN: HCS_Al_45: Vc=66.4 [Angs] sigma_abs=0.924 [barn] sigma_inc=0.0328 [barn] reflections=Al.laz
Opening input file '/opt/homebrew/Caskroom/miniconda/base/envs/mcstas/share/mcstas/resources/data/Al.laz' (Table_Read_Offset)
Table from file 'Al.laz' (block 1) is 26 x 18 (x=1:8), constant step. interpolation: linear
  '# TITLE *Aluminum-Al-[FM3-M] Miller, H.P.jr.;DuMond, J.W.M.[1942] at 298 K; ...'
PowderN: HCS_Al_50: Reading 26 rows from Al.laz
PowderN: HCS_Al_50: Read 26 reflections from file 'Al.laz'
PowderN: HCS_Al_50: Vc=66.4 [Angs] sigma_abs=0.924 [barn] sigma_inc=0.0328 [barn] reflections=Al.laz
Opening input file '/opt/homebrew/Caskroom/miniconda/base/envs/mcstas/share/mcstas/resources/data/Al.laz' (Table_Read_Offset)
Table from file 'Al.laz' (block 1) is 26 x 18 (x=1:8), constant step. interpolation: linear
  '# TITLE *Aluminum-Al-[FM3-M] Miller, H.P.jr.;DuMond, J.W.M.[1942] at 298 K; ...'
PowderN: HCS_Al_52: Reading 26 rows from Al.laz
PowderN: HCS_Al_52: Read 26 reflections from file 'Al.laz'
PowderN: HCS_Al_52: Vc=66.4 [Angs] sigma_abs=0.924 [barn] sigma_inc=0.0328 [barn] reflections=Al.laz
Isotropic_Sqw: H51_D22_Sample: is a cylinder: radius=0.005000 thickness=0.000000 height=0.050000 [J Comp Phys 228 (2009) 5251]
Opening input file '/opt/homebrew/Caskroom/miniconda/base/envs/mcstas/share/mcstas/resources/data/H2O_liq.qSq' (Table_Read_Offset)
Opening input file '/opt/homebrew/Caskroom/miniconda/base/envs/mcstas/share/mcstas/resources/data/H2O_liq.qSq' (Table_Read_Offset)
Isotropic_Sqw: H51_D22_Sample: Computing scattering unit density V_rho=0.0332279 [AA^-3] from density=0.994 [g/cm^3] weight=18.015 [g/mol].
Isotropic_sqw: Converting 150 S(q) from H2O_liq.qSq into S(q,w) data
Isotropic_sqw: q range [0:14.8], creating 150 elements vector
Isotropic_Sqw: H51_D22_Sample: Temperature set to T=293 [K]
Isotropic_Sqw: H51_D22_Sample: Applying exp(hw/2kT) factor with T=293 [K] on H2O_liq.qSq file (classical/symmetric) using 'Frommhold' quantum correction
Isotropic_Sqw: H51_D22_Sample: Generated H2O_liq.qSq coherent Sqw
                   q=[0:14.8 Angs-1] w=[0:0 meV] |S|=1.49025 size=[152x1] sigma=7.751 [barns]
               Mainly elastic scattering.
Isotropic_Sqw: H51_D22_Sample: Using Isotropic elastic incoherent scattering (sigma=160.521 [barns])
Isotropic_Sqw: H51_D22_Sample: Focusing can only apply for single
               scattering. Setting to order=1.
*** TRACE end *** 

Save [ILL_H512_D22]
Detector: H5_I=6.10293e+12 H5_ERR=7.08433e+09 H5_N=767135 "H5_1784924989.x_y"
Detector: H51_origin_I=1.00405e+12 H51_origin_ERR=2.87473e+09 H51_origin_N=125821 "H51_origin_1784924989.hd_vd"
Detector: H51_Obt_Out_I=1.15928e+11 H51_Obt_Out_ERR=9.57566e+08 H51_Obt_Out_N=54792 "H51_Obt_Out_1784924989.x_y"
Detector: H51_S2_Out_I=9.00043e+10 H51_S2_Out_ERR=8.86001e+08 H51_S2_Out_N=46570 "H51_S2_Out_1784924989.x_y"
Detector: H51_split_2_I=4.17979e+10 H51_split_2_ERR=6.04362e+08 H51_split_2_N=21270 "H51_split_2_1784924989.x_y"
Detector: H51_split_1_I=4.14782e+10 H51_split_1_ERR=6.02956e+08 H51_split_1_N=21456 "H51_split_1_1784924989.x_y"
Detector: H512_VTE_I=3.01038e+10 H512_VTE_ERR=5.24883e+08 H512_VTE_N=19470 "H512_VTE_1784924989.x_y"
Detector: D22_PreV_I=2.47444e+10 D22_PreV_ERR=5.08471e+08 D22_PreV_N=13907 "D22_PreV_1784924989.x_y"
Detector: H51_D22_Sample_Div_I=2.29634e+09 H51_D22_Sample_Div_ERR=1.27417e+08 H51_D22_Sample_Div_N=1167 "H51_D22_Sample_Div_1784924989.hd_vd"
Detector: H51_D22_Sample_XY_I=2.29634e+09 H51_D22_Sample_XY_ERR=1.27417e+08 H51_D22_Sample_XY_N=1167 "H51_D22_Sample_XY_1784924989.x_y"
Detector: H51_D22_Sample_L_I=2.29634e+09 H51_D22_Sample_L_ERR=1.27417e+08 H51_D22_Sample_L_N=1167 "H51_D22_Sample_L_1784924989.L"
Detector: D22_Detector_I=1.98378e+07 D22_Detector_ERR=1.86788e+06 D22_Detector_N=417 "D22_Detector_1784924989.x_y"

Finally [ILL_H512_D22: /Users/ldq/Work/McStasBench/benchmark/refcache/T1_ILL_H512_D22_work/ref_20260724_152941_94648_13]. Time: 2 [s] 
Isotropic_Sqw: H51_D22_Sample: 11 neutron events (out of 5495) that should have
               scattered were transmitted because scattering conditions
WARNING        could not be satisfied after 100 tries.
Isotropic_Sqw: H51_D22_Sample: Scattering fraction=0.975316 of incoming intensity
               Absorption fraction           =0.00981094
               Single   scattering intensity =2.44098e+08 (coh=1.06413e+07 inc=2.33457e+08)
               Multiple scattering intensity =0
INFO: Placing instr file copy /opt/homebrew/Caskroom/miniconda/base/envs/mcstas/share/mcstas/resources/examples/ILL/ILL_H512_D22/ILL_H512_D22.instr in dataset /Users/ldq/Work/McStasBench/benchmark/refcache/T1_ILL_H512_D22_work/ref_20260724_152941_94648_13
