INFO: Using directory: "/Users/ldq/Work/McStasBench/benchmark/refcache/T1_templateTOF_work/ref_20260724_153348_94648_27"
INFO: Regenerating c-file: templateTOF.c

-----------------------------------------------------------
WARNING: Existing (COPY) EXTEND block in COMPONENT Container_out:
  EXTEND %{
    if (SCATTERED) flag_container=1;
  %}

is overwritten by:
  EXTEND %{
    if (SCATTERED) flag_container=1;
  %}
-----------------------------------------------------------

-----------------------------------------------------------
WARNING: Existing (COPY) EXTEND block in COMPONENT Environment_out:
  EXTEND %{
    if (SCATTERED) flag_env=1;
  %}

is overwritten by:
  EXTEND %{
    if (SCATTERED) flag_env=1;
  %}
-----------------------------------------------------------
CFLAGS=
          
WARNING:
   --> USERVAR flag_single is of type char  and may need specific
   --> per-particle initialisation through an
   --> EXTEND block!

WARNING:
   --> USERVAR flag_multi is of type char  and may need specific
   --> per-particle initialisation through an
   --> EXTEND block!

WARNING:
   --> USERVAR flag_env is of type char  and may need specific
   --> per-particle initialisation through an
   --> EXTEND block!

WARNING:
   --> USERVAR flag_container is of type char  and may need specific
   --> per-particle initialisation through an
   --> EXTEND block!

WARNING:
 The parameter powder_format of Environment_in is initialized 
 using a static {,,,} vector.
  -> Such static vectors support literal numbers ONLY.
  -> Any vector use of variables or defines must happen via a 
     DECLARE/INITIALIZE pointer.


-----------------------------------------------------------

Generating single GPU kernel or single CPU section layout: 

-----------------------------------------------------------

Generating GPU/CPU -DFUNNEL layout:

-----------------------------------------------------------
INFO: Recompiling: ./templateTOF.out
./templateTOF.c:15670:6: warning: address of array 'op' will always evaluate to 'true' [-Wpointer-bool-conversion]
 15670 |   if(op && strlen(op))
       |      ^~ ~~
./templateTOF.c:15671:47: warning: address of array 'op' will always evaluate to 'true' [-Wpointer-bool-conversion]
 15671 |     stracpy(_M_total_var._parameters.options, op ? op : "", 16384);
       |                                               ^~ ~
./templateTOF.c:15868:6: warning: address of array 'op' will always evaluate to 'true' [-Wpointer-bool-conversion]
 15868 |   if(op && strlen(op))
       |      ^~ ~~
./templateTOF.c:15869:52: warning: address of array 'op' will always evaluate to 'true' [-Wpointer-bool-conversion]
 15869 |     stracpy(_M_single_coh_var._parameters.options, op ? op : "", 16384);
       |                                                    ^~ ~
./templateTOF.c:16066:6: warning: address of array 'op' will always evaluate to 'true' [-Wpointer-bool-conversion]
 16066 |   if(op && strlen(op))
       |      ^~ ~~
./templateTOF.c:16067:52: warning: address of array 'op' will always evaluate to 'true' [-Wpointer-bool-conversion]
 16067 |     stracpy(_M_single_inc_var._parameters.options, op ? op : "", 16384);
       |                                                    ^~ ~
./templateTOF.c:16264:6: warning: address of array 'op' will always evaluate to 'true' [-Wpointer-bool-conversion]
 16264 |   if(op && strlen(op))
       |      ^~ ~~
./templateTOF.c:16265:47: warning: address of array 'op' will always evaluate to 'true' [-Wpointer-bool-conversion]
 16265 |     stracpy(_M_multi_var._parameters.options, op ? op : "", 16384);
       |                                               ^~ ~
./templateTOF.c:16462:6: warning: address of array 'op' will always evaluate to 'true' [-Wpointer-bool-conversion]
 16462 |   if(op && strlen(op))
       |      ^~ ~~
./templateTOF.c:16463:55: warning: address of array 'op' will always evaluate to 'true' [-Wpointer-bool-conversion]
 16463 |     stracpy(_M_env_container_var._parameters.options, op ? op : "", 16384);
       |                                                       ^~ ~
./templateTOF.c:19213:26: warning: equality comparison with extraneous parentheses [-Wparentheses-equality]
 19213 |       if ((( flag_single == 1 ))) // conditional WHEN execution
       |              ~~~~~~~~~~~~^~~~
./templateTOF.c:19213:26: note: remove extraneous parentheses around the comparison to silence this warning
 19213 |       if ((( flag_single == 1 ))) // conditional WHEN execution
       |           ~              ^     ~
./templateTOF.c:19213:26: note: use '=' to turn this equality comparison into an assignment
 19213 |       if ((( flag_single == 1 ))) // conditional WHEN execution
       |                          ^~
       |                          =
./templateTOF.c:19235:26: warning: equality comparison with extraneous parentheses [-Wparentheses-equality]
 19235 |       if ((( flag_single == 2 ))) // conditional WHEN execution
       |              ~~~~~~~~~~~~^~~~
./templateTOF.c:19235:26: note: remove extraneous parentheses around the comparison to silence this warning
 19235 |       if ((( flag_single == 2 ))) // conditional WHEN execution
       |           ~              ^     ~
./templateTOF.c:19235:26: note: use '=' to turn this equality comparison into an assignment
 19235 |       if ((( flag_single == 2 ))) // conditional WHEN execution
       |                          ^~
       |                          =
12 warnings generated.
ld: warning: directory not found for option '-L/opt/homebrew/Cellar/fftw/3.3.10_1/lib'
ld: warning: duplicate -rpath '/opt/homebrew/Caskroom/miniconda/base/envs/mcstas/lib' ignored
INFO: ===
templateTOF: lambda=4.06934 [Angs], k=1.54403 [Angs-1], v=972.155 [m/s], E=4.94 [meV]. Time=[0.000964352 0.0012858 0.0019287]
templateTOF: sample is Rb_liq_coh.sqw, with hollow cylindrical geometry.
templateTOF: container is Nb.laz (outer cylinder)
templateTOF: external environment is Al.laz
[templateTOF] Initialize
Opening input file '/opt/homebrew/Caskroom/miniconda/base/envs/mcstas/share/mcstas/resources/data/Al.laz' (Table_Read_Offset)
Opening input file '/opt/homebrew/Caskroom/miniconda/base/envs/mcstas/share/mcstas/resources/data/Al.laz' (Table_Read_Offset)
Opening input file '/opt/homebrew/Caskroom/miniconda/base/envs/mcstas/share/mcstas/resources/data/Nb.laz' (Table_Read_Offset)
Opening input file '/opt/homebrew/Caskroom/miniconda/base/envs/mcstas/share/mcstas/resources/data/Nb.laz' (Table_Read_Offset)
Isotropic_Sqw: Sample_in: is a hollow cylinder: radius=0.005000 thickness=0.000100 height=0.016800 [J Comp Phys 228 (2009) 5251]
Opening input file '/opt/homebrew/Caskroom/miniconda/base/envs/mcstas/share/mcstas/resources/data/Rb_liq_inc.sqw' (Table_Read_Offset)
Opening input file '/opt/homebrew/Caskroom/miniconda/base/envs/mcstas/share/mcstas/resources/data/Rb_liq_inc.sqw' (Table_Read_Offset)
Opening input file '/opt/homebrew/Caskroom/miniconda/base/envs/mcstas/share/mcstas/resources/data/Rb_liq_inc.sqw' (Table_Read_Offset)
Opening input file '/opt/homebrew/Caskroom/miniconda/base/envs/mcstas/share/mcstas/resources/data/Rb_liq_inc.sqw' (Table_Read_Offset)
Isotropic_Sqw: Sample_in: Temperature set to T=350 [K]
Isotropic_Sqw: Sample_in: S(q,w) data from Rb_liq_inc.sqw (inc) assumed to be classical (symmetrised in energy).
Isotropic_Sqw: Sample_in: Applying exp(hw/2kT) factor with T=350 [K] on Rb_liq_inc.sqw file (classical/symmetric) using 'Frommhold' quantum correction
Isotropic_Sqw: Sample_in: Generated Rb_liq_inc.sqw incoherent Sqw
                   q=[0.1:10 Angs-1] w=[0:101.849 meV] |S|=0.985192 size=[101x10185] sigma=0.5 [barns]
                   normalization factor S(q,w)*0.492586 (auto) \int q^2 S(q) dq=676.701
Opening input file '/opt/homebrew/Caskroom/miniconda/base/envs/mcstas/share/mcstas/resources/data/Rb_liq_coh.sqw' (Table_Read_Offset)
Opening input file '/opt/homebrew/Caskroom/miniconda/base/envs/mcstas/share/mcstas/resources/data/Rb_liq_coh.sqw' (Table_Read_Offset)
Opening input file '/opt/homebrew/Caskroom/miniconda/base/envs/mcstas/share/mcstas/resources/data/Rb_liq_coh.sqw' (Table_Read_Offset)
Opening input file '/opt/homebrew/Caskroom/miniconda/base/envs/mcstas/share/mcstas/resources/data/Rb_liq_coh.sqw' (Table_Read_Offset)
Isotropic_Sqw: Sample_in: Temperature set to T=350 [K]
Isotropic_Sqw: Sample_in: S(q,w) data from Rb_liq_coh.sqw (coh) assumed to be classical (symmetrised in energy).
Isotropic_Sqw: Sample_in: Applying exp(hw/2kT) factor with T=350 [K] on Rb_liq_coh.sqw file (classical/symmetric) using 'Frommhold' quantum correction
Isotropic_Sqw: Sample_in: Generated Rb_liq_coh.sqw coherent Sqw
                   q=[0.1:10 Angs-1] w=[0:101.849 meV] |S|=0.887933 size=[101x10185] sigma=6.32 [barns]
                   normalization factor S(q,w)*0.477012 (auto) \int q^2 S(q) dq=698.369
Opening input file '/opt/homebrew/Caskroom/miniconda/base/envs/mcstas/share/mcstas/resources/data/Nb.laz' (Table_Read_Offset)
Opening input file '/opt/homebrew/Caskroom/miniconda/base/envs/mcstas/share/mcstas/resources/data/Nb.laz' (Table_Read_Offset)
Opening input file '/opt/homebrew/Caskroom/miniconda/base/envs/mcstas/share/mcstas/resources/data/Al.laz' (Table_Read_Offset)
Opening input file '/opt/homebrew/Caskroom/miniconda/base/envs/mcstas/share/mcstas/resources/data/Al.laz' (Table_Read_Offset)
*** TRACE end *** 

Save [templateTOF]
Detector: M_total_I=8.06759e-10 M_total_ERR=3.09563e-11 M_total_N=52481 "M_total_1784925234.E_th"
Detector: M_single_coh_I=4.59781e-11 M_single_coh_ERR=5.03737e-13 M_single_coh_N=38341 "M_single_coh_1784925234.E_th"
Detector: M_single_inc_I=4.527e-12 M_single_inc_ERR=1.48116e-13 M_single_inc_N=3813 "M_single_inc_1784925234.E_th"
Detector: M_multi_I=9.74735e-14 M_multi_ERR=3.97636e-15 M_multi_N=8533 "M_multi_1784925234.E_th"
Detector: M_env_container_I=7.56953e-10 M_env_container_ERR=3.09557e-11 M_env_container_N=3068 "M_env_container_1784925234.E_th"

Finally [templateTOF: /Users/ldq/Work/McStasBench/benchmark/refcache/T1_templateTOF_work/ref_20260724_153348_94648_27]. Time: 3 [s] 
Isotropic_Sqw: Sample_in: 3166434 neutron events (out of 4220952) that should have
               scattered were transmitted because scattering conditions
WARNING        could not be satisfied after 100 tries.
Isotropic_Sqw: Sample_in: 1 neutron events (out of 1054518) reached
WARNING        unrealistic weight. The S(q,w) norm might be too high.
Isotropic_Sqw: Sample_in: Scattering fraction=0.00236135 of incoming intensity
               Absorption fraction           =0.121198
               Single   scattering intensity =8.58615e-10 (coh=7.90152e-10 inc=6.84635e-11)
               Multiple scattering intensity =1.76613e-12
Isotropic_Sqw: Container_out: 82 neutron events (out of 3253) that should have
               scattered were transmitted because scattering conditions
WARNING        could not be satisfied after 100 tries.
Isotropic_Sqw: Environment_out: 237 neutron events (out of 18702) that should have
               scattered were transmitted because scattering conditions
WARNING        could not be satisfied after 100 tries.
INFO: Placing instr file copy /opt/homebrew/Caskroom/miniconda/base/envs/mcstas/share/mcstas/resources/examples/Templates/templateTOF/templateTOF.instr in dataset /Users/ldq/Work/McStasBench/benchmark/refcache/T1_templateTOF_work/ref_20260724_153348_94648_27
