INFO: Using directory: "/Users/ldq/Work/McStasBench/benchmark/refcache/T1_SESANS_Delft_work/ref_20260724_153324_94648_23"
INFO: Regenerating c-file: SESANS_Delft.c
Info:    'Foil_flipper_magnet' is a contributed component.
CFLAGS=
  
-----------------------------------------------------------

Generating single GPU kernel or single CPU section layout: 

-----------------------------------------------------------

Generating GPU/CPU -DFUNNEL layout:

-----------------------------------------------------------
INFO: Recompiling: ./SESANS_Delft.out
./SESANS_Delft.c:10163:3: warning: non-void function does not return a value [-Wreturn-type]
 10163 |   }
       |   ^
1 warning generated.
ld: warning: directory not found for option '-L/opt/homebrew/Cellar/fftw/3.3.10_1/lib'
ld: warning: duplicate -rpath '/opt/homebrew/Caskroom/miniconda/base/envs/mcstas/lib' ignored
INFO: ===
[SESANS_Delft] Initialize
INFO: Set_pol(set_pol): Setting polarization to (1.000000, 0.000000, 0.000000)
*** TRACE end *** 

Save [SESANS_Delft]
Detector: px1_I=5.39353e-07 px1_ERR=6.52801e-10 px1_N=682627 "pxAfterAnalyser.dat"
Detector: px2_I=5.39353e-07 px2_ERR=6.52801e-10 px2_N=682627 "pxAfterFirstFoil.dat"
Detector: px3_I=5.39353e-07 px3_ERR=6.52801e-10 px3_N=682627 "pxAfterSecondFoil.dat"
Detector: px6_I=5.3544e-07 px6_ERR=1.06514e-09 px6_N=650118 "px6.dat"
Detector: det_I=2.24759e-07 det_ERR=6.92689e-10 det_N=286401 "det.dat"
Detector: det2_I=0 det2_ERR=0 det2_N=0 "det2.dat"

Finally [SESANS_Delft: /Users/ldq/Work/McStasBench/benchmark/refcache/T1_SESANS_Delft_work/ref_20260724_153324_94648_23]. Time: 5 [s] 
INFO: Placing instr file copy /opt/homebrew/Caskroom/miniconda/base/envs/mcstas/share/mcstas/resources/examples/TUDelft/SESANS_Delft/SESANS_Delft.instr in dataset /Users/ldq/Work/McStasBench/benchmark/refcache/T1_SESANS_Delft_work/ref_20260724_153324_94648_23
