Loading weights:   0%|          | 0/399 [00:00<?, ?it/s]Loading weights: 100%|██████████| 399/399 [00:00<00:00, 4101.53it/s]
states: 2744 across {'bender': 2744}
[transformers] `use_cache=True` is incompatible with gradient checkpointing. Setting `use_cache=False`.
/netdisk/ldq/NeutronGym/benchmark/harness/m8_grpo.py:300: UserWarning: Converting a tensor with requires_grad=True to a scalar may lead to unexpected behavior.
Consider using tensor.detach() first. (Triggered internally at /__w/pytorch/pytorch/torch/csrc/autograd/generated/python_variable_methods.cpp:822.)
  kl_sum += float((kl.sum(1) / ntok).sum()); pg_sum += float((pg.sum(1) / ntok).sum())
{"step": 121, "sparse": false, "reward_mean": 0.8527, "pass_frac": 0.0312, "valid_frac": 1.0, "parse_frac": 1.0, "err_frac": 0.0, "groups": 8, "groups_with_signal": 6, "kl": 0.30818, "pg": 0.01054, "elapsed_s": 60.8}
{"step": 122, "sparse": false, "reward_mean": 0.8432, "pass_frac": 0.1406, "valid_frac": 1.0, "parse_frac": 1.0, "err_frac": 0.0, "groups": 8, "groups_with_signal": 5, "kl": 0.75877, "pg": -0.0234, "elapsed_s": 104.4}
{"step": 123, "sparse": false, "reward_mean": 0.8017, "pass_frac": 0.0, "valid_frac": 1.0, "parse_frac": 1.0, "err_frac": 0.0, "groups": 8, "groups_with_signal": 5, "kl": 0.43947, "pg": -0.00061, "elapsed_s": 151.4}
{"step": 124, "sparse": false, "reward_mean": 0.8748, "pass_frac": 0.1094, "valid_frac": 1.0, "parse_frac": 1.0, "err_frac": 0.0, "groups": 8, "groups_with_signal": 3, "kl": 0.65652, "pg": -0.00941, "elapsed_s": 199.0}
{"step": 125, "sparse": false, "reward_mean": 0.8596, "pass_frac": 0.0469, "valid_frac": 1.0, "parse_frac": 1.0, "err_frac": 0.0, "groups": 8, "groups_with_signal": 4, "kl": 0.61763, "pg": 0.00211, "elapsed_s": 247.6}
{"step": 126, "sparse": false, "reward_mean": 0.8076, "pass_frac": 0.0156, "valid_frac": 1.0, "parse_frac": 1.0, "err_frac": 0.0, "groups": 8, "groups_with_signal": 2, "kl": 0.24897, "pg": -0.00561, "elapsed_s": 282.9}
{"step": 127, "sparse": false, "reward_mean": 0.9322, "pass_frac": 0.3438, "valid_frac": 1.0, "parse_frac": 1.0, "err_frac": 0.0, "groups": 8, "groups_with_signal": 5, "kl": 0.68373, "pg": 0.00725, "elapsed_s": 331.7}
{"step": 128, "sparse": false, "reward_mean": 0.9103, "pass_frac": 0.2656, "valid_frac": 1.0, "parse_frac": 1.0, "err_frac": 0.0, "groups": 8, "groups_with_signal": 3, "kl": 0.42727, "pg": 0.00956, "elapsed_s": 375.0}
{"step": 129, "sparse": false, "reward_mean": 0.8186, "pass_frac": 0.0, "valid_frac": 1.0, "parse_frac": 1.0, "err_frac": 0.0, "groups": 8, "groups_with_signal": 4, "kl": 0.23374, "pg": 0.01319, "elapsed_s": 417.3}
{"step": 130, "sparse": false, "reward_mean": 0.8557, "pass_frac": 0.0625, "valid_frac": 1.0, "parse_frac": 1.0, "err_frac": 0.0, "groups": 8, "groups_with_signal": 4, "kl": 0.57679, "pg": 0.00448, "elapsed_s": 469.0}
{"step": 131, "sparse": false, "reward_mean": 0.8763, "pass_frac": 0.125, "valid_frac": 1.0, "parse_frac": 1.0, "err_frac": 0.0, "groups": 8, "groups_with_signal": 4, "kl": 0.35843, "pg": 0.0078, "elapsed_s": 514.2}
{"step": 132, "sparse": false, "reward_mean": 0.8378, "pass_frac": 0.125, "valid_frac": 1.0, "parse_frac": 1.0, "err_frac": 0.0, "groups": 8, "groups_with_signal": 7, "kl": 0.42242, "pg": -0.01557, "elapsed_s": 578.8}
{"step": 133, "sparse": false, "reward_mean": 0.9539, "pass_frac": 0.3438, "valid_frac": 1.0, "parse_frac": 1.0, "err_frac": 0.0, "groups": 8, "groups_with_signal": 6, "kl": 0.27319, "pg": -0.01093, "elapsed_s": 630.7}
{"step": 134, "sparse": false, "reward_mean": 0.8646, "pass_frac": 0.1406, "valid_frac": 1.0, "parse_frac": 1.0, "err_frac": 0.0, "groups": 8, "groups_with_signal": 4, "kl": 0.17093, "pg": -0.0023, "elapsed_s": 675.3}
{"step": 135, "sparse": false, "reward_mean": 0.8167, "pass_frac": 0.0, "valid_frac": 1.0, "parse_frac": 1.0, "err_frac": 0.0, "groups": 8, "groups_with_signal": 4, "kl": 0.37059, "pg": 0.0437, "elapsed_s": 721.1}
{"step": 136, "sparse": false, "reward_mean": 0.935, "pass_frac": 0.2188, "valid_frac": 1.0, "parse_frac": 1.0, "err_frac": 0.0, "groups": 8, "groups_with_signal": 5, "kl": 0.36354, "pg": -0.01444, "elapsed_s": 776.1}
{"step": 137, "sparse": false, "reward_mean": 0.8355, "pass_frac": 0.1562, "valid_frac": 1.0, "parse_frac": 1.0, "err_frac": 0.0, "groups": 8, "groups_with_signal": 6, "kl": 0.74266, "pg": -0.00522, "elapsed_s": 840.5}
{"step": 138, "sparse": false, "reward_mean": 0.8443, "pass_frac": 0.0312, "valid_frac": 1.0, "parse_frac": 1.0, "err_frac": 0.0, "groups": 8, "groups_with_signal": 6, "kl": 0.50923, "pg": -0.01329, "elapsed_s": 897.4}
{"step": 139, "sparse": false, "reward_mean": 0.8068, "pass_frac": 0.0, "valid_frac": 1.0, "parse_frac": 1.0, "err_frac": 0.0, "groups": 8, "groups_with_signal": 4, "kl": 0.40849, "pg": -0.03318, "elapsed_s": 942.6}
{"step": 140, "sparse": false, "reward_mean": 0.8483, "pass_frac": 0.0156, "valid_frac": 1.0, "parse_frac": 1.0, "err_frac": 0.0, "groups": 8, "groups_with_signal": 5, "kl": 0.2739, "pg": 0.00876, "elapsed_s": 991.4}
{"step": 141, "sparse": false, "reward_mean": 0.7374, "pass_frac": 0.0, "valid_frac": 0.9375, "parse_frac": 0.9375, "err_frac": 0.0, "groups": 8, "groups_with_signal": 6, "kl": 0.47317, "pg": -0.0348, "elapsed_s": 1058.7}
{"step": 142, "sparse": false, "reward_mean": 0.8388, "pass_frac": 0.1406, "valid_frac": 1.0, "parse_frac": 1.0, "err_frac": 0.0, "groups": 8, "groups_with_signal": 5, "kl": 0.62604, "pg": 0.0165, "elapsed_s": 1115.1}
{"step": 143, "sparse": false, "reward_mean": 0.8429, "pass_frac": 0.0469, "valid_frac": 1.0, "parse_frac": 1.0, "err_frac": 0.0, "groups": 8, "groups_with_signal": 4, "kl": 0.45936, "pg": -0.01749, "elapsed_s": 1160.2}
{"step": 144, "sparse": false, "reward_mean": 0.8691, "pass_frac": 0.125, "valid_frac": 1.0, "parse_frac": 1.0, "err_frac": 0.0, "groups": 8, "groups_with_signal": 5, "kl": 0.28508, "pg": -0.01253, "elapsed_s": 1215.1}
{"step": 145, "sparse": false, "reward_mean": 0.8763, "pass_frac": 0.1875, "valid_frac": 1.0, "parse_frac": 1.0, "err_frac": 0.0, "groups": 8, "groups_with_signal": 2, "kl": 0.20575, "pg": 0.02396, "elapsed_s": 1255.1}
{"step": 146, "sparse": false, "reward_mean": 0.8124, "pass_frac": 0.0156, "valid_frac": 1.0, "parse_frac": 1.0, "err_frac": 0.0, "groups": 8, "groups_with_signal": 2, "kl": 0.25658, "pg": 0.00397, "elapsed_s": 1288.1}
{"step": 147, "sparse": false, "reward_mean": 0.8911, "pass_frac": 0.1875, "valid_frac": 1.0, "parse_frac": 1.0, "err_frac": 0.0, "groups": 8, "groups_with_signal": 2, "kl": 0.22678, "pg": 0.00436, "elapsed_s": 1321.4}
{"step": 148, "sparse": false, "reward_mean": 0.8383, "pass_frac": 0.125, "valid_frac": 1.0, "parse_frac": 1.0, "err_frac": 0.0, "groups": 8, "groups_with_signal": 4, "kl": 0.65192, "pg": 0.04608, "elapsed_s": 1367.7}
{"step": 149, "sparse": false, "reward_mean": 0.854, "pass_frac": 0.0, "valid_frac": 1.0, "parse_frac": 1.0, "err_frac": 0.0, "groups": 8, "groups_with_signal": 4, "kl": 0.45869, "pg": -0.03528, "elapsed_s": 1414.0}
{"step": 150, "sparse": false, "reward_mean": 0.8516, "pass_frac": 0.0938, "valid_frac": 1.0, "parse_frac": 1.0, "err_frac": 0.0, "groups": 8, "groups_with_signal": 6, "kl": 0.64071, "pg": -0.04097, "elapsed_s": 1473.2}
{"step": 151, "sparse": false, "reward_mean": 0.8877, "pass_frac": 0.1094, "valid_frac": 1.0, "parse_frac": 1.0, "err_frac": 0.0, "groups": 8, "groups_with_signal": 2, "kl": 0.6822, "pg": 0.00409, "elapsed_s": 1510.0}
{"step": 152, "sparse": false, "reward_mean": 0.8084, "pass_frac": 0.125, "valid_frac": 1.0, "parse_frac": 1.0, "err_frac": 0.0, "groups": 8, "groups_with_signal": 2, "kl": 0.24175, "pg": -0.00212, "elapsed_s": 1544.9}
{"step": 153, "sparse": false, "reward_mean": 0.8316, "pass_frac": 0.0781, "valid_frac": 1.0, "parse_frac": 1.0, "err_frac": 0.0, "groups": 8, "groups_with_signal": 2, "kl": 0.29598, "pg": -0.02435, "elapsed_s": 1583.4}
{"step": 154, "sparse": false, "reward_mean": 0.8856, "pass_frac": 0.1406, "valid_frac": 1.0, "parse_frac": 1.0, "err_frac": 0.0, "groups": 8, "groups_with_signal": 3, "kl": 0.14344, "pg": 0.01651, "elapsed_s": 1622.3}
{"step": 155, "sparse": false, "reward_mean": 0.8148, "pass_frac": 0.0, "valid_frac": 1.0, "parse_frac": 1.0, "err_frac": 0.0, "groups": 8, "groups_with_signal": 2, "kl": 0.54993, "pg": -0.00807, "elapsed_s": 1666.2}
{"step": 156, "sparse": false, "reward_mean": 0.8943, "pass_frac": 0.2031, "valid_frac": 1.0, "parse_frac": 1.0, "err_frac": 0.0, "groups": 8, "groups_with_signal": 5, "kl": 0.37221, "pg": 0.00077, "elapsed_s": 1719.7}
{"step": 157, "sparse": false, "reward_mean": 0.8246, "pass_frac": 0.0312, "valid_frac": 1.0, "parse_frac": 1.0, "err_frac": 0.0, "groups": 8, "groups_with_signal": 4, "kl": 0.45011, "pg": 0.00437, "elapsed_s": 1763.4}
{"step": 158, "sparse": false, "reward_mean": 0.8171, "pass_frac": 0.0156, "valid_frac": 1.0, "parse_frac": 1.0, "err_frac": 0.0, "groups": 8, "groups_with_signal": 4, "kl": 0.91895, "pg": 0.02308, "elapsed_s": 1814.1}
{"step": 159, "sparse": false, "reward_mean": 0.872, "pass_frac": 0.25, "valid_frac": 1.0, "parse_frac": 1.0, "err_frac": 0.0, "groups": 8, "groups_with_signal": 2, "kl": 0.15652, "pg": -0.01518, "elapsed_s": 1848.2}
{"step": 160, "sparse": false, "reward_mean": 0.8584, "pass_frac": 0.0, "valid_frac": 1.0, "parse_frac": 1.0, "err_frac": 0.0, "groups": 8, "groups_with_signal": 1, "kl": 0.46414, "pg": 0.01651, "elapsed_s": 1884.7}
{"step": 161, "sparse": false, "reward_mean": 0.8258, "pass_frac": 0.0156, "valid_frac": 1.0, "parse_frac": 1.0, "err_frac": 0.0, "groups": 8, "groups_with_signal": 2, "kl": 0.43418, "pg": 0.0005, "elapsed_s": 1927.0}
{"step": 162, "sparse": false, "reward_mean": 0.8904, "pass_frac": 0.2344, "valid_frac": 1.0, "parse_frac": 1.0, "err_frac": 0.0, "groups": 8, "groups_with_signal": 3, "kl": 0.76707, "pg": -0.00226, "elapsed_s": 1970.3}
{"step": 163, "sparse": false, "reward_mean": 0.9286, "pass_frac": 0.2969, "valid_frac": 1.0, "parse_frac": 1.0, "err_frac": 0.0, "groups": 8, "groups_with_signal": 3, "kl": 0.44708, "pg": 0.00239, "elapsed_s": 2011.8}
{"step": 164, "sparse": false, "reward_mean": 0.8187, "pass_frac": 0.0156, "valid_frac": 1.0, "parse_frac": 1.0, "err_frac": 0.0, "groups": 8, "groups_with_signal": 3, "kl": 0.60889, "pg": 0.00962, "elapsed_s": 2053.3}
{"step": 165, "sparse": false, "reward_mean": 0.8672, "pass_frac": 0.125, "valid_frac": 1.0, "parse_frac": 1.0, "err_frac": 0.0, "groups": 8, "groups_with_signal": 3, "kl": 0.47176, "pg": -0.01744, "elapsed_s": 2101.2}
{"step": 166, "sparse": false, "reward_mean": 0.7617, "pass_frac": 0.0156, "valid_frac": 0.9219, "parse_frac": 1.0, "err_frac": 0.0, "groups": 8, "groups_with_signal": 5, "kl": 0.73021, "pg": 0.00781, "elapsed_s": 2152.4}
{"step": 167, "sparse": false, "reward_mean": 0.7351, "pass_frac": 0.2344, "valid_frac": 0.8438, "parse_frac": 1.0, "err_frac": 0.0, "groups": 8, "groups_with_signal": 5, "kl": 0.57328, "pg": 0.00444, "elapsed_s": 2196.1}
{"step": 168, "sparse": false, "reward_mean": 0.8019, "pass_frac": 0.0, "valid_frac": 1.0, "parse_frac": 1.0, "err_frac": 0.0, "groups": 8, "groups_with_signal": 4, "kl": 0.78487, "pg": -0.02051, "elapsed_s": 2239.7}
{"step": 169, "sparse": false, "reward_mean": 0.9177, "pass_frac": 0.2188, "valid_frac": 1.0, "parse_frac": 1.0, "err_frac": 0.0, "groups": 8, "groups_with_signal": 5, "kl": 0.57633, "pg": -0.01062, "elapsed_s": 2287.2}
{"step": 170, "sparse": false, "reward_mean": 0.7746, "pass_frac": 0.0312, "valid_frac": 0.9375, "parse_frac": 1.0, "err_frac": 0.0, "groups": 8, "groups_with_signal": 5, "kl": 0.75346, "pg": 0.00241, "elapsed_s": 2339.5}
{"step": 171, "sparse": false, "reward_mean": 0.7337, "pass_frac": 0.0, "valid_frac": 0.875, "parse_frac": 1.0, "err_frac": 0.0, "groups": 8, "groups_with_signal": 6, "kl": 0.73834, "pg": -0.01918, "elapsed_s": 2401.2}
{"step": 172, "sparse": false, "reward_mean": 0.7173, "pass_frac": 0.1562, "valid_frac": 0.8125, "parse_frac": 1.0, "err_frac": 0.0, "groups": 8, "groups_with_signal": 5, "kl": 0.73955, "pg": 0.00057, "elapsed_s": 2454.4}
{"step": 173, "sparse": false, "reward_mean": 0.843, "pass_frac": 0.1406, "valid_frac": 0.9844, "parse_frac": 1.0, "err_frac": 0.0, "groups": 8, "groups_with_signal": 4, "kl": 0.57711, "pg": -0.00791, "elapsed_s": 2493.7}
{"step": 174, "sparse": false, "reward_mean": 0.8487, "pass_frac": 0.375, "valid_frac": 0.9062, "parse_frac": 1.0, "err_frac": 0.0, "groups": 8, "groups_with_signal": 4, "kl": 0.8238, "pg": 0.00184, "elapsed_s": 2542.2}
{"step": 175, "sparse": false, "reward_mean": 0.8262, "pass_frac": 0.0, "valid_frac": 1.0, "parse_frac": 1.0, "err_frac": 0.0, "groups": 8, "groups_with_signal": 4, "kl": 0.51786, "pg": -0.01592, "elapsed_s": 2591.8}
{"step": 176, "sparse": false, "reward_mean": 0.7675, "pass_frac": 0.0156, "valid_frac": 0.9688, "parse_frac": 1.0, "err_frac": 0.0, "groups": 8, "groups_with_signal": 7, "kl": 0.58891, "pg": 0.01091, "elapsed_s": 2645.5}
{"step": 177, "sparse": false, "reward_mean": 0.8606, "pass_frac": 0.125, "valid_frac": 1.0, "parse_frac": 1.0, "err_frac": 0.0, "groups": 8, "groups_with_signal": 4, "kl": 0.84663, "pg": -0.00886, "elapsed_s": 2696.1}
{"step": 178, "sparse": false, "reward_mean": 0.8575, "pass_frac": 0.0, "valid_frac": 1.0, "parse_frac": 1.0, "err_frac": 0.0, "groups": 8, "groups_with_signal": 4, "kl": 6.9648, "pg": -0.04063, "elapsed_s": 2743.6}
{"step": 179, "sparse": false, "reward_mean": 0.9211, "pass_frac": 0.2344, "valid_frac": 1.0, "parse_frac": 1.0, "err_frac": 0.0, "groups": 8, "groups_with_signal": 4, "kl": 0.27686, "pg": -0.0088, "elapsed_s": 2788.7}
{"step": 180, "sparse": false, "reward_mean": 0.8702, "pass_frac": 0.1719, "valid_frac": 1.0, "parse_frac": 1.0, "err_frac": 0.0, "groups": 8, "groups_with_signal": 5, "kl": 0.50753, "pg": -0.02307, "elapsed_s": 2844.3}
{"step": 181, "sparse": false, "reward_mean": 0.8015, "pass_frac": 0.0156, "valid_frac": 1.0, "parse_frac": 1.0, "err_frac": 0.0, "groups": 8, "groups_with_signal": 3, "kl": 0.28996, "pg": 0.00304, "elapsed_s": 2887.0}
{"step": 182, "sparse": false, "reward_mean": 0.8547, "pass_frac": 0.125, "valid_frac": 1.0, "parse_frac": 1.0, "err_frac": 0.0, "groups": 8, "groups_with_signal": 2, "kl": 0.43145, "pg": -0.02218, "elapsed_s": 2925.1}
{"step": 183, "sparse": false, "reward_mean": 0.8135, "pass_frac": 0.0, "valid_frac": 1.0, "parse_frac": 1.0, "err_frac": 0.0, "groups": 8, "groups_with_signal": 3, "kl": 0.39693, "pg": -0.0179, "elapsed_s": 2971.6}
{"step": 184, "sparse": false, "reward_mean": 0.8172, "pass_frac": 0.0312, "valid_frac": 1.0, "parse_frac": 1.0, "err_frac": 0.0, "groups": 8, "groups_with_signal": 6, "kl": 0.39983, "pg": 0.00122, "elapsed_s": 3026.0}
{"step": 185, "sparse": false, "reward_mean": 0.9067, "pass_frac": 0.2812, "valid_frac": 1.0, "parse_frac": 1.0, "err_frac": 0.0, "groups": 8, "groups_with_signal": 2, "kl": 0.65348, "pg": -0.03093, "elapsed_s": 3060.7}
{"step": 186, "sparse": false, "reward_mean": 0.8492, "pass_frac": 0.0, "valid_frac": 1.0, "parse_frac": 1.0, "err_frac": 0.0, "groups": 8, "groups_with_signal": 4, "kl": 0.44365, "pg": -0.00979, "elapsed_s": 3107.6}
{"step": 187, "sparse": false, "reward_mean": 0.8991, "pass_frac": 0.25, "valid_frac": 1.0, "parse_frac": 1.0, "err_frac": 0.0, "groups": 8, "groups_with_signal": 5, "kl": 0.37013, "pg": -0.01401, "elapsed_s": 3155.1}
{"step": 188, "sparse": false, "reward_mean": 0.8622, "pass_frac": 0.125, "valid_frac": 1.0, "parse_frac": 1.0, "err_frac": 0.0, "groups": 8, "groups_with_signal": 5, "kl": 0.71753, "pg": -0.01816, "elapsed_s": 3210.4}
{"step": 189, "sparse": false, "reward_mean": 0.8785, "pass_frac": 0.3125, "valid_frac": 1.0, "parse_frac": 1.0, "err_frac": 0.0, "groups": 8, "groups_with_signal": 6, "kl": 0.39301, "pg": -0.01033, "elapsed_s": 3264.7}
{"step": 190, "sparse": false, "reward_mean": 0.8939, "pass_frac": 0.2031, "valid_frac": 1.0, "parse_frac": 1.0, "err_frac": 0.0, "groups": 8, "groups_with_signal": 4, "kl": 0.33825, "pg": 0.00663, "elapsed_s": 3311.5}
{"step": 191, "sparse": false, "reward_mean": 0.8078, "pass_frac": 0.0, "valid_frac": 1.0, "parse_frac": 1.0, "err_frac": 0.0, "groups": 8, "groups_with_signal": 3, "kl": 0.67566, "pg": -0.02135, "elapsed_s": 3362.0}
{"step": 192, "sparse": false, "reward_mean": 0.8659, "pass_frac": 0.1406, "valid_frac": 1.0, "parse_frac": 1.0, "err_frac": 0.0, "groups": 8, "groups_with_signal": 3, "kl": 0.3709, "pg": -0.01248, "elapsed_s": 3403.5}
{"step": 193, "sparse": false, "reward_mean": 0.8327, "pass_frac": 0.0625, "valid_frac": 1.0, "parse_frac": 1.0, "err_frac": 0.0, "groups": 8, "groups_with_signal": 4, "kl": 0.67834, "pg": -0.02031, "elapsed_s": 3452.6}
{"step": 194, "sparse": false, "reward_mean": 0.8096, "pass_frac": 0.0, "valid_frac": 1.0, "parse_frac": 1.0, "err_frac": 0.0, "groups": 8, "groups_with_signal": 4, "kl": 0.65583, "pg": -0.0083, "elapsed_s": 3501.8}
{"step": 195, "sparse": false, "reward_mean": 0.8443, "pass_frac": 0.0, "valid_frac": 1.0, "parse_frac": 1.0, "err_frac": 0.0, "groups": 8, "groups_with_signal": 3, "kl": 0.42873, "pg": -0.01275, "elapsed_s": 3540.2}
{"step": 196, "sparse": false, "reward_mean": 0.9031, "pass_frac": 0.3125, "valid_frac": 1.0, "parse_frac": 1.0, "err_frac": 0.0, "groups": 8, "groups_with_signal": 2, "kl": 0.22916, "pg": -0.01262, "elapsed_s": 3577.5}
{"step": 197, "sparse": false, "reward_mean": 0.8209, "pass_frac": 0.0, "valid_frac": 1.0, "parse_frac": 1.0, "err_frac": 0.0, "groups": 8, "groups_with_signal": 4, "kl": 0.60599, "pg": 0.00612, "elapsed_s": 3619.8}
{"step": 198, "sparse": false, "reward_mean": 0.9064, "pass_frac": 0.25, "valid_frac": 1.0, "parse_frac": 1.0, "err_frac": 0.0, "groups": 8, "groups_with_signal": 2, "kl": 0.26503, "pg": 0.03363, "elapsed_s": 3662.1}
{"step": 199, "sparse": false, "reward_mean": 0.7252, "pass_frac": 0.0312, "valid_frac": 0.875, "parse_frac": 1.0, "err_frac": 0.0, "groups": 8, "groups_with_signal": 3, "kl": 0.61697, "pg": -0.01126, "elapsed_s": 3711.2}
{"step": 200, "sparse": false, "reward_mean": 0.8665, "pass_frac": 0.125, "valid_frac": 1.0, "parse_frac": 1.0, "err_frac": 0.0, "groups": 8, "groups_with_signal": 2, "kl": 0.10087, "pg": 0.03023, "elapsed_s": 3751.4}
{"step": 201, "sparse": false, "reward_mean": 0.8935, "pass_frac": 0.0312, "valid_frac": 1.0, "parse_frac": 1.0, "err_frac": 0.0, "groups": 8, "groups_with_signal": 3, "kl": 0.52433, "pg": 0.00072, "elapsed_s": 3800.6}
{"step": 202, "sparse": false, "reward_mean": 0.8469, "pass_frac": 0.0, "valid_frac": 1.0, "parse_frac": 1.0, "err_frac": 0.0, "groups": 8, "groups_with_signal": 3, "kl": 0.36622, "pg": -0.02856, "elapsed_s": 3840.2}
{"step": 203, "sparse": false, "reward_mean": 0.8176, "pass_frac": 0.125, "valid_frac": 1.0, "parse_frac": 1.0, "err_frac": 0.0, "groups": 8, "groups_with_signal": 0, "elapsed_s": 3870.4}
{"step": 204, "sparse": false, "reward_mean": 0.8531, "pass_frac": 0.1406, "valid_frac": 1.0, "parse_frac": 1.0, "err_frac": 0.0, "groups": 8, "groups_with_signal": 5, "kl": 0.36191, "pg": 0.00836, "elapsed_s": 3917.6}
{"step": 205, "sparse": false, "reward_mean": 0.8574, "pass_frac": 0.125, "valid_frac": 1.0, "parse_frac": 1.0, "err_frac": 0.0, "groups": 8, "groups_with_signal": 1, "kl": 0.24961, "pg": -0.02098, "elapsed_s": 3952.7}
{"step": 206, "sparse": false, "reward_mean": 0.8416, "pass_frac": 0.125, "valid_frac": 1.0, "parse_frac": 1.0, "err_frac": 0.0, "groups": 8, "groups_with_signal": 4, "kl": 0.33196, "pg": 0.00489, "elapsed_s": 3998.6}
{"step": 207, "sparse": false, "reward_mean": 0.8474, "pass_frac": 0.0, "valid_frac": 1.0, "parse_frac": 1.0, "err_frac": 0.0, "groups": 8, "groups_with_signal": 3, "kl": 0.67554, "pg": -0.03652, "elapsed_s": 4042.4}
{"step": 208, "sparse": false, "reward_mean": 0.8427, "pass_frac": 0.0938, "valid_frac": 1.0, "parse_frac": 1.0, "err_frac": 0.0, "groups": 8, "groups_with_signal": 2, "kl": 0.52969, "pg": 0.00145, "elapsed_s": 4077.1}
{"step": 209, "sparse": false, "reward_mean": 0.8055, "pass_frac": 0.0469, "valid_frac": 1.0, "parse_frac": 1.0, "err_frac": 0.0, "groups": 8, "groups_with_signal": 6, "kl": 0.4887, "pg": -0.01429, "elapsed_s": 4125.9}
{"step": 210, "sparse": false, "reward_mean": 0.8536, "pass_frac": 0.0156, "valid_frac": 1.0, "parse_frac": 1.0, "err_frac": 0.0, "groups": 8, "groups_with_signal": 2, "kl": 0.43339, "pg": -0.00799, "elapsed_s": 4168.7}
{"step": 211, "sparse": false, "reward_mean": 0.9815, "pass_frac": 0.375, "valid_frac": 1.0, "parse_frac": 1.0, "err_frac": 0.0, "groups": 8, "groups_with_signal": 3, "kl": 0.20503, "pg": -0.00828, "elapsed_s": 4211.8}
{"step": 212, "sparse": false, "reward_mean": 0.8418, "pass_frac": 0.125, "valid_frac": 1.0, "parse_frac": 1.0, "err_frac": 0.0, "groups": 8, "groups_with_signal": 4, "kl": 0.68003, "pg": 0.0102, "elapsed_s": 4256.6}
{"step": 213, "sparse": false, "reward_mean": 0.8113, "pass_frac": 0.125, "valid_frac": 1.0, "parse_frac": 1.0, "err_frac": 0.0, "groups": 8, "groups_with_signal": 3, "kl": 0.61495, "pg": -0.01364, "elapsed_s": 4301.8}
{"step": 214, "sparse": false, "reward_mean": 0.8552, "pass_frac": 0.125, "valid_frac": 1.0, "parse_frac": 1.0, "err_frac": 0.0, "groups": 8, "groups_with_signal": 2, "kl": 1.07467, "pg": -0.02468, "elapsed_s": 4343.6}
{"step": 215, "sparse": false, "reward_mean": 0.8481, "pass_frac": 0.125, "valid_frac": 1.0, "parse_frac": 1.0, "err_frac": 0.0, "groups": 8, "groups_with_signal": 4, "kl": 0.38229, "pg": 0.00729, "elapsed_s": 4388.1}
{"step": 216, "sparse": false, "reward_mean": 0.8291, "pass_frac": 0.0, "valid_frac": 1.0, "parse_frac": 1.0, "err_frac": 0.0, "groups": 8, "groups_with_signal": 4, "kl": 0.69512, "pg": 0.02049, "elapsed_s": 4440.7}
{"step": 217, "sparse": false, "reward_mean": 0.8642, "pass_frac": 0.0781, "valid_frac": 1.0, "parse_frac": 1.0, "err_frac": 0.0, "groups": 8, "groups_with_signal": 2, "kl": 0.50741, "pg": 0.01383, "elapsed_s": 4478.7}
{"step": 218, "sparse": false, "reward_mean": 0.8597, "pass_frac": 0.0156, "valid_frac": 1.0, "parse_frac": 1.0, "err_frac": 0.0, "groups": 8, "groups_with_signal": 1, "kl": 0.26962, "pg": 0.02067, "elapsed_s": 4510.8}
{"step": 219, "sparse": false, "reward_mean": 0.8793, "pass_frac": 0.125, "valid_frac": 1.0, "parse_frac": 1.0, "err_frac": 0.0, "groups": 8, "groups_with_signal": 1, "kl": 0.96667, "pg": -0.07897, "elapsed_s": 4546.9}
{"step": 220, "sparse": false, "reward_mean": 0.753, "pass_frac": 0.0, "valid_frac": 0.875, "parse_frac": 1.0, "err_frac": 0.0, "groups": 8, "groups_with_signal": 0, "elapsed_s": 4576.1}
Writing model shards:   0%|          | 0/1 [00:00<?, ?it/s]Writing model shards: 100%|██████████| 1/1 [00:53<00:00, 53.10s/it]Writing model shards: 100%|██████████| 1/1 [00:53<00:00, 53.10s/it]
-> merged /netdisk/ldq/ckpt/m8-bendergrpo-b/merged (4633s)
