Loading weights:   0%|          | 0/399 [00:00<?, ?it/s]Loading weights: 100%|██████████| 399/399 [00:00<00:00, 5350.17it/s]
states: 8592 across {'guide_match': 2807, 'sans_match': 2852, 'tof_chopper': 2933}
[transformers] `use_cache=True` is incompatible with gradient checkpointing. Setting `use_cache=False`.
/netdisk/ldq/NeutronGym/benchmark/harness/m8_grpo.py:300: UserWarning: Converting a tensor with requires_grad=True to a scalar may lead to unexpected behavior.
Consider using tensor.detach() first. (Triggered internally at /__w/pytorch/pytorch/torch/csrc/autograd/generated/python_variable_methods.cpp:822.)
  kl_sum += float((kl.sum(1) / ntok).sum()); pg_sum += float((pg.sum(1) / ntok).sum())
{"step": 121, "sparse": false, "reward_mean": 0.7721, "pass_frac": 0.0, "valid_frac": 0.9688, "parse_frac": 1.0, "err_frac": 0.0, "groups": 8, "groups_with_signal": 5, "kl": 0.23764, "pg": -0.02168, "elapsed_s": 57.8}
{"step": 122, "sparse": false, "reward_mean": 0.8268, "pass_frac": 0.0, "valid_frac": 1.0, "parse_frac": 1.0, "err_frac": 0.0, "groups": 8, "groups_with_signal": 3, "kl": 0.66705, "pg": -0.00796, "elapsed_s": 102.1}
{"step": 123, "sparse": false, "reward_mean": 0.8881, "pass_frac": 0.1719, "valid_frac": 1.0, "parse_frac": 1.0, "err_frac": 0.0, "groups": 8, "groups_with_signal": 6, "kl": 0.34567, "pg": 0.00618, "elapsed_s": 160.4}
{"step": 124, "sparse": false, "reward_mean": 0.75, "pass_frac": 0.0, "valid_frac": 0.9062, "parse_frac": 1.0, "err_frac": 0.0, "groups": 8, "groups_with_signal": 3, "kl": 0.69054, "pg": 0.00708, "elapsed_s": 203.2}
{"step": 125, "sparse": false, "reward_mean": 0.8997, "pass_frac": 0.1719, "valid_frac": 1.0, "parse_frac": 1.0, "err_frac": 0.0, "groups": 8, "groups_with_signal": 5, "kl": 0.6493, "pg": -0.00126, "elapsed_s": 253.5}
{"step": 126, "sparse": false, "reward_mean": 0.8204, "pass_frac": 0.125, "valid_frac": 1.0, "parse_frac": 1.0, "err_frac": 0.0, "groups": 8, "groups_with_signal": 2, "kl": 0.41539, "pg": 0.01923, "elapsed_s": 294.9}
{"step": 127, "sparse": false, "reward_mean": 0.7288, "pass_frac": 0.0, "valid_frac": 0.7812, "parse_frac": 1.0, "err_frac": 0.0, "groups": 8, "groups_with_signal": 2, "kl": 0.32278, "pg": -0.03691, "elapsed_s": 330.1}
{"step": 128, "sparse": false, "reward_mean": 0.7726, "pass_frac": 0.0, "valid_frac": 1.0, "parse_frac": 1.0, "err_frac": 0.0, "groups": 8, "groups_with_signal": 4, "kl": 0.2282, "pg": 0.00494, "elapsed_s": 372.8}
{"step": 129, "sparse": false, "reward_mean": 0.7889, "pass_frac": 0.0, "valid_frac": 0.9375, "parse_frac": 1.0, "err_frac": 0.0, "groups": 8, "groups_with_signal": 2, "kl": 0.21186, "pg": 0.01035, "elapsed_s": 411.6}
{"step": 130, "sparse": false, "reward_mean": 0.7995, "pass_frac": 0.0, "valid_frac": 1.0, "parse_frac": 1.0, "err_frac": 0.0, "groups": 8, "groups_with_signal": 2, "kl": 0.4558, "pg": 0.00676, "elapsed_s": 445.0}
{"step": 131, "sparse": false, "reward_mean": 0.8562, "pass_frac": 0.125, "valid_frac": 1.0, "parse_frac": 1.0, "err_frac": 0.0, "groups": 8, "groups_with_signal": 3, "kl": 0.36636, "pg": -0.02408, "elapsed_s": 488.0}
{"step": 132, "sparse": false, "reward_mean": 0.7713, "pass_frac": 0.0, "valid_frac": 0.9531, "parse_frac": 1.0, "err_frac": 0.0, "groups": 8, "groups_with_signal": 3, "kl": 0.454, "pg": 0.00391, "elapsed_s": 532.8}
{"step": 133, "sparse": false, "reward_mean": 0.8144, "pass_frac": 0.0, "valid_frac": 1.0, "parse_frac": 1.0, "err_frac": 0.0, "groups": 8, "groups_with_signal": 4, "kl": 0.34739, "pg": -0.00305, "elapsed_s": 576.3}
{"step": 134, "sparse": false, "reward_mean": 0.7811, "pass_frac": 0.0, "valid_frac": 1.0, "parse_frac": 1.0, "err_frac": 0.0, "groups": 8, "groups_with_signal": 3, "kl": 0.36717, "pg": -0.02602, "elapsed_s": 623.1}
{"step": 135, "sparse": false, "reward_mean": 0.7502, "pass_frac": 0.0, "valid_frac": 0.875, "parse_frac": 1.0, "err_frac": 0.0, "groups": 8, "groups_with_signal": 4, "kl": 0.48588, "pg": 0.00481, "elapsed_s": 666.9}
{"step": 136, "sparse": false, "reward_mean": 0.7623, "pass_frac": 0.0, "valid_frac": 0.9844, "parse_frac": 1.0, "err_frac": 0.0, "groups": 8, "groups_with_signal": 2, "kl": 0.46446, "pg": -0.00094, "elapsed_s": 698.9}
{"step": 137, "sparse": false, "reward_mean": 0.6735, "pass_frac": 0.0156, "valid_frac": 0.8281, "parse_frac": 1.0, "err_frac": 0.0, "groups": 8, "groups_with_signal": 5, "kl": 0.40798, "pg": 0.00384, "elapsed_s": 746.5}
{"step": 138, "sparse": false, "reward_mean": 0.8137, "pass_frac": 0.0, "valid_frac": 1.0, "parse_frac": 1.0, "err_frac": 0.0, "groups": 8, "groups_with_signal": 2, "kl": 0.18871, "pg": -0.00441, "elapsed_s": 781.1}
{"step": 139, "sparse": false, "reward_mean": 0.8182, "pass_frac": 0.125, "valid_frac": 0.875, "parse_frac": 1.0, "err_frac": 0.0, "groups": 8, "groups_with_signal": 2, "kl": 0.40387, "pg": -0.00937, "elapsed_s": 817.0}
{"step": 140, "sparse": false, "reward_mean": 0.7844, "pass_frac": 0.0, "valid_frac": 1.0, "parse_frac": 1.0, "err_frac": 0.0, "groups": 8, "groups_with_signal": 3, "kl": 0.30357, "pg": 0.01183, "elapsed_s": 856.8}
{"step": 141, "sparse": false, "reward_mean": 0.7982, "pass_frac": 0.0, "valid_frac": 1.0, "parse_frac": 1.0, "err_frac": 0.0, "groups": 8, "groups_with_signal": 5, "kl": 0.38276, "pg": 0.01374, "elapsed_s": 911.0}
{"step": 142, "sparse": false, "reward_mean": 0.7985, "pass_frac": 0.0938, "valid_frac": 1.0, "parse_frac": 1.0, "err_frac": 0.0, "groups": 8, "groups_with_signal": 4, "kl": 0.34766, "pg": 0.00186, "elapsed_s": 961.3}
{"step": 143, "sparse": false, "reward_mean": 0.7441, "pass_frac": 0.0, "valid_frac": 0.875, "parse_frac": 1.0, "err_frac": 0.0, "groups": 8, "groups_with_signal": 4, "kl": 0.38474, "pg": -0.02082, "elapsed_s": 1007.1}
{"step": 144, "sparse": false, "reward_mean": 0.8083, "pass_frac": 0.0, "valid_frac": 1.0, "parse_frac": 1.0, "err_frac": 0.0, "groups": 8, "groups_with_signal": 2, "kl": 0.27652, "pg": 0.02336, "elapsed_s": 1044.3}
{"step": 145, "sparse": false, "reward_mean": 0.7898, "pass_frac": 0.0, "valid_frac": 1.0, "parse_frac": 1.0, "err_frac": 0.0, "groups": 8, "groups_with_signal": 3, "kl": 0.47133, "pg": -0.01346, "elapsed_s": 1084.6}
{"step": 146, "sparse": false, "reward_mean": 0.7882, "pass_frac": 0.0, "valid_frac": 0.9531, "parse_frac": 1.0, "err_frac": 0.0, "groups": 8, "groups_with_signal": 4, "kl": 0.49369, "pg": -0.0258, "elapsed_s": 1129.9}
{"step": 147, "sparse": false, "reward_mean": 0.8196, "pass_frac": 0.0938, "valid_frac": 1.0, "parse_frac": 1.0, "err_frac": 0.0, "groups": 8, "groups_with_signal": 2, "kl": 0.66853, "pg": -0.0028, "elapsed_s": 1165.5}
{"step": 148, "sparse": false, "reward_mean": 0.786, "pass_frac": 0.0, "valid_frac": 1.0, "parse_frac": 1.0, "err_frac": 0.0, "groups": 8, "groups_with_signal": 3, "kl": 0.52173, "pg": -0.00795, "elapsed_s": 1204.8}
{"step": 149, "sparse": false, "reward_mean": 0.7681, "pass_frac": 0.0, "valid_frac": 0.9688, "parse_frac": 1.0, "err_frac": 0.0, "groups": 8, "groups_with_signal": 1, "kl": 0.65601, "pg": -0.01249, "elapsed_s": 1238.7}
{"step": 150, "sparse": false, "reward_mean": 0.8384, "pass_frac": 0.125, "valid_frac": 1.0, "parse_frac": 1.0, "err_frac": 0.0, "groups": 8, "groups_with_signal": 2, "kl": 0.38273, "pg": 0.01251, "elapsed_s": 1277.3}
{"step": 151, "sparse": false, "reward_mean": 0.7864, "pass_frac": 0.0, "valid_frac": 0.875, "parse_frac": 1.0, "err_frac": 0.0, "groups": 8, "groups_with_signal": 1, "kl": 0.58374, "pg": -0.02869, "elapsed_s": 1316.4}
{"step": 152, "sparse": false, "reward_mean": 0.807, "pass_frac": 0.0312, "valid_frac": 1.0, "parse_frac": 1.0, "err_frac": 0.0, "groups": 8, "groups_with_signal": 2, "kl": 0.55456, "pg": 0.01448, "elapsed_s": 1355.2}
{"step": 153, "sparse": false, "reward_mean": 0.8063, "pass_frac": 0.0, "valid_frac": 1.0, "parse_frac": 1.0, "err_frac": 0.0, "groups": 8, "groups_with_signal": 2, "kl": 0.60017, "pg": 0.00706, "elapsed_s": 1393.1}
{"step": 154, "sparse": false, "reward_mean": 0.8301, "pass_frac": 0.25, "valid_frac": 1.0, "parse_frac": 1.0, "err_frac": 0.0, "groups": 8, "groups_with_signal": 2, "kl": 0.37941, "pg": 0.01357, "elapsed_s": 1430.1}
{"step": 155, "sparse": false, "reward_mean": 0.7844, "pass_frac": 0.0, "valid_frac": 1.0, "parse_frac": 1.0, "err_frac": 0.0, "groups": 8, "groups_with_signal": 1, "kl": 0.16638, "pg": 0.0, "elapsed_s": 1466.1}
{"step": 156, "sparse": false, "reward_mean": 0.8072, "pass_frac": 0.0, "valid_frac": 1.0, "parse_frac": 1.0, "err_frac": 0.0, "groups": 8, "groups_with_signal": 2, "kl": 0.45511, "pg": -0.00953, "elapsed_s": 1503.2}
{"step": 157, "sparse": false, "reward_mean": 0.7847, "pass_frac": 0.0, "valid_frac": 1.0, "parse_frac": 1.0, "err_frac": 0.0, "groups": 8, "groups_with_signal": 1, "kl": 1.18576, "pg": -0.00698, "elapsed_s": 1537.1}
{"step": 158, "sparse": false, "reward_mean": 0.7795, "pass_frac": 0.0, "valid_frac": 0.9844, "parse_frac": 1.0, "err_frac": 0.0, "groups": 8, "groups_with_signal": 1, "kl": 0.39174, "pg": -0.04939, "elapsed_s": 1572.8}
{"step": 159, "sparse": false, "reward_mean": 0.8023, "pass_frac": 0.0, "valid_frac": 0.875, "parse_frac": 1.0, "err_frac": 0.0, "groups": 8, "groups_with_signal": 4, "kl": 0.32759, "pg": 0.01017, "elapsed_s": 1624.5}
{"step": 160, "sparse": false, "reward_mean": 0.7645, "pass_frac": 0.0, "valid_frac": 0.875, "parse_frac": 1.0, "err_frac": 0.0, "groups": 8, "groups_with_signal": 2, "kl": 1.07529, "pg": 0.00082, "elapsed_s": 1658.3}
{"step": 161, "sparse": false, "reward_mean": 0.7672, "pass_frac": 0.0, "valid_frac": 0.9531, "parse_frac": 1.0, "err_frac": 0.0, "groups": 8, "groups_with_signal": 2, "kl": 0.72365, "pg": -0.01196, "elapsed_s": 1692.8}
{"step": 162, "sparse": false, "reward_mean": 0.7987, "pass_frac": 0.0, "valid_frac": 1.0, "parse_frac": 1.0, "err_frac": 0.0, "groups": 8, "groups_with_signal": 1, "kl": 1.41084, "pg": -0.02017, "elapsed_s": 1727.2}
{"step": 163, "sparse": false, "reward_mean": 0.7427, "pass_frac": 0.0, "valid_frac": 0.875, "parse_frac": 1.0, "err_frac": 0.0, "groups": 8, "groups_with_signal": 0, "elapsed_s": 1756.1}
{"step": 164, "sparse": false, "reward_mean": 0.7938, "pass_frac": 0.0, "valid_frac": 1.0, "parse_frac": 1.0, "err_frac": 0.0, "groups": 8, "groups_with_signal": 1, "kl": 0.5364, "pg": 0.0454, "elapsed_s": 1789.1}
{"step": 165, "sparse": false, "reward_mean": 0.6969, "pass_frac": 0.0, "valid_frac": 0.875, "parse_frac": 1.0, "err_frac": 0.0, "groups": 8, "groups_with_signal": 1, "kl": 0.23123, "pg": 0.06283, "elapsed_s": 1819.6}
{"step": 166, "sparse": false, "reward_mean": 0.7445, "pass_frac": 0.0, "valid_frac": 0.875, "parse_frac": 1.0, "err_frac": 0.0, "groups": 8, "groups_with_signal": 2, "kl": 0.62877, "pg": -0.0152, "elapsed_s": 1862.5}
{"step": 167, "sparse": false, "reward_mean": 0.6445, "pass_frac": 0.0, "valid_frac": 0.6562, "parse_frac": 1.0, "err_frac": 0.0, "groups": 8, "groups_with_signal": 1, "kl": 1.04911, "pg": 0.02736, "elapsed_s": 1896.0}
{"step": 168, "sparse": false, "reward_mean": 0.8222, "pass_frac": 0.125, "valid_frac": 1.0, "parse_frac": 1.0, "err_frac": 0.0, "groups": 8, "groups_with_signal": 0, "elapsed_s": 1923.9}
{"step": 169, "sparse": false, "reward_mean": 0.8233, "pass_frac": 0.125, "valid_frac": 1.0, "parse_frac": 1.0, "err_frac": 0.0, "groups": 8, "groups_with_signal": 0, "elapsed_s": 1951.5}
{"step": 170, "sparse": false, "reward_mean": 0.825, "pass_frac": 0.0, "valid_frac": 1.0, "parse_frac": 1.0, "err_frac": 0.0, "groups": 8, "groups_with_signal": 2, "kl": 0.82679, "pg": 0.04553, "elapsed_s": 1987.5}
{"step": 171, "sparse": false, "reward_mean": 0.8162, "pass_frac": 0.0, "valid_frac": 1.0, "parse_frac": 1.0, "err_frac": 0.0, "groups": 8, "groups_with_signal": 4, "kl": 0.64334, "pg": 0.02233, "elapsed_s": 2028.2}
{"step": 172, "sparse": false, "reward_mean": 0.7699, "pass_frac": 0.0, "valid_frac": 0.9219, "parse_frac": 1.0, "err_frac": 0.0, "groups": 8, "groups_with_signal": 3, "kl": 0.31585, "pg": 0.01122, "elapsed_s": 2065.6}
{"step": 173, "sparse": false, "reward_mean": 0.7548, "pass_frac": 0.0, "valid_frac": 0.875, "parse_frac": 1.0, "err_frac": 0.0, "groups": 8, "groups_with_signal": 1, "kl": 0.40263, "pg": 0.03201, "elapsed_s": 2095.9}
{"step": 174, "sparse": false, "reward_mean": 0.7607, "pass_frac": 0.0, "valid_frac": 0.8906, "parse_frac": 1.0, "err_frac": 0.0, "groups": 8, "groups_with_signal": 3, "kl": 0.96392, "pg": 0.01388, "elapsed_s": 2135.0}
{"step": 175, "sparse": false, "reward_mean": 0.8051, "pass_frac": 0.0, "valid_frac": 1.0, "parse_frac": 1.0, "err_frac": 0.0, "groups": 8, "groups_with_signal": 1, "kl": 0.45983, "pg": 0.01, "elapsed_s": 2166.7}
{"step": 176, "sparse": false, "reward_mean": 0.7657, "pass_frac": 0.0, "valid_frac": 1.0, "parse_frac": 1.0, "err_frac": 0.0, "groups": 8, "groups_with_signal": 2, "kl": 0.71605, "pg": 0.00551, "elapsed_s": 2201.5}
{"step": 177, "sparse": false, "reward_mean": 0.6587, "pass_frac": 0.0, "valid_frac": 0.7969, "parse_frac": 1.0, "err_frac": 0.0, "groups": 8, "groups_with_signal": 2, "kl": 0.75561, "pg": 0.01108, "elapsed_s": 2236.5}
{"step": 178, "sparse": false, "reward_mean": 0.7603, "pass_frac": 0.0, "valid_frac": 0.875, "parse_frac": 1.0, "err_frac": 0.0, "groups": 8, "groups_with_signal": 1, "kl": 0.8471, "pg": -0.00806, "elapsed_s": 2267.8}
{"step": 179, "sparse": false, "reward_mean": 0.7638, "pass_frac": 0.0, "valid_frac": 0.875, "parse_frac": 1.0, "err_frac": 0.0, "groups": 8, "groups_with_signal": 1, "kl": 1.66073, "pg": 0.02257, "elapsed_s": 2302.2}
{"step": 180, "sparse": false, "reward_mean": 0.7858, "pass_frac": 0.0, "valid_frac": 0.875, "parse_frac": 1.0, "err_frac": 0.0, "groups": 8, "groups_with_signal": 2, "kl": 0.92155, "pg": -0.00035, "elapsed_s": 2337.4}
{"step": 181, "sparse": false, "reward_mean": 0.8364, "pass_frac": 0.0, "valid_frac": 1.0, "parse_frac": 1.0, "err_frac": 0.0, "groups": 8, "groups_with_signal": 2, "kl": 0.6468, "pg": -0.01837, "elapsed_s": 2377.4}
{"step": 182, "sparse": false, "reward_mean": 0.8067, "pass_frac": 0.0938, "valid_frac": 0.875, "parse_frac": 1.0, "err_frac": 0.0, "groups": 8, "groups_with_signal": 2, "kl": 1.01981, "pg": -0.02185, "elapsed_s": 2412.2}
{"step": 183, "sparse": false, "reward_mean": 0.8304, "pass_frac": 0.0, "valid_frac": 1.0, "parse_frac": 1.0, "err_frac": 0.0, "groups": 8, "groups_with_signal": 2, "kl": 0.82432, "pg": -0.03141, "elapsed_s": 2445.5}
{"step": 184, "sparse": false, "reward_mean": 0.7709, "pass_frac": 0.0, "valid_frac": 0.875, "parse_frac": 1.0, "err_frac": 0.0, "groups": 8, "groups_with_signal": 0, "elapsed_s": 2475.8}
{"step": 185, "sparse": false, "reward_mean": 0.7557, "pass_frac": 0.0, "valid_frac": 0.875, "parse_frac": 1.0, "err_frac": 0.0, "groups": 8, "groups_with_signal": 3, "kl": 0.36389, "pg": -0.00026, "elapsed_s": 2513.7}
{"step": 186, "sparse": false, "reward_mean": 0.7859, "pass_frac": 0.0, "valid_frac": 1.0, "parse_frac": 1.0, "err_frac": 0.0, "groups": 8, "groups_with_signal": 3, "kl": 0.9676, "pg": -0.01122, "elapsed_s": 2557.4}
{"step": 187, "sparse": false, "reward_mean": 0.7913, "pass_frac": 0.0156, "valid_frac": 1.0, "parse_frac": 1.0, "err_frac": 0.0, "groups": 8, "groups_with_signal": 2, "kl": 1.04019, "pg": 0.03421, "elapsed_s": 2602.8}
{"step": 188, "sparse": false, "reward_mean": 0.8688, "pass_frac": 0.125, "valid_frac": 1.0, "parse_frac": 1.0, "err_frac": 0.0, "groups": 8, "groups_with_signal": 3, "kl": 0.69921, "pg": -0.02845, "elapsed_s": 2645.9}
{"step": 189, "sparse": false, "reward_mean": 0.7694, "pass_frac": 0.0, "valid_frac": 0.9688, "parse_frac": 0.9688, "err_frac": 0.0, "groups": 8, "groups_with_signal": 3, "kl": 0.69469, "pg": 0.00059, "elapsed_s": 2687.5}
{"step": 190, "sparse": false, "reward_mean": 0.7708, "pass_frac": 0.0, "valid_frac": 0.9844, "parse_frac": 1.0, "err_frac": 0.0, "groups": 8, "groups_with_signal": 1, "kl": 0.38, "pg": -0.00555, "elapsed_s": 2718.6}
{"step": 191, "sparse": false, "reward_mean": 0.7148, "pass_frac": 0.0, "valid_frac": 0.7812, "parse_frac": 1.0, "err_frac": 0.0, "groups": 8, "groups_with_signal": 1, "kl": 0.15396, "pg": 0.01475, "elapsed_s": 2749.3}
{"step": 192, "sparse": false, "reward_mean": 0.8025, "pass_frac": 0.0, "valid_frac": 1.0, "parse_frac": 1.0, "err_frac": 0.0, "groups": 8, "groups_with_signal": 2, "kl": 0.34991, "pg": 0.02591, "elapsed_s": 2784.0}
{"step": 193, "sparse": false, "reward_mean": 0.696, "pass_frac": 0.0, "valid_frac": 0.875, "parse_frac": 1.0, "err_frac": 0.0, "groups": 8, "groups_with_signal": 1, "kl": 0.2473, "pg": 0.02219, "elapsed_s": 2820.7}
{"step": 194, "sparse": false, "reward_mean": 0.7854, "pass_frac": 0.0, "valid_frac": 1.0, "parse_frac": 1.0, "err_frac": 0.0, "groups": 8, "groups_with_signal": 1, "kl": 1.07051, "pg": 0.00493, "elapsed_s": 2851.3}
{"step": 195, "sparse": false, "reward_mean": 0.8128, "pass_frac": 0.0, "valid_frac": 1.0, "parse_frac": 1.0, "err_frac": 0.0, "groups": 8, "groups_with_signal": 2, "kl": 0.60694, "pg": 0.02115, "elapsed_s": 2888.6}
{"step": 196, "sparse": false, "reward_mean": 0.7991, "pass_frac": 0.0, "valid_frac": 1.0, "parse_frac": 1.0, "err_frac": 0.0, "groups": 8, "groups_with_signal": 1, "kl": 1.1381, "pg": 0.04608, "elapsed_s": 2917.5}
{"step": 197, "sparse": false, "reward_mean": 0.8838, "pass_frac": 0.2344, "valid_frac": 1.0, "parse_frac": 1.0, "err_frac": 0.0, "groups": 8, "groups_with_signal": 1, "kl": 0.84898, "pg": -0.00756, "elapsed_s": 2948.2}
{"step": 198, "sparse": false, "reward_mean": 0.77, "pass_frac": 0.0, "valid_frac": 1.0, "parse_frac": 1.0, "err_frac": 0.0, "groups": 8, "groups_with_signal": 2, "kl": 0.2173, "pg": 0.01299, "elapsed_s": 2982.5}
{"step": 199, "sparse": false, "reward_mean": 0.8495, "pass_frac": 0.0, "valid_frac": 1.0, "parse_frac": 1.0, "err_frac": 0.0, "groups": 8, "groups_with_signal": 1, "kl": 1.11175, "pg": -0.01211, "elapsed_s": 3015.0}
{"step": 200, "sparse": false, "reward_mean": 0.801, "pass_frac": 0.0, "valid_frac": 1.0, "parse_frac": 1.0, "err_frac": 0.0, "groups": 8, "groups_with_signal": 2, "kl": 0.67211, "pg": -0.01639, "elapsed_s": 3053.6}
{"step": 201, "sparse": false, "reward_mean": 0.8754, "pass_frac": 0.125, "valid_frac": 1.0, "parse_frac": 1.0, "err_frac": 0.0, "groups": 8, "groups_with_signal": 1, "kl": 0.32441, "pg": 0.01679, "elapsed_s": 3085.7}
{"step": 202, "sparse": false, "reward_mean": 0.8209, "pass_frac": 0.0, "valid_frac": 1.0, "parse_frac": 1.0, "err_frac": 0.0, "groups": 8, "groups_with_signal": 3, "kl": 0.46095, "pg": -0.00944, "elapsed_s": 3126.3}
{"step": 203, "sparse": false, "reward_mean": 0.7845, "pass_frac": 0.0, "valid_frac": 0.9219, "parse_frac": 1.0, "err_frac": 0.0, "groups": 8, "groups_with_signal": 1, "kl": 0.97319, "pg": 0.0056, "elapsed_s": 3158.9}
{"step": 204, "sparse": false, "reward_mean": 0.7841, "pass_frac": 0.0, "valid_frac": 1.0, "parse_frac": 1.0, "err_frac": 0.0, "groups": 8, "groups_with_signal": 4, "kl": 0.60329, "pg": 0.00174, "elapsed_s": 3199.7}
{"step": 205, "sparse": false, "reward_mean": 0.7975, "pass_frac": 0.0, "valid_frac": 1.0, "parse_frac": 1.0, "err_frac": 0.0, "groups": 8, "groups_with_signal": 1, "kl": 0.45286, "pg": 0.00469, "elapsed_s": 3231.4}
{"step": 206, "sparse": false, "reward_mean": 0.8555, "pass_frac": 0.125, "valid_frac": 1.0, "parse_frac": 1.0, "err_frac": 0.0, "groups": 8, "groups_with_signal": 3, "kl": 0.59238, "pg": 0.01864, "elapsed_s": 3266.3}
{"step": 207, "sparse": false, "reward_mean": 0.7105, "pass_frac": 0.0, "valid_frac": 0.875, "parse_frac": 1.0, "err_frac": 0.0, "groups": 8, "groups_with_signal": 0, "elapsed_s": 3296.8}
{"step": 208, "sparse": false, "reward_mean": 0.8276, "pass_frac": 0.0, "valid_frac": 0.9688, "parse_frac": 1.0, "err_frac": 0.0, "groups": 8, "groups_with_signal": 2, "kl": 0.67213, "pg": 0.00083, "elapsed_s": 3339.0}
{"step": 209, "sparse": false, "reward_mean": 0.785, "pass_frac": 0.0, "valid_frac": 1.0, "parse_frac": 1.0, "err_frac": 0.0, "groups": 8, "groups_with_signal": 3, "kl": 0.7493, "pg": -0.00068, "elapsed_s": 3382.6}
{"step": 210, "sparse": false, "reward_mean": 0.7549, "pass_frac": 0.0, "valid_frac": 0.875, "parse_frac": 1.0, "err_frac": 0.0, "groups": 8, "groups_with_signal": 1, "kl": 0.51845, "pg": -0.00698, "elapsed_s": 3412.6}
{"step": 211, "sparse": false, "reward_mean": 0.7608, "pass_frac": 0.0, "valid_frac": 0.875, "parse_frac": 1.0, "err_frac": 0.0, "groups": 8, "groups_with_signal": 3, "kl": 0.46676, "pg": 0.00492, "elapsed_s": 3460.6}
{"step": 212, "sparse": false, "reward_mean": 0.8216, "pass_frac": 0.0, "valid_frac": 1.0, "parse_frac": 1.0, "err_frac": 0.0, "groups": 8, "groups_with_signal": 3, "kl": 0.3704, "pg": 0.00305, "elapsed_s": 3498.3}
{"step": 213, "sparse": false, "reward_mean": 0.8054, "pass_frac": 0.0, "valid_frac": 1.0, "parse_frac": 1.0, "err_frac": 0.0, "groups": 8, "groups_with_signal": 5, "kl": 0.63294, "pg": -0.01368, "elapsed_s": 3550.8}
{"step": 214, "sparse": false, "reward_mean": 0.8402, "pass_frac": 0.125, "valid_frac": 1.0, "parse_frac": 1.0, "err_frac": 0.0, "groups": 8, "groups_with_signal": 2, "kl": 0.37145, "pg": -0.04899, "elapsed_s": 3590.5}
{"step": 215, "sparse": false, "reward_mean": 0.7958, "pass_frac": 0.0, "valid_frac": 1.0, "parse_frac": 1.0, "err_frac": 0.0, "groups": 8, "groups_with_signal": 2, "kl": 0.6043, "pg": 0.0154, "elapsed_s": 3627.2}
{"step": 216, "sparse": false, "reward_mean": 0.7457, "pass_frac": 0.0, "valid_frac": 0.9375, "parse_frac": 1.0, "err_frac": 0.0, "groups": 8, "groups_with_signal": 3, "kl": 0.50645, "pg": 0.00988, "elapsed_s": 3665.3}
{"step": 217, "sparse": false, "reward_mean": 0.8273, "pass_frac": 0.0, "valid_frac": 1.0, "parse_frac": 1.0, "err_frac": 0.0, "groups": 8, "groups_with_signal": 4, "kl": 0.52475, "pg": 0.00227, "elapsed_s": 3709.0}
{"step": 218, "sparse": false, "reward_mean": 0.812, "pass_frac": 0.0, "valid_frac": 1.0, "parse_frac": 1.0, "err_frac": 0.0, "groups": 8, "groups_with_signal": 6, "kl": 0.65102, "pg": -0.03761, "elapsed_s": 3758.4}
{"step": 219, "sparse": false, "reward_mean": 0.8389, "pass_frac": 0.1094, "valid_frac": 1.0, "parse_frac": 1.0, "err_frac": 0.0, "groups": 8, "groups_with_signal": 2, "kl": 0.71821, "pg": -0.05454, "elapsed_s": 3799.3}
{"step": 220, "sparse": false, "reward_mean": 0.7702, "pass_frac": 0.0, "valid_frac": 1.0, "parse_frac": 1.0, "err_frac": 0.0, "groups": 8, "groups_with_signal": 3, "kl": 0.66074, "pg": -0.02018, "elapsed_s": 3835.7}
Writing model shards:   0%|          | 0/1 [00:00<?, ?it/s]Writing model shards: 100%|██████████| 1/1 [00:56<00:00, 56.85s/it]Writing model shards: 100%|██████████| 1/1 [00:56<00:00, 56.85s/it]
-> merged /netdisk/ldq/ckpt/m8-joint3rep-b/merged (3896s)
