Loading weights:   0%|          | 0/399 [00:00<?, ?it/s]Loading weights:  97%|█████████▋| 389/399 [00:00<00:00, 3880.13it/s]Loading weights: 100%|██████████| 399/399 [00:00<00:00, 3933.42it/s]
states: 8592 across {'guide_match': 2807, 'sans_match': 2852, 'tof_chopper': 2933}
[transformers] `use_cache=True` is incompatible with gradient checkpointing. Setting `use_cache=False`.
/netdisk/ldq/NeutronGym/benchmark/harness/m8_grpo.py:300: UserWarning: Converting a tensor with requires_grad=True to a scalar may lead to unexpected behavior.
Consider using tensor.detach() first. (Triggered internally at /__w/pytorch/pytorch/torch/csrc/autograd/generated/python_variable_methods.cpp:822.)
  kl_sum += float((kl.sum(1) / ntok).sum()); pg_sum += float((pg.sum(1) / ntok).sum())
{"step": 121, "sparse": false, "reward_mean": 0.8332, "pass_frac": 0.125, "valid_frac": 1.0, "parse_frac": 1.0, "err_frac": 0.0, "groups": 8, "groups_with_signal": 5, "kl": 0.29513, "pg": -0.00679, "elapsed_s": 56.1}
{"step": 122, "sparse": false, "reward_mean": 0.7884, "pass_frac": 0.0, "valid_frac": 1.0, "parse_frac": 1.0, "err_frac": 0.0, "groups": 8, "groups_with_signal": 2, "kl": 0.83088, "pg": -0.00037, "elapsed_s": 95.2}
{"step": 123, "sparse": false, "reward_mean": 0.8211, "pass_frac": 0.0, "valid_frac": 1.0, "parse_frac": 1.0, "err_frac": 0.0, "groups": 8, "groups_with_signal": 4, "kl": 0.21875, "pg": 0.03279, "elapsed_s": 139.1}
{"step": 124, "sparse": false, "reward_mean": 0.7779, "pass_frac": 0.0, "valid_frac": 1.0, "parse_frac": 1.0, "err_frac": 0.0, "groups": 8, "groups_with_signal": 2, "kl": 0.32149, "pg": 0.01529, "elapsed_s": 174.7}
{"step": 125, "sparse": false, "reward_mean": 0.7899, "pass_frac": 0.0, "valid_frac": 1.0, "parse_frac": 1.0, "err_frac": 0.0, "groups": 8, "groups_with_signal": 3, "kl": 0.25633, "pg": 0.0051, "elapsed_s": 211.8}
{"step": 126, "sparse": false, "reward_mean": 0.8135, "pass_frac": 0.0, "valid_frac": 1.0, "parse_frac": 1.0, "err_frac": 0.0, "groups": 8, "groups_with_signal": 6, "kl": 0.28923, "pg": 0.01639, "elapsed_s": 266.0}
{"step": 127, "sparse": false, "reward_mean": 0.7828, "pass_frac": 0.0, "valid_frac": 1.0, "parse_frac": 1.0, "err_frac": 0.0, "groups": 8, "groups_with_signal": 3, "kl": 0.18572, "pg": -0.00063, "elapsed_s": 312.1}
{"step": 128, "sparse": false, "reward_mean": 0.8067, "pass_frac": 0.0, "valid_frac": 1.0, "parse_frac": 1.0, "err_frac": 0.0, "groups": 8, "groups_with_signal": 2, "kl": 0.15822, "pg": 0.00613, "elapsed_s": 350.8}
{"step": 129, "sparse": false, "reward_mean": 0.8394, "pass_frac": 0.0781, "valid_frac": 1.0, "parse_frac": 1.0, "err_frac": 0.0, "groups": 8, "groups_with_signal": 3, "kl": 0.29305, "pg": 0.02371, "elapsed_s": 399.2}
{"step": 130, "sparse": false, "reward_mean": 0.8351, "pass_frac": 0.0938, "valid_frac": 1.0, "parse_frac": 1.0, "err_frac": 0.0, "groups": 8, "groups_with_signal": 6, "kl": 0.35221, "pg": -0.00726, "elapsed_s": 464.4}
{"step": 131, "sparse": false, "reward_mean": 0.7949, "pass_frac": 0.0, "valid_frac": 0.9844, "parse_frac": 1.0, "err_frac": 0.0, "groups": 8, "groups_with_signal": 7, "kl": 0.34881, "pg": -0.004, "elapsed_s": 533.4}
{"step": 132, "sparse": false, "reward_mean": 0.8114, "pass_frac": 0.0, "valid_frac": 1.0, "parse_frac": 1.0, "err_frac": 0.0, "groups": 8, "groups_with_signal": 3, "kl": 0.58872, "pg": 0.00266, "elapsed_s": 570.3}
{"step": 133, "sparse": false, "reward_mean": 0.8134, "pass_frac": 0.0, "valid_frac": 0.9375, "parse_frac": 1.0, "err_frac": 0.0, "groups": 8, "groups_with_signal": 3, "kl": 0.35061, "pg": -0.01434, "elapsed_s": 610.8}
{"step": 134, "sparse": false, "reward_mean": 0.7991, "pass_frac": 0.0, "valid_frac": 1.0, "parse_frac": 1.0, "err_frac": 0.0, "groups": 8, "groups_with_signal": 6, "kl": 0.42317, "pg": -0.01002, "elapsed_s": 673.6}
{"step": 135, "sparse": false, "reward_mean": 0.804, "pass_frac": 0.0, "valid_frac": 1.0, "parse_frac": 1.0, "err_frac": 0.0, "groups": 8, "groups_with_signal": 1, "kl": 0.13699, "pg": 0.00916, "elapsed_s": 704.2}
{"step": 136, "sparse": false, "reward_mean": 0.7486, "pass_frac": 0.0, "valid_frac": 0.8906, "parse_frac": 1.0, "err_frac": 0.0, "groups": 8, "groups_with_signal": 4, "kl": 0.56761, "pg": 0.00116, "elapsed_s": 750.2}
{"step": 137, "sparse": false, "reward_mean": 0.7794, "pass_frac": 0.0, "valid_frac": 0.9531, "parse_frac": 1.0, "err_frac": 0.0, "groups": 8, "groups_with_signal": 6, "kl": 0.43556, "pg": 0.00269, "elapsed_s": 805.6}
{"step": 138, "sparse": false, "reward_mean": 0.8113, "pass_frac": 0.0, "valid_frac": 0.9688, "parse_frac": 1.0, "err_frac": 0.0, "groups": 8, "groups_with_signal": 5, "kl": 0.39601, "pg": 0.0126, "elapsed_s": 852.3}
{"step": 139, "sparse": false, "reward_mean": 0.8065, "pass_frac": 0.0, "valid_frac": 1.0, "parse_frac": 1.0, "err_frac": 0.0, "groups": 8, "groups_with_signal": 6, "kl": 0.58747, "pg": 0.01618, "elapsed_s": 910.2}
{"step": 140, "sparse": false, "reward_mean": 0.7907, "pass_frac": 0.0156, "valid_frac": 1.0, "parse_frac": 1.0, "err_frac": 0.0, "groups": 8, "groups_with_signal": 4, "kl": 0.66061, "pg": -0.01568, "elapsed_s": 958.1}
{"step": 141, "sparse": false, "reward_mean": 0.7839, "pass_frac": 0.0, "valid_frac": 1.0, "parse_frac": 1.0, "err_frac": 0.0, "groups": 8, "groups_with_signal": 6, "kl": 0.38664, "pg": 0.00099, "elapsed_s": 1015.1}
{"step": 142, "sparse": false, "reward_mean": 0.8027, "pass_frac": 0.0625, "valid_frac": 0.9844, "parse_frac": 1.0, "err_frac": 0.0, "groups": 8, "groups_with_signal": 5, "kl": 0.52641, "pg": -0.0143, "elapsed_s": 1067.4}
{"step": 143, "sparse": false, "reward_mean": 0.7861, "pass_frac": 0.0, "valid_frac": 1.0, "parse_frac": 1.0, "err_frac": 0.0, "groups": 8, "groups_with_signal": 4, "kl": 0.61873, "pg": 0.00635, "elapsed_s": 1113.2}
{"step": 144, "sparse": false, "reward_mean": 0.8188, "pass_frac": 0.0, "valid_frac": 1.0, "parse_frac": 1.0, "err_frac": 0.0, "groups": 8, "groups_with_signal": 5, "kl": 0.36208, "pg": -0.0146, "elapsed_s": 1174.2}
{"step": 145, "sparse": false, "reward_mean": 0.7961, "pass_frac": 0.0, "valid_frac": 0.9844, "parse_frac": 1.0, "err_frac": 0.0, "groups": 8, "groups_with_signal": 6, "kl": 0.74686, "pg": -0.03027, "elapsed_s": 1228.8}
{"step": 146, "sparse": false, "reward_mean": 0.8042, "pass_frac": 0.0, "valid_frac": 1.0, "parse_frac": 1.0, "err_frac": 0.0, "groups": 8, "groups_with_signal": 6, "kl": 0.5284, "pg": -0.02174, "elapsed_s": 1288.9}
{"step": 147, "sparse": false, "reward_mean": 0.7922, "pass_frac": 0.0, "valid_frac": 0.9688, "parse_frac": 1.0, "err_frac": 0.0, "groups": 8, "groups_with_signal": 4, "kl": 0.43491, "pg": -0.00231, "elapsed_s": 1331.3}
{"step": 148, "sparse": false, "reward_mean": 0.7917, "pass_frac": 0.0, "valid_frac": 1.0, "parse_frac": 1.0, "err_frac": 0.0, "groups": 8, "groups_with_signal": 4, "kl": 0.70541, "pg": -0.02294, "elapsed_s": 1381.3}
{"step": 149, "sparse": false, "reward_mean": 0.787, "pass_frac": 0.0, "valid_frac": 1.0, "parse_frac": 1.0, "err_frac": 0.0, "groups": 8, "groups_with_signal": 5, "kl": 0.49648, "pg": -0.00253, "elapsed_s": 1437.6}
{"step": 150, "sparse": false, "reward_mean": 0.8094, "pass_frac": 0.0, "valid_frac": 1.0, "parse_frac": 1.0, "err_frac": 0.0, "groups": 8, "groups_with_signal": 6, "kl": 0.49885, "pg": -0.00308, "elapsed_s": 1490.4}
{"step": 151, "sparse": false, "reward_mean": 0.7957, "pass_frac": 0.0, "valid_frac": 1.0, "parse_frac": 1.0, "err_frac": 0.0, "groups": 8, "groups_with_signal": 5, "kl": 0.61449, "pg": -0.00585, "elapsed_s": 1546.0}
{"step": 152, "sparse": false, "reward_mean": 0.7922, "pass_frac": 0.0, "valid_frac": 1.0, "parse_frac": 1.0, "err_frac": 0.0, "groups": 8, "groups_with_signal": 5, "kl": 0.41212, "pg": 0.0075, "elapsed_s": 1597.6}
{"step": 153, "sparse": false, "reward_mean": 0.8181, "pass_frac": 0.0, "valid_frac": 1.0, "parse_frac": 1.0, "err_frac": 0.0, "groups": 8, "groups_with_signal": 2, "kl": 0.35448, "pg": 0.01799, "elapsed_s": 1636.8}
{"step": 154, "sparse": false, "reward_mean": 0.7059, "pass_frac": 0.0, "valid_frac": 0.875, "parse_frac": 1.0, "err_frac": 0.0, "groups": 8, "groups_with_signal": 6, "kl": 0.73605, "pg": -0.00801, "elapsed_s": 1686.7}
{"step": 155, "sparse": false, "reward_mean": 0.7867, "pass_frac": 0.0, "valid_frac": 1.0, "parse_frac": 1.0, "err_frac": 0.0, "groups": 8, "groups_with_signal": 6, "kl": 0.37947, "pg": 0.00069, "elapsed_s": 1738.0}
{"step": 156, "sparse": false, "reward_mean": 0.8396, "pass_frac": 0.125, "valid_frac": 1.0, "parse_frac": 1.0, "err_frac": 0.0, "groups": 8, "groups_with_signal": 4, "kl": 0.68057, "pg": 0.00215, "elapsed_s": 1788.7}
{"step": 157, "sparse": false, "reward_mean": 0.7967, "pass_frac": 0.0, "valid_frac": 1.0, "parse_frac": 1.0, "err_frac": 0.0, "groups": 8, "groups_with_signal": 7, "kl": 0.80423, "pg": -0.00426, "elapsed_s": 1848.4}
{"step": 158, "sparse": false, "reward_mean": 0.7958, "pass_frac": 0.0, "valid_frac": 1.0, "parse_frac": 1.0, "err_frac": 0.0, "groups": 8, "groups_with_signal": 3, "kl": 0.53004, "pg": -0.01322, "elapsed_s": 1890.1}
{"step": 159, "sparse": false, "reward_mean": 0.7872, "pass_frac": 0.0, "valid_frac": 1.0, "parse_frac": 1.0, "err_frac": 0.0, "groups": 8, "groups_with_signal": 4, "kl": 0.37406, "pg": 0.0135, "elapsed_s": 1939.2}
{"step": 160, "sparse": false, "reward_mean": 0.7908, "pass_frac": 0.0156, "valid_frac": 1.0, "parse_frac": 1.0, "err_frac": 0.0, "groups": 8, "groups_with_signal": 5, "kl": 0.68591, "pg": 0.01364, "elapsed_s": 1994.9}
{"step": 161, "sparse": false, "reward_mean": 0.811, "pass_frac": 0.0, "valid_frac": 1.0, "parse_frac": 1.0, "err_frac": 0.0, "groups": 8, "groups_with_signal": 7, "kl": 0.53184, "pg": -0.00533, "elapsed_s": 2058.6}
{"step": 162, "sparse": false, "reward_mean": 0.8528, "pass_frac": 0.0781, "valid_frac": 0.9844, "parse_frac": 1.0, "err_frac": 0.0, "groups": 8, "groups_with_signal": 6, "kl": 0.71675, "pg": 0.02183, "elapsed_s": 2115.8}
{"step": 163, "sparse": false, "reward_mean": 0.812, "pass_frac": 0.0, "valid_frac": 1.0, "parse_frac": 1.0, "err_frac": 0.0, "groups": 8, "groups_with_signal": 4, "kl": 0.62995, "pg": -0.00281, "elapsed_s": 2160.3}
{"step": 164, "sparse": false, "reward_mean": 0.8204, "pass_frac": 0.0, "valid_frac": 1.0, "parse_frac": 1.0, "err_frac": 0.0, "groups": 8, "groups_with_signal": 3, "kl": 1.11738, "pg": 0.00176, "elapsed_s": 2205.5}
{"step": 165, "sparse": false, "reward_mean": 0.8033, "pass_frac": 0.0, "valid_frac": 1.0, "parse_frac": 1.0, "err_frac": 0.0, "groups": 8, "groups_with_signal": 3, "kl": 0.50739, "pg": -0.02357, "elapsed_s": 2246.3}
{"step": 166, "sparse": false, "reward_mean": 0.73, "pass_frac": 0.0625, "valid_frac": 0.875, "parse_frac": 1.0, "err_frac": 0.0, "groups": 8, "groups_with_signal": 2, "kl": 0.67225, "pg": -0.00047, "elapsed_s": 2284.0}
{"step": 167, "sparse": false, "reward_mean": 0.7176, "pass_frac": 0.0, "valid_frac": 0.875, "parse_frac": 1.0, "err_frac": 0.0, "groups": 8, "groups_with_signal": 6, "kl": 0.66758, "pg": -0.01911, "elapsed_s": 2337.4}
{"step": 168, "sparse": false, "reward_mean": 0.8233, "pass_frac": 0.0, "valid_frac": 0.9844, "parse_frac": 1.0, "err_frac": 0.0, "groups": 8, "groups_with_signal": 4, "kl": 1.08917, "pg": -0.02787, "elapsed_s": 2379.8}
{"step": 169, "sparse": false, "reward_mean": 0.758, "pass_frac": 0.0156, "valid_frac": 0.875, "parse_frac": 1.0, "err_frac": 0.0, "groups": 8, "groups_with_signal": 3, "kl": 0.55136, "pg": -0.00487, "elapsed_s": 2414.8}
{"step": 170, "sparse": false, "reward_mean": 0.7235, "pass_frac": 0.0, "valid_frac": 0.8594, "parse_frac": 1.0, "err_frac": 0.0, "groups": 8, "groups_with_signal": 7, "kl": 0.63449, "pg": 0.00137, "elapsed_s": 2467.2}
{"step": 171, "sparse": false, "reward_mean": 0.8843, "pass_frac": 0.25, "valid_frac": 1.0, "parse_frac": 1.0, "err_frac": 0.0, "groups": 8, "groups_with_signal": 4, "kl": 0.72934, "pg": -0.01666, "elapsed_s": 2512.7}
{"step": 172, "sparse": false, "reward_mean": 0.7942, "pass_frac": 0.0469, "valid_frac": 0.9219, "parse_frac": 1.0, "err_frac": 0.0, "groups": 8, "groups_with_signal": 6, "kl": 1.18054, "pg": -0.01643, "elapsed_s": 2572.8}
{"step": 173, "sparse": false, "reward_mean": 0.8332, "pass_frac": 0.0312, "valid_frac": 1.0, "parse_frac": 1.0, "err_frac": 0.0, "groups": 8, "groups_with_signal": 6, "kl": 1.16915, "pg": -0.0166, "elapsed_s": 2635.3}
{"step": 174, "sparse": false, "reward_mean": 0.8133, "pass_frac": 0.0, "valid_frac": 1.0, "parse_frac": 1.0, "err_frac": 0.0, "groups": 8, "groups_with_signal": 4, "kl": 0.72124, "pg": -0.00956, "elapsed_s": 2679.3}
{"step": 175, "sparse": false, "reward_mean": 0.8396, "pass_frac": 0.125, "valid_frac": 1.0, "parse_frac": 1.0, "err_frac": 0.0, "groups": 8, "groups_with_signal": 5, "kl": 0.75063, "pg": -0.00933, "elapsed_s": 2725.9}
{"step": 176, "sparse": false, "reward_mean": 0.7954, "pass_frac": 0.0156, "valid_frac": 1.0, "parse_frac": 1.0, "err_frac": 0.0, "groups": 8, "groups_with_signal": 4, "kl": 0.71101, "pg": -0.01336, "elapsed_s": 2770.4}
{"step": 177, "sparse": false, "reward_mean": 0.8216, "pass_frac": 0.0, "valid_frac": 1.0, "parse_frac": 1.0, "err_frac": 0.0, "groups": 8, "groups_with_signal": 5, "kl": 0.70171, "pg": -0.01679, "elapsed_s": 2821.4}
{"step": 178, "sparse": false, "reward_mean": 0.7283, "pass_frac": 0.0625, "valid_frac": 0.875, "parse_frac": 1.0, "err_frac": 0.0, "groups": 8, "groups_with_signal": 4, "kl": 0.9674, "pg": 0.00336, "elapsed_s": 2866.0}
{"step": 179, "sparse": false, "reward_mean": 0.7373, "pass_frac": 0.0, "valid_frac": 0.9219, "parse_frac": 1.0, "err_frac": 0.0, "groups": 8, "groups_with_signal": 5, "kl": 0.78612, "pg": 0.01022, "elapsed_s": 2914.6}
{"step": 180, "sparse": false, "reward_mean": 0.8307, "pass_frac": 0.0, "valid_frac": 0.9844, "parse_frac": 1.0, "err_frac": 0.0, "groups": 8, "groups_with_signal": 5, "kl": 1.48741, "pg": 0.01089, "elapsed_s": 2967.9}
{"step": 181, "sparse": false, "reward_mean": 0.785, "pass_frac": 0.0, "valid_frac": 1.0, "parse_frac": 1.0, "err_frac": 0.0, "groups": 8, "groups_with_signal": 7, "kl": 0.90546, "pg": 0.01772, "elapsed_s": 3033.5}
{"step": 182, "sparse": false, "reward_mean": 0.846, "pass_frac": 0.125, "valid_frac": 0.9844, "parse_frac": 0.9844, "err_frac": 0.0, "groups": 8, "groups_with_signal": 6, "kl": 1.15962, "pg": -0.01534, "elapsed_s": 3095.7}
{"step": 183, "sparse": false, "reward_mean": 0.8153, "pass_frac": 0.0, "valid_frac": 1.0, "parse_frac": 1.0, "err_frac": 0.0, "groups": 8, "groups_with_signal": 1, "kl": 1.20658, "pg": 0.07499, "elapsed_s": 3126.8}
{"step": 184, "sparse": false, "reward_mean": 0.7756, "pass_frac": 0.1406, "valid_frac": 0.875, "parse_frac": 1.0, "err_frac": 0.0, "groups": 8, "groups_with_signal": 4, "kl": 1.04809, "pg": 0.02127, "elapsed_s": 3178.1}
{"step": 185, "sparse": false, "reward_mean": 0.8306, "pass_frac": 0.0469, "valid_frac": 1.0, "parse_frac": 1.0, "err_frac": 0.0, "groups": 8, "groups_with_signal": 4, "kl": 0.80145, "pg": 0.01681, "elapsed_s": 3225.7}
{"step": 186, "sparse": false, "reward_mean": 0.813, "pass_frac": 0.0312, "valid_frac": 1.0, "parse_frac": 1.0, "err_frac": 0.0, "groups": 8, "groups_with_signal": 4, "kl": 1.0905, "pg": -0.02641, "elapsed_s": 3269.9}
{"step": 187, "sparse": false, "reward_mean": 0.8896, "pass_frac": 0.1406, "valid_frac": 1.0, "parse_frac": 1.0, "err_frac": 0.0, "groups": 8, "groups_with_signal": 5, "kl": 1.05896, "pg": 0.02543, "elapsed_s": 3317.1}
{"step": 188, "sparse": false, "reward_mean": 0.7809, "pass_frac": 0.0, "valid_frac": 0.9531, "parse_frac": 1.0, "err_frac": 0.0, "groups": 8, "groups_with_signal": 6, "kl": 0.91333, "pg": 0.01673, "elapsed_s": 3368.4}
{"step": 189, "sparse": false, "reward_mean": 0.7452, "pass_frac": 0.0, "valid_frac": 0.875, "parse_frac": 1.0, "err_frac": 0.0, "groups": 8, "groups_with_signal": 7, "kl": 0.83306, "pg": 0.02308, "elapsed_s": 3419.5}
{"step": 190, "sparse": false, "reward_mean": 0.8349, "pass_frac": 0.0781, "valid_frac": 1.0, "parse_frac": 1.0, "err_frac": 0.0, "groups": 8, "groups_with_signal": 3, "kl": 0.3338, "pg": -0.00815, "elapsed_s": 3464.1}
{"step": 191, "sparse": false, "reward_mean": 0.7842, "pass_frac": 0.125, "valid_frac": 0.9375, "parse_frac": 1.0, "err_frac": 0.0, "groups": 8, "groups_with_signal": 5, "kl": 1.37419, "pg": 2e-05, "elapsed_s": 3512.0}
{"step": 192, "sparse": false, "reward_mean": 0.7368, "pass_frac": 0.0156, "valid_frac": 0.875, "parse_frac": 1.0, "err_frac": 0.0, "groups": 8, "groups_with_signal": 4, "kl": 0.96175, "pg": 0.00402, "elapsed_s": 3547.7}
{"step": 193, "sparse": false, "reward_mean": 0.776, "pass_frac": 0.0, "valid_frac": 0.9688, "parse_frac": 1.0, "err_frac": 0.0, "groups": 8, "groups_with_signal": 5, "kl": 1.19754, "pg": -0.00168, "elapsed_s": 3590.4}
{"step": 194, "sparse": false, "reward_mean": 0.8573, "pass_frac": 0.2344, "valid_frac": 0.9531, "parse_frac": 1.0, "err_frac": 0.0, "groups": 8, "groups_with_signal": 5, "kl": 1.11034, "pg": -0.01301, "elapsed_s": 3644.5}
{"step": 195, "sparse": false, "reward_mean": 0.8252, "pass_frac": 0.0, "valid_frac": 1.0, "parse_frac": 1.0, "err_frac": 0.0, "groups": 8, "groups_with_signal": 3, "kl": 1.05861, "pg": -0.0047, "elapsed_s": 3684.2}
{"step": 196, "sparse": false, "reward_mean": 0.844, "pass_frac": 0.1094, "valid_frac": 1.0, "parse_frac": 1.0, "err_frac": 0.0, "groups": 8, "groups_with_signal": 4, "kl": 0.57493, "pg": -0.00919, "elapsed_s": 3732.3}
{"step": 197, "sparse": false, "reward_mean": 0.8074, "pass_frac": 0.0, "valid_frac": 0.9844, "parse_frac": 1.0, "err_frac": 0.0, "groups": 8, "groups_with_signal": 2, "kl": 1.26439, "pg": -0.04246, "elapsed_s": 3772.2}
{"step": 198, "sparse": false, "reward_mean": 0.8392, "pass_frac": 0.0, "valid_frac": 1.0, "parse_frac": 1.0, "err_frac": 0.0, "groups": 8, "groups_with_signal": 4, "kl": 0.97148, "pg": 0.00825, "elapsed_s": 3820.7}
{"step": 199, "sparse": false, "reward_mean": 0.7917, "pass_frac": 0.1562, "valid_frac": 0.9219, "parse_frac": 1.0, "err_frac": 0.0, "groups": 8, "groups_with_signal": 5, "kl": 1.06316, "pg": 0.0027, "elapsed_s": 3867.1}
{"step": 200, "sparse": false, "reward_mean": 0.8707, "pass_frac": 0.125, "valid_frac": 1.0, "parse_frac": 1.0, "err_frac": 0.0, "groups": 8, "groups_with_signal": 5, "kl": 0.63803, "pg": 0.00524, "elapsed_s": 3921.2}
{"step": 201, "sparse": false, "reward_mean": 0.8403, "pass_frac": 0.0156, "valid_frac": 1.0, "parse_frac": 1.0, "err_frac": 0.0, "groups": 8, "groups_with_signal": 7, "kl": 0.67501, "pg": -0.0182, "elapsed_s": 3980.8}
{"step": 202, "sparse": false, "reward_mean": 0.8411, "pass_frac": 0.0, "valid_frac": 1.0, "parse_frac": 1.0, "err_frac": 0.0, "groups": 8, "groups_with_signal": 3, "kl": 0.73608, "pg": -0.00676, "elapsed_s": 4020.7}
{"step": 203, "sparse": false, "reward_mean": 0.8557, "pass_frac": 0.0156, "valid_frac": 1.0, "parse_frac": 1.0, "err_frac": 0.0, "groups": 8, "groups_with_signal": 5, "kl": 0.92342, "pg": 6e-05, "elapsed_s": 4069.8}
{"step": 204, "sparse": false, "reward_mean": 0.9392, "pass_frac": 0.3125, "valid_frac": 1.0, "parse_frac": 1.0, "err_frac": 0.0, "groups": 8, "groups_with_signal": 5, "kl": 0.84787, "pg": 0.0077, "elapsed_s": 4119.9}
{"step": 205, "sparse": false, "reward_mean": 0.8634, "pass_frac": 0.1094, "valid_frac": 1.0, "parse_frac": 1.0, "err_frac": 0.0, "groups": 8, "groups_with_signal": 7, "kl": 0.99024, "pg": -0.00706, "elapsed_s": 4170.2}
{"step": 206, "sparse": false, "reward_mean": 0.8279, "pass_frac": 0.0625, "valid_frac": 1.0, "parse_frac": 1.0, "err_frac": 0.0, "groups": 8, "groups_with_signal": 5, "kl": 1.19559, "pg": 0.00367, "elapsed_s": 4222.8}
{"step": 207, "sparse": false, "reward_mean": 0.8257, "pass_frac": 0.0, "valid_frac": 1.0, "parse_frac": 1.0, "err_frac": 0.0, "groups": 8, "groups_with_signal": 6, "kl": 1.08405, "pg": -0.0139, "elapsed_s": 4278.1}
{"step": 208, "sparse": false, "reward_mean": 0.8684, "pass_frac": 0.1406, "valid_frac": 1.0, "parse_frac": 1.0, "err_frac": 0.0, "groups": 8, "groups_with_signal": 6, "kl": 0.74522, "pg": 0.00177, "elapsed_s": 4335.3}
{"step": 209, "sparse": false, "reward_mean": 0.8256, "pass_frac": 0.0, "valid_frac": 1.0, "parse_frac": 1.0, "err_frac": 0.0, "groups": 8, "groups_with_signal": 7, "kl": 0.96518, "pg": -0.01843, "elapsed_s": 4397.6}
{"step": 210, "sparse": false, "reward_mean": 0.8224, "pass_frac": 0.0, "valid_frac": 1.0, "parse_frac": 1.0, "err_frac": 0.0, "groups": 8, "groups_with_signal": 7, "kl": 0.53023, "pg": 0.011, "elapsed_s": 4458.6}
{"step": 211, "sparse": false, "reward_mean": 0.9055, "pass_frac": 0.2344, "valid_frac": 1.0, "parse_frac": 1.0, "err_frac": 0.0, "groups": 8, "groups_with_signal": 7, "kl": 0.7096, "pg": -0.00067, "elapsed_s": 4522.3}
{"step": 212, "sparse": false, "reward_mean": 0.8977, "pass_frac": 0.1875, "valid_frac": 1.0, "parse_frac": 1.0, "err_frac": 0.0, "groups": 8, "groups_with_signal": 7, "kl": 0.85245, "pg": -0.00037, "elapsed_s": 4588.3}
{"step": 213, "sparse": false, "reward_mean": 0.8624, "pass_frac": 0.1094, "valid_frac": 1.0, "parse_frac": 1.0, "err_frac": 0.0, "groups": 8, "groups_with_signal": 5, "kl": 0.78828, "pg": -0.03738, "elapsed_s": 4632.5}
{"step": 214, "sparse": false, "reward_mean": 0.871, "pass_frac": 0.1875, "valid_frac": 1.0, "parse_frac": 1.0, "err_frac": 0.0, "groups": 8, "groups_with_signal": 5, "kl": 1.00209, "pg": -0.01256, "elapsed_s": 4679.7}
{"step": 215, "sparse": false, "reward_mean": 0.8611, "pass_frac": 0.0938, "valid_frac": 1.0, "parse_frac": 1.0, "err_frac": 0.0, "groups": 8, "groups_with_signal": 3, "kl": 0.83255, "pg": -0.02974, "elapsed_s": 4725.9}
{"step": 216, "sparse": false, "reward_mean": 0.7092, "pass_frac": 0.0, "valid_frac": 0.875, "parse_frac": 1.0, "err_frac": 0.0, "groups": 8, "groups_with_signal": 4, "kl": 0.91295, "pg": 0.014, "elapsed_s": 4769.2}
{"step": 217, "sparse": false, "reward_mean": 0.8071, "pass_frac": 0.0156, "valid_frac": 1.0, "parse_frac": 1.0, "err_frac": 0.0, "groups": 8, "groups_with_signal": 5, "kl": 0.81401, "pg": 0.0129, "elapsed_s": 4814.2}
{"step": 218, "sparse": false, "reward_mean": 0.8443, "pass_frac": 0.0, "valid_frac": 1.0, "parse_frac": 1.0, "err_frac": 0.0, "groups": 8, "groups_with_signal": 3, "kl": 0.82147, "pg": 0.02924, "elapsed_s": 4857.4}
{"step": 219, "sparse": false, "reward_mean": 0.8186, "pass_frac": 0.0156, "valid_frac": 1.0, "parse_frac": 1.0, "err_frac": 0.0, "groups": 8, "groups_with_signal": 6, "kl": 0.76699, "pg": 0.00633, "elapsed_s": 4915.7}
{"step": 220, "sparse": false, "reward_mean": 0.815, "pass_frac": 0.0, "valid_frac": 1.0, "parse_frac": 1.0, "err_frac": 0.0, "groups": 8, "groups_with_signal": 4, "kl": 0.6296, "pg": -0.01635, "elapsed_s": 4964.6}
Writing model shards:   0%|          | 0/1 [00:00<?, ?it/s]Writing model shards: 100%|██████████| 1/1 [00:48<00:00, 48.57s/it]Writing model shards: 100%|██████████| 1/1 [00:48<00:00, 48.57s/it]
-> merged /netdisk/ldq/ckpt/m8-jointgrpo-b/merged (5017s)
