Loading weights:   0%|          | 0/399 [00:00<?, ?it/s]Loading weights: 100%|██████████| 399/399 [00:00<00:00, 4098.20it/s]
states: 8592 across {'guide_match': 2807, 'sans_match': 2852, 'tof_chopper': 2933}
[transformers] `use_cache=True` is incompatible with gradient checkpointing. Setting `use_cache=False`.
/netdisk/ldq/NeutronGym/benchmark/harness/m8_grpo.py:300: UserWarning: Converting a tensor with requires_grad=True to a scalar may lead to unexpected behavior.
Consider using tensor.detach() first. (Triggered internally at /__w/pytorch/pytorch/torch/csrc/autograd/generated/python_variable_methods.cpp:822.)
  kl_sum += float((kl.sum(1) / ntok).sum()); pg_sum += float((pg.sum(1) / ntok).sum())
{"step": 1, "sparse": false, "reward_mean": 0.676, "pass_frac": 0.0, "valid_frac": 0.6094, "parse_frac": 1.0, "err_frac": 0.0, "groups": 8, "groups_with_signal": 3, "kl": 0.0, "pg": -0.02205, "elapsed_s": 49.4}
{"step": 2, "sparse": false, "reward_mean": 0.7297, "pass_frac": 0.0, "valid_frac": 0.7656, "parse_frac": 1.0, "err_frac": 0.0, "groups": 8, "groups_with_signal": 6, "kl": 0.00033, "pg": -0.0154, "elapsed_s": 112.9}
{"step": 3, "sparse": false, "reward_mean": 0.7622, "pass_frac": 0.0, "valid_frac": 0.9375, "parse_frac": 1.0, "err_frac": 0.0, "groups": 8, "groups_with_signal": 5, "kl": 0.00033, "pg": 0.02567, "elapsed_s": 156.2}
{"step": 4, "sparse": false, "reward_mean": 0.7733, "pass_frac": 0.0156, "valid_frac": 0.9531, "parse_frac": 1.0, "err_frac": 0.0, "groups": 8, "groups_with_signal": 5, "kl": 0.00087, "pg": -0.01589, "elapsed_s": 203.8}
{"step": 5, "sparse": false, "reward_mean": 0.8605, "pass_frac": 0.1094, "valid_frac": 1.0, "parse_frac": 1.0, "err_frac": 0.0, "groups": 8, "groups_with_signal": 3, "kl": 0.00041, "pg": -0.01355, "elapsed_s": 246.9}
{"step": 6, "sparse": false, "reward_mean": 0.7758, "pass_frac": 0.0, "valid_frac": 1.0, "parse_frac": 1.0, "err_frac": 0.0, "groups": 8, "groups_with_signal": 3, "kl": 0.00249, "pg": 0.012, "elapsed_s": 279.9}
{"step": 7, "sparse": false, "reward_mean": 0.6868, "pass_frac": 0.0, "valid_frac": 0.6875, "parse_frac": 1.0, "err_frac": 0.0, "groups": 8, "groups_with_signal": 3, "kl": 0.00385, "pg": -0.0004, "elapsed_s": 323.7}
{"step": 8, "sparse": false, "reward_mean": 0.8115, "pass_frac": 0.0, "valid_frac": 1.0, "parse_frac": 1.0, "err_frac": 0.0, "groups": 8, "groups_with_signal": 5, "kl": 0.00073, "pg": 0.00853, "elapsed_s": 375.0}
{"step": 9, "sparse": false, "reward_mean": 0.7658, "pass_frac": 0.0, "valid_frac": 0.8906, "parse_frac": 1.0, "err_frac": 0.0, "groups": 8, "groups_with_signal": 5, "kl": 0.00096, "pg": -0.00068, "elapsed_s": 425.0}
{"step": 10, "sparse": false, "reward_mean": 0.723, "pass_frac": 0.0, "valid_frac": 0.75, "parse_frac": 1.0, "err_frac": 0.0, "groups": 8, "groups_with_signal": 5, "kl": 0.00083, "pg": 0.00664, "elapsed_s": 475.2}
{"step": 11, "sparse": false, "reward_mean": 0.755, "pass_frac": 0.0, "valid_frac": 0.875, "parse_frac": 1.0, "err_frac": 0.0, "groups": 8, "groups_with_signal": 3, "kl": 0.00084, "pg": 0.02474, "elapsed_s": 517.3}
{"step": 12, "sparse": false, "reward_mean": 0.7733, "pass_frac": 0.0, "valid_frac": 0.9844, "parse_frac": 1.0, "err_frac": 0.0, "groups": 8, "groups_with_signal": 5, "kl": 0.00135, "pg": -0.02958, "elapsed_s": 560.0}
{"step": 13, "sparse": false, "reward_mean": 0.7206, "pass_frac": 0.0, "valid_frac": 0.8125, "parse_frac": 1.0, "err_frac": 0.0, "groups": 8, "groups_with_signal": 4, "kl": 0.00141, "pg": 0.01147, "elapsed_s": 614.3}
{"step": 14, "sparse": false, "reward_mean": 0.7421, "pass_frac": 0.0938, "valid_frac": 0.7812, "parse_frac": 1.0, "err_frac": 0.0, "groups": 8, "groups_with_signal": 4, "kl": 0.00084, "pg": -0.00212, "elapsed_s": 658.5}
{"step": 15, "sparse": false, "reward_mean": 0.722, "pass_frac": 0.0781, "valid_frac": 0.6562, "parse_frac": 1.0, "err_frac": 0.0, "groups": 8, "groups_with_signal": 5, "kl": 0.00172, "pg": 0.00494, "elapsed_s": 709.9}
{"step": 16, "sparse": false, "reward_mean": 0.7956, "pass_frac": 0.0, "valid_frac": 1.0, "parse_frac": 1.0, "err_frac": 0.0, "groups": 8, "groups_with_signal": 3, "kl": 0.00365, "pg": -0.02816, "elapsed_s": 748.6}
{"step": 17, "sparse": false, "reward_mean": 0.7592, "pass_frac": 0.0, "valid_frac": 0.9219, "parse_frac": 1.0, "err_frac": 0.0, "groups": 8, "groups_with_signal": 3, "kl": 0.00054, "pg": 0.01262, "elapsed_s": 786.9}
{"step": 18, "sparse": false, "reward_mean": 0.7576, "pass_frac": 0.0, "valid_frac": 0.875, "parse_frac": 1.0, "err_frac": 0.0, "groups": 8, "groups_with_signal": 5, "kl": 0.00245, "pg": -0.00772, "elapsed_s": 841.6}
{"step": 19, "sparse": false, "reward_mean": 0.7064, "pass_frac": 0.0, "valid_frac": 0.75, "parse_frac": 1.0, "err_frac": 0.0, "groups": 8, "groups_with_signal": 4, "kl": 0.00523, "pg": 0.01683, "elapsed_s": 888.4}
{"step": 20, "sparse": false, "reward_mean": 0.7007, "pass_frac": 0.0, "valid_frac": 0.75, "parse_frac": 1.0, "err_frac": 0.0, "groups": 8, "groups_with_signal": 4, "kl": 0.00303, "pg": -0.00203, "elapsed_s": 935.7}
{"step": 21, "sparse": false, "reward_mean": 0.7452, "pass_frac": 0.0, "valid_frac": 0.875, "parse_frac": 1.0, "err_frac": 0.0, "groups": 8, "groups_with_signal": 4, "kl": 0.02218, "pg": -0.04344, "elapsed_s": 976.6}
{"step": 22, "sparse": false, "reward_mean": 0.7244, "pass_frac": 0.0625, "valid_frac": 0.7188, "parse_frac": 1.0, "err_frac": 0.0, "groups": 8, "groups_with_signal": 6, "kl": 0.0148, "pg": 0.01803, "elapsed_s": 1033.2}
{"step": 23, "sparse": false, "reward_mean": 0.7719, "pass_frac": 0.0, "valid_frac": 1.0, "parse_frac": 1.0, "err_frac": 0.0, "groups": 8, "groups_with_signal": 4, "kl": 0.01135, "pg": 0.00023, "elapsed_s": 1076.1}
{"step": 24, "sparse": false, "reward_mean": 0.7465, "pass_frac": 0.0, "valid_frac": 0.875, "parse_frac": 1.0, "err_frac": 0.0, "groups": 8, "groups_with_signal": 5, "kl": 0.018, "pg": 0.00826, "elapsed_s": 1121.9}
{"step": 25, "sparse": false, "reward_mean": 0.7158, "pass_frac": 0.0, "valid_frac": 0.75, "parse_frac": 1.0, "err_frac": 0.0, "groups": 8, "groups_with_signal": 5, "kl": 0.00496, "pg": -0.00548, "elapsed_s": 1169.8}
{"step": 26, "sparse": false, "reward_mean": 0.8199, "pass_frac": 0.0, "valid_frac": 0.9531, "parse_frac": 1.0, "err_frac": 0.0, "groups": 8, "groups_with_signal": 4, "kl": 0.0055, "pg": 0.0323, "elapsed_s": 1217.9}
{"step": 27, "sparse": false, "reward_mean": 0.7461, "pass_frac": 0.0, "valid_frac": 0.875, "parse_frac": 1.0, "err_frac": 0.0, "groups": 8, "groups_with_signal": 7, "kl": 0.02494, "pg": 0.01575, "elapsed_s": 1275.8}
{"step": 28, "sparse": false, "reward_mean": 0.8147, "pass_frac": 0.0469, "valid_frac": 1.0, "parse_frac": 1.0, "err_frac": 0.0, "groups": 8, "groups_with_signal": 4, "kl": 0.0103, "pg": -0.01274, "elapsed_s": 1321.3}
{"step": 29, "sparse": false, "reward_mean": 0.7168, "pass_frac": 0.0, "valid_frac": 0.7812, "parse_frac": 1.0, "err_frac": 0.0, "groups": 8, "groups_with_signal": 4, "kl": 0.00987, "pg": 0.02349, "elapsed_s": 1367.7}
{"step": 30, "sparse": false, "reward_mean": 0.7554, "pass_frac": 0.125, "valid_frac": 0.7812, "parse_frac": 1.0, "err_frac": 0.0, "groups": 8, "groups_with_signal": 4, "kl": 0.04685, "pg": 0.00303, "elapsed_s": 1425.8}
{"step": 31, "sparse": false, "reward_mean": 0.7835, "pass_frac": 0.0938, "valid_frac": 0.9531, "parse_frac": 1.0, "err_frac": 0.0, "groups": 8, "groups_with_signal": 6, "kl": 0.04127, "pg": -0.00899, "elapsed_s": 1475.5}
{"step": 32, "sparse": false, "reward_mean": 0.7468, "pass_frac": 0.0, "valid_frac": 0.875, "parse_frac": 1.0, "err_frac": 0.0, "groups": 8, "groups_with_signal": 1, "kl": 0.03696, "pg": 0.0142, "elapsed_s": 1507.2}
{"step": 33, "sparse": false, "reward_mean": 0.7893, "pass_frac": 0.0, "valid_frac": 1.0, "parse_frac": 1.0, "err_frac": 0.0, "groups": 8, "groups_with_signal": 5, "kl": 0.03067, "pg": 0.00091, "elapsed_s": 1563.7}
{"step": 34, "sparse": false, "reward_mean": 0.7487, "pass_frac": 0.0, "valid_frac": 0.8438, "parse_frac": 1.0, "err_frac": 0.0, "groups": 8, "groups_with_signal": 3, "kl": 0.02372, "pg": -0.00474, "elapsed_s": 1602.4}
{"step": 35, "sparse": false, "reward_mean": 0.7816, "pass_frac": 0.0, "valid_frac": 1.0, "parse_frac": 1.0, "err_frac": 0.0, "groups": 8, "groups_with_signal": 3, "kl": 0.01462, "pg": -0.00585, "elapsed_s": 1650.2}
{"step": 36, "sparse": false, "reward_mean": 0.7128, "pass_frac": 0.0, "valid_frac": 0.75, "parse_frac": 1.0, "err_frac": 0.0, "groups": 8, "groups_with_signal": 7, "kl": 0.03359, "pg": 0.01366, "elapsed_s": 1707.9}
{"step": 37, "sparse": false, "reward_mean": 0.7838, "pass_frac": 0.0, "valid_frac": 0.9688, "parse_frac": 1.0, "err_frac": 0.0, "groups": 8, "groups_with_signal": 5, "kl": 0.05282, "pg": 0.00048, "elapsed_s": 1761.3}
{"step": 38, "sparse": false, "reward_mean": 0.7453, "pass_frac": 0.0, "valid_frac": 0.8438, "parse_frac": 1.0, "err_frac": 0.0, "groups": 8, "groups_with_signal": 7, "kl": 0.02428, "pg": 0.00277, "elapsed_s": 1821.1}
{"step": 39, "sparse": false, "reward_mean": 0.7288, "pass_frac": 0.0, "valid_frac": 0.7812, "parse_frac": 1.0, "err_frac": 0.0, "groups": 8, "groups_with_signal": 5, "kl": 0.0171, "pg": -0.01083, "elapsed_s": 1872.0}
{"step": 40, "sparse": false, "reward_mean": 0.7672, "pass_frac": 0.0156, "valid_frac": 0.875, "parse_frac": 1.0, "err_frac": 0.0, "groups": 8, "groups_with_signal": 6, "kl": 0.02874, "pg": 0.00798, "elapsed_s": 1930.1}
{"step": 41, "sparse": false, "reward_mean": 0.7446, "pass_frac": 0.0, "valid_frac": 0.8906, "parse_frac": 1.0, "err_frac": 0.0, "groups": 8, "groups_with_signal": 6, "kl": 0.04742, "pg": 0.00562, "elapsed_s": 1986.5}
{"step": 42, "sparse": false, "reward_mean": 0.7875, "pass_frac": 0.0, "valid_frac": 1.0, "parse_frac": 1.0, "err_frac": 0.0, "groups": 8, "groups_with_signal": 6, "kl": 0.03929, "pg": -0.00576, "elapsed_s": 2040.0}
{"step": 43, "sparse": false, "reward_mean": 0.7779, "pass_frac": 0.125, "valid_frac": 0.875, "parse_frac": 1.0, "err_frac": 0.0, "groups": 8, "groups_with_signal": 2, "kl": 0.03526, "pg": 0.01109, "elapsed_s": 2073.9}
{"step": 44, "sparse": false, "reward_mean": 0.7973, "pass_frac": 0.0, "valid_frac": 1.0, "parse_frac": 1.0, "err_frac": 0.0, "groups": 8, "groups_with_signal": 5, "kl": 0.0633, "pg": 0.01416, "elapsed_s": 2116.0}
{"step": 45, "sparse": false, "reward_mean": 0.7336, "pass_frac": 0.0, "valid_frac": 0.8281, "parse_frac": 1.0, "err_frac": 0.0, "groups": 8, "groups_with_signal": 3, "kl": 0.06598, "pg": -0.01075, "elapsed_s": 2154.4}
{"step": 46, "sparse": false, "reward_mean": 0.7459, "pass_frac": 0.0, "valid_frac": 0.875, "parse_frac": 1.0, "err_frac": 0.0, "groups": 8, "groups_with_signal": 5, "kl": 0.05116, "pg": 0.02028, "elapsed_s": 2208.7}
{"step": 47, "sparse": false, "reward_mean": 0.8064, "pass_frac": 0.0781, "valid_frac": 0.9531, "parse_frac": 1.0, "err_frac": 0.0, "groups": 8, "groups_with_signal": 5, "kl": 0.1334, "pg": -0.02631, "elapsed_s": 2258.0}
{"step": 48, "sparse": false, "reward_mean": 0.8106, "pass_frac": 0.0, "valid_frac": 1.0, "parse_frac": 1.0, "err_frac": 0.0, "groups": 8, "groups_with_signal": 4, "kl": 0.04852, "pg": -0.02592, "elapsed_s": 2300.6}
{"step": 49, "sparse": false, "reward_mean": 0.767, "pass_frac": 0.0938, "valid_frac": 0.9062, "parse_frac": 1.0, "err_frac": 0.0, "groups": 8, "groups_with_signal": 4, "kl": 0.06799, "pg": -0.01785, "elapsed_s": 2345.8}
{"step": 50, "sparse": false, "reward_mean": 0.7668, "pass_frac": 0.0312, "valid_frac": 0.9062, "parse_frac": 1.0, "err_frac": 0.0, "groups": 8, "groups_with_signal": 5, "kl": 0.06192, "pg": 0.00735, "elapsed_s": 2391.8}
{"step": 51, "sparse": false, "reward_mean": 0.7352, "pass_frac": 0.0, "valid_frac": 0.875, "parse_frac": 1.0, "err_frac": 0.0, "groups": 8, "groups_with_signal": 4, "kl": 0.03161, "pg": -0.02009, "elapsed_s": 2432.5}
{"step": 52, "sparse": false, "reward_mean": 0.78, "pass_frac": 0.0156, "valid_frac": 0.9375, "parse_frac": 1.0, "err_frac": 0.0, "groups": 8, "groups_with_signal": 3, "kl": 0.09338, "pg": 0.00765, "elapsed_s": 2475.8}
{"step": 53, "sparse": false, "reward_mean": 0.7453, "pass_frac": 0.0, "valid_frac": 0.875, "parse_frac": 1.0, "err_frac": 0.0, "groups": 8, "groups_with_signal": 4, "kl": 0.0495, "pg": 0.01108, "elapsed_s": 2518.3}
{"step": 54, "sparse": false, "reward_mean": 0.79, "pass_frac": 0.0, "valid_frac": 0.9844, "parse_frac": 1.0, "err_frac": 0.0, "groups": 8, "groups_with_signal": 6, "kl": 0.05031, "pg": 0.01548, "elapsed_s": 2571.2}
{"step": 55, "sparse": false, "reward_mean": 0.7747, "pass_frac": 0.0, "valid_frac": 0.9375, "parse_frac": 1.0, "err_frac": 0.0, "groups": 8, "groups_with_signal": 5, "kl": 0.02362, "pg": -0.00547, "elapsed_s": 2621.2}
{"step": 56, "sparse": false, "reward_mean": 0.7581, "pass_frac": 0.0, "valid_frac": 0.875, "parse_frac": 1.0, "err_frac": 0.0, "groups": 8, "groups_with_signal": 5, "kl": 0.06694, "pg": 0.00549, "elapsed_s": 2677.6}
{"step": 57, "sparse": false, "reward_mean": 0.7747, "pass_frac": 0.0, "valid_frac": 0.9688, "parse_frac": 1.0, "err_frac": 0.0, "groups": 8, "groups_with_signal": 2, "kl": 0.06301, "pg": -0.03195, "elapsed_s": 2712.1}
{"step": 58, "sparse": false, "reward_mean": 0.7651, "pass_frac": 0.0, "valid_frac": 0.9375, "parse_frac": 1.0, "err_frac": 0.0, "groups": 8, "groups_with_signal": 5, "kl": 0.07224, "pg": -0.01457, "elapsed_s": 2764.1}
{"step": 59, "sparse": false, "reward_mean": 0.7735, "pass_frac": 0.0, "valid_frac": 1.0, "parse_frac": 1.0, "err_frac": 0.0, "groups": 8, "groups_with_signal": 7, "kl": 0.07896, "pg": -0.00513, "elapsed_s": 2820.3}
{"step": 60, "sparse": false, "reward_mean": 0.7954, "pass_frac": 0.0, "valid_frac": 1.0, "parse_frac": 1.0, "err_frac": 0.0, "groups": 8, "groups_with_signal": 2, "kl": 0.08669, "pg": 0.01907, "elapsed_s": 2857.0}
{"step": 61, "sparse": false, "reward_mean": 0.7934, "pass_frac": 0.0, "valid_frac": 1.0, "parse_frac": 1.0, "err_frac": 0.0, "groups": 8, "groups_with_signal": 7, "kl": 0.05642, "pg": 0.00356, "elapsed_s": 2908.3}
{"step": 62, "sparse": false, "reward_mean": 0.7831, "pass_frac": 0.0, "valid_frac": 1.0, "parse_frac": 1.0, "err_frac": 0.0, "groups": 8, "groups_with_signal": 7, "kl": 0.11413, "pg": -0.00763, "elapsed_s": 2963.2}
{"step": 63, "sparse": false, "reward_mean": 0.7839, "pass_frac": 0.0, "valid_frac": 1.0, "parse_frac": 1.0, "err_frac": 0.0, "groups": 8, "groups_with_signal": 5, "kl": 0.07762, "pg": -0.00508, "elapsed_s": 3008.7}
{"step": 64, "sparse": false, "reward_mean": 0.7267, "pass_frac": 0.0, "valid_frac": 0.7344, "parse_frac": 1.0, "err_frac": 0.0, "groups": 8, "groups_with_signal": 4, "kl": 0.0587, "pg": 0.00399, "elapsed_s": 3051.7}
{"step": 65, "sparse": false, "reward_mean": 0.7778, "pass_frac": 0.0, "valid_frac": 1.0, "parse_frac": 1.0, "err_frac": 0.0, "groups": 8, "groups_with_signal": 5, "kl": 0.06509, "pg": 0.00806, "elapsed_s": 3099.2}
{"step": 66, "sparse": false, "reward_mean": 0.7659, "pass_frac": 0.0, "valid_frac": 0.8906, "parse_frac": 1.0, "err_frac": 0.0, "groups": 8, "groups_with_signal": 3, "kl": 0.05788, "pg": 0.01071, "elapsed_s": 3140.2}
{"step": 67, "sparse": false, "reward_mean": 0.7026, "pass_frac": 0.0, "valid_frac": 0.75, "parse_frac": 1.0, "err_frac": 0.0, "groups": 8, "groups_with_signal": 4, "kl": 0.05167, "pg": -0.01983, "elapsed_s": 3180.5}
{"step": 68, "sparse": false, "reward_mean": 0.7325, "pass_frac": 0.0, "valid_frac": 0.875, "parse_frac": 1.0, "err_frac": 0.0, "groups": 8, "groups_with_signal": 6, "kl": 0.09442, "pg": 0.01861, "elapsed_s": 3228.8}
{"step": 69, "sparse": false, "reward_mean": 0.7364, "pass_frac": 0.0, "valid_frac": 0.8125, "parse_frac": 1.0, "err_frac": 0.0, "groups": 8, "groups_with_signal": 4, "kl": 0.09103, "pg": 0.00022, "elapsed_s": 3273.6}
{"step": 70, "sparse": false, "reward_mean": 0.796, "pass_frac": 0.0, "valid_frac": 1.0, "parse_frac": 1.0, "err_frac": 0.0, "groups": 8, "groups_with_signal": 6, "kl": 0.09468, "pg": 0.00217, "elapsed_s": 3324.7}
{"step": 71, "sparse": false, "reward_mean": 0.6814, "pass_frac": 0.0, "valid_frac": 0.875, "parse_frac": 1.0, "err_frac": 0.0, "groups": 8, "groups_with_signal": 5, "kl": 0.11514, "pg": -0.01572, "elapsed_s": 3372.6}
{"step": 72, "sparse": false, "reward_mean": 0.8421, "pass_frac": 0.0781, "valid_frac": 0.9844, "parse_frac": 1.0, "err_frac": 0.0, "groups": 8, "groups_with_signal": 6, "kl": 0.0987, "pg": -0.0019, "elapsed_s": 3424.7}
{"step": 73, "sparse": false, "reward_mean": 0.7447, "pass_frac": 0.0, "valid_frac": 0.9062, "parse_frac": 1.0, "err_frac": 0.0, "groups": 8, "groups_with_signal": 8, "kl": 0.10809, "pg": -0.00633, "elapsed_s": 3489.6}
{"step": 74, "sparse": false, "reward_mean": 0.7727, "pass_frac": 0.0, "valid_frac": 0.9531, "parse_frac": 1.0, "err_frac": 0.0, "groups": 8, "groups_with_signal": 3, "kl": 0.11028, "pg": 0.01366, "elapsed_s": 3535.7}
{"step": 75, "sparse": false, "reward_mean": 0.7706, "pass_frac": 0.0, "valid_frac": 0.9688, "parse_frac": 1.0, "err_frac": 0.0, "groups": 8, "groups_with_signal": 5, "kl": 0.08662, "pg": -0.01726, "elapsed_s": 3584.5}
{"step": 76, "sparse": false, "reward_mean": 0.7903, "pass_frac": 0.0, "valid_frac": 1.0, "parse_frac": 1.0, "err_frac": 0.0, "groups": 8, "groups_with_signal": 5, "kl": 0.07336, "pg": -0.00837, "elapsed_s": 3635.6}
{"step": 77, "sparse": false, "reward_mean": 0.7214, "pass_frac": 0.0, "valid_frac": 0.8281, "parse_frac": 1.0, "err_frac": 0.0, "groups": 8, "groups_with_signal": 3, "kl": 0.14398, "pg": -0.02, "elapsed_s": 3684.0}
{"step": 78, "sparse": false, "reward_mean": 0.829, "pass_frac": 0.0, "valid_frac": 1.0, "parse_frac": 1.0, "err_frac": 0.0, "groups": 8, "groups_with_signal": 7, "kl": 0.10426, "pg": 0.01249, "elapsed_s": 3738.6}
{"step": 79, "sparse": false, "reward_mean": 0.7808, "pass_frac": 0.0, "valid_frac": 1.0, "parse_frac": 1.0, "err_frac": 0.0, "groups": 8, "groups_with_signal": 5, "kl": 0.11967, "pg": -0.02068, "elapsed_s": 3797.3}
{"step": 80, "sparse": false, "reward_mean": 0.7742, "pass_frac": 0.0, "valid_frac": 1.0, "parse_frac": 1.0, "err_frac": 0.0, "groups": 8, "groups_with_signal": 1, "kl": 0.26538, "pg": -0.01628, "elapsed_s": 3828.2}
{"step": 81, "sparse": false, "reward_mean": 0.7239, "pass_frac": 0.0, "valid_frac": 0.8438, "parse_frac": 1.0, "err_frac": 0.0, "groups": 8, "groups_with_signal": 5, "kl": 0.16132, "pg": 0.00693, "elapsed_s": 3882.3}
{"step": 82, "sparse": false, "reward_mean": 0.7819, "pass_frac": 0.0, "valid_frac": 0.9844, "parse_frac": 1.0, "err_frac": 0.0, "groups": 8, "groups_with_signal": 5, "kl": 0.07382, "pg": 0.00665, "elapsed_s": 3933.1}
{"step": 83, "sparse": false, "reward_mean": 0.7918, "pass_frac": 0.0625, "valid_frac": 0.9688, "parse_frac": 1.0, "err_frac": 0.0, "groups": 8, "groups_with_signal": 4, "kl": 0.09813, "pg": -0.00599, "elapsed_s": 3979.5}
{"step": 84, "sparse": false, "reward_mean": 0.7658, "pass_frac": 0.0, "valid_frac": 0.9219, "parse_frac": 1.0, "err_frac": 0.0, "groups": 8, "groups_with_signal": 2, "kl": 0.21105, "pg": 0.00962, "elapsed_s": 4022.1}
{"step": 85, "sparse": false, "reward_mean": 0.7611, "pass_frac": 0.0, "valid_frac": 0.9688, "parse_frac": 1.0, "err_frac": 0.0, "groups": 8, "groups_with_signal": 4, "kl": 0.18916, "pg": -0.01377, "elapsed_s": 4065.0}
{"step": 86, "sparse": false, "reward_mean": 0.7912, "pass_frac": 0.0, "valid_frac": 0.9844, "parse_frac": 1.0, "err_frac": 0.0, "groups": 8, "groups_with_signal": 5, "kl": 0.20446, "pg": -0.00024, "elapsed_s": 4122.8}
{"step": 87, "sparse": false, "reward_mean": 0.7792, "pass_frac": 0.0, "valid_frac": 1.0, "parse_frac": 1.0, "err_frac": 0.0, "groups": 8, "groups_with_signal": 5, "kl": 0.13168, "pg": 0.02902, "elapsed_s": 4171.6}
{"step": 88, "sparse": false, "reward_mean": 0.7305, "pass_frac": 0.0, "valid_frac": 0.875, "parse_frac": 1.0, "err_frac": 0.0, "groups": 8, "groups_with_signal": 1, "kl": 0.18251, "pg": -0.01286, "elapsed_s": 4203.6}
{"step": 89, "sparse": false, "reward_mean": 0.8225, "pass_frac": 0.0, "valid_frac": 1.0, "parse_frac": 1.0, "err_frac": 0.0, "groups": 8, "groups_with_signal": 5, "kl": 0.10575, "pg": 0.01433, "elapsed_s": 4251.1}
{"step": 90, "sparse": false, "reward_mean": 0.7887, "pass_frac": 0.0, "valid_frac": 1.0, "parse_frac": 1.0, "err_frac": 0.0, "groups": 8, "groups_with_signal": 6, "kl": 0.16991, "pg": -0.01434, "elapsed_s": 4311.4}
{"step": 91, "sparse": false, "reward_mean": 0.8308, "pass_frac": 0.0, "valid_frac": 1.0, "parse_frac": 1.0, "err_frac": 0.0, "groups": 8, "groups_with_signal": 5, "kl": 0.23268, "pg": -0.00979, "elapsed_s": 4366.0}
{"step": 92, "sparse": false, "reward_mean": 0.866, "pass_frac": 0.2344, "valid_frac": 1.0, "parse_frac": 1.0, "err_frac": 0.0, "groups": 8, "groups_with_signal": 6, "kl": 0.22452, "pg": -0.00989, "elapsed_s": 4414.7}
{"step": 93, "sparse": false, "reward_mean": 0.7557, "pass_frac": 0.0, "valid_frac": 0.875, "parse_frac": 1.0, "err_frac": 0.0, "groups": 8, "groups_with_signal": 6, "kl": 0.17027, "pg": -0.00284, "elapsed_s": 4473.8}
{"step": 94, "sparse": false, "reward_mean": 0.7342, "pass_frac": 0.0, "valid_frac": 0.8594, "parse_frac": 1.0, "err_frac": 0.0, "groups": 8, "groups_with_signal": 7, "kl": 0.2071, "pg": -0.00996, "elapsed_s": 4538.1}
{"step": 95, "sparse": false, "reward_mean": 0.8133, "pass_frac": 0.1094, "valid_frac": 1.0, "parse_frac": 1.0, "err_frac": 0.0, "groups": 8, "groups_with_signal": 3, "kl": 0.24019, "pg": -0.0287, "elapsed_s": 4585.3}
{"step": 96, "sparse": false, "reward_mean": 0.8064, "pass_frac": 0.0, "valid_frac": 1.0, "parse_frac": 1.0, "err_frac": 0.0, "groups": 8, "groups_with_signal": 7, "kl": 0.25441, "pg": 0.01269, "elapsed_s": 4647.6}
{"step": 97, "sparse": false, "reward_mean": 0.8131, "pass_frac": 0.0312, "valid_frac": 1.0, "parse_frac": 1.0, "err_frac": 0.0, "groups": 8, "groups_with_signal": 4, "kl": 0.11153, "pg": -0.01279, "elapsed_s": 4693.5}
{"step": 98, "sparse": false, "reward_mean": 0.8045, "pass_frac": 0.1094, "valid_frac": 1.0, "parse_frac": 1.0, "err_frac": 0.0, "groups": 8, "groups_with_signal": 6, "kl": 0.29942, "pg": -0.00963, "elapsed_s": 4757.1}
{"step": 99, "sparse": false, "reward_mean": 0.8021, "pass_frac": 0.0, "valid_frac": 1.0, "parse_frac": 1.0, "err_frac": 0.0, "groups": 8, "groups_with_signal": 5, "kl": 0.22496, "pg": -0.00988, "elapsed_s": 4812.7}
{"step": 100, "sparse": false, "reward_mean": 0.7802, "pass_frac": 0.0, "valid_frac": 0.9688, "parse_frac": 1.0, "err_frac": 0.0, "groups": 8, "groups_with_signal": 6, "kl": 0.46611, "pg": 0.008, "elapsed_s": 4868.6}
{"step": 101, "sparse": false, "reward_mean": 0.7909, "pass_frac": 0.0, "valid_frac": 1.0, "parse_frac": 1.0, "err_frac": 0.0, "groups": 8, "groups_with_signal": 5, "kl": 0.45556, "pg": 0.00105, "elapsed_s": 4921.4}
{"step": 102, "sparse": false, "reward_mean": 0.7964, "pass_frac": 0.0, "valid_frac": 0.9844, "parse_frac": 1.0, "err_frac": 0.0, "groups": 8, "groups_with_signal": 4, "kl": 0.40038, "pg": -0.01417, "elapsed_s": 4967.6}
{"step": 103, "sparse": false, "reward_mean": 0.8046, "pass_frac": 0.0, "valid_frac": 1.0, "parse_frac": 1.0, "err_frac": 0.0, "groups": 8, "groups_with_signal": 2, "kl": 0.29225, "pg": 0.0251, "elapsed_s": 5003.3}
{"step": 104, "sparse": false, "reward_mean": 0.8577, "pass_frac": 0.1719, "valid_frac": 1.0, "parse_frac": 1.0, "err_frac": 0.0, "groups": 8, "groups_with_signal": 4, "kl": 0.35438, "pg": 0.00331, "elapsed_s": 5042.4}
{"step": 105, "sparse": false, "reward_mean": 0.7952, "pass_frac": 0.0, "valid_frac": 1.0, "parse_frac": 1.0, "err_frac": 0.0, "groups": 8, "groups_with_signal": 2, "kl": 0.18891, "pg": 0.01297, "elapsed_s": 5083.7}
{"step": 106, "sparse": false, "reward_mean": 0.7972, "pass_frac": 0.0, "valid_frac": 1.0, "parse_frac": 1.0, "err_frac": 0.0, "groups": 8, "groups_with_signal": 5, "kl": 0.43754, "pg": -0.00487, "elapsed_s": 5133.2}
{"step": 107, "sparse": false, "reward_mean": 0.7943, "pass_frac": 0.0, "valid_frac": 1.0, "parse_frac": 1.0, "err_frac": 0.0, "groups": 8, "groups_with_signal": 3, "kl": 0.40718, "pg": 0.04466, "elapsed_s": 5175.0}
{"step": 108, "sparse": false, "reward_mean": 0.8155, "pass_frac": 0.0, "valid_frac": 1.0, "parse_frac": 1.0, "err_frac": 0.0, "groups": 8, "groups_with_signal": 6, "kl": 0.38501, "pg": 0.00656, "elapsed_s": 5235.8}
{"step": 109, "sparse": false, "reward_mean": 0.7958, "pass_frac": 0.1094, "valid_frac": 0.8906, "parse_frac": 1.0, "err_frac": 0.0, "groups": 8, "groups_with_signal": 4, "kl": 0.43403, "pg": 0.00659, "elapsed_s": 5286.8}
{"step": 110, "sparse": false, "reward_mean": 0.8073, "pass_frac": 0.0, "valid_frac": 1.0, "parse_frac": 1.0, "err_frac": 0.0, "groups": 8, "groups_with_signal": 6, "kl": 0.32195, "pg": 0.0153, "elapsed_s": 5337.0}
{"step": 111, "sparse": false, "reward_mean": 0.8162, "pass_frac": 0.125, "valid_frac": 1.0, "parse_frac": 1.0, "err_frac": 0.0, "groups": 8, "groups_with_signal": 3, "kl": 0.31651, "pg": 0.00523, "elapsed_s": 5378.1}
{"step": 112, "sparse": false, "reward_mean": 0.8013, "pass_frac": 0.0, "valid_frac": 1.0, "parse_frac": 1.0, "err_frac": 0.0, "groups": 8, "groups_with_signal": 7, "kl": 0.29933, "pg": 0.00379, "elapsed_s": 5439.9}
{"step": 113, "sparse": false, "reward_mean": 0.8383, "pass_frac": 0.1094, "valid_frac": 0.9688, "parse_frac": 1.0, "err_frac": 0.0, "groups": 8, "groups_with_signal": 7, "kl": 0.38757, "pg": -0.0168, "elapsed_s": 5495.4}
{"step": 114, "sparse": false, "reward_mean": 0.7772, "pass_frac": 0.0625, "valid_frac": 0.9219, "parse_frac": 1.0, "err_frac": 0.0, "groups": 8, "groups_with_signal": 5, "kl": 0.15581, "pg": -0.036, "elapsed_s": 5542.7}
{"step": 115, "sparse": false, "reward_mean": 0.7939, "pass_frac": 0.0, "valid_frac": 1.0, "parse_frac": 1.0, "err_frac": 0.0, "groups": 8, "groups_with_signal": 3, "kl": 0.39541, "pg": -0.00622, "elapsed_s": 5585.5}
{"step": 116, "sparse": false, "reward_mean": 0.8094, "pass_frac": 0.0, "valid_frac": 1.0, "parse_frac": 1.0, "err_frac": 0.0, "groups": 8, "groups_with_signal": 5, "kl": 0.18626, "pg": 0.01054, "elapsed_s": 5639.5}
{"step": 117, "sparse": false, "reward_mean": 0.7817, "pass_frac": 0.0, "valid_frac": 0.9062, "parse_frac": 1.0, "err_frac": 0.0, "groups": 8, "groups_with_signal": 6, "kl": 0.26283, "pg": 0.02637, "elapsed_s": 5691.5}
{"step": 118, "sparse": false, "reward_mean": 0.7969, "pass_frac": 0.0, "valid_frac": 1.0, "parse_frac": 1.0, "err_frac": 0.0, "groups": 8, "groups_with_signal": 2, "kl": 0.33285, "pg": -0.01079, "elapsed_s": 5725.3}
{"step": 119, "sparse": false, "reward_mean": 0.7388, "pass_frac": 0.0, "valid_frac": 0.875, "parse_frac": 1.0, "err_frac": 0.0, "groups": 8, "groups_with_signal": 3, "kl": 0.57076, "pg": 0.02009, "elapsed_s": 5772.6}
{"step": 120, "sparse": false, "reward_mean": 0.8242, "pass_frac": 0.0, "valid_frac": 1.0, "parse_frac": 1.0, "err_frac": 0.0, "groups": 8, "groups_with_signal": 4, "kl": 0.49724, "pg": -0.00633, "elapsed_s": 5818.5}
Writing model shards:   0%|          | 0/1 [00:00<?, ?it/s]Writing model shards: 100%|██████████| 1/1 [00:47<00:00, 47.97s/it]Writing model shards: 100%|██████████| 1/1 [00:47<00:00, 47.97s/it]
-> merged /netdisk/ldq/ckpt/m8-joint3rep-a/merged (5873s)
