Loading weights:   0%|          | 0/399 [00:00<?, ?it/s]Loading weights: 100%|██████████| 399/399 [00:00<00:00, 4158.51it/s]
states: 11336 across {'guide_match': 2807, 'sans_match': 2852, 'tof_chopper': 2933, 'bender': 2744}
[transformers] `use_cache=True` is incompatible with gradient checkpointing. Setting `use_cache=False`.
/netdisk/ldq/NeutronGym/benchmark/harness/m8_grpo.py:300: UserWarning: Converting a tensor with requires_grad=True to a scalar may lead to unexpected behavior.
Consider using tensor.detach() first. (Triggered internally at /__w/pytorch/pytorch/torch/csrc/autograd/generated/python_variable_methods.cpp:822.)
  kl_sum += float((kl.sum(1) / ntok).sum()); pg_sum += float((pg.sum(1) / ntok).sum())
{"step": 121, "sparse": false, "reward_mean": 0.8231, "pass_frac": 0.125, "valid_frac": 1.0, "parse_frac": 1.0, "err_frac": 0.0, "groups": 8, "groups_with_signal": 5, "kl": 0.42333, "pg": 0.01548, "elapsed_s": 56.6}
{"step": 122, "sparse": false, "reward_mean": 0.8065, "pass_frac": 0.0, "valid_frac": 1.0, "parse_frac": 1.0, "err_frac": 0.0, "groups": 8, "groups_with_signal": 7, "kl": 0.56183, "pg": -0.01979, "elapsed_s": 120.6}
{"step": 123, "sparse": false, "reward_mean": 0.8176, "pass_frac": 0.0625, "valid_frac": 1.0, "parse_frac": 1.0, "err_frac": 0.0, "groups": 8, "groups_with_signal": 6, "kl": 0.45239, "pg": 0.00052, "elapsed_s": 177.0}
{"step": 124, "sparse": false, "reward_mean": 0.8197, "pass_frac": 0.0, "valid_frac": 1.0, "parse_frac": 1.0, "err_frac": 0.0, "groups": 8, "groups_with_signal": 4, "kl": 0.46527, "pg": 0.00142, "elapsed_s": 220.2}
{"step": 125, "sparse": false, "reward_mean": 0.8148, "pass_frac": 0.0781, "valid_frac": 1.0, "parse_frac": 1.0, "err_frac": 0.0, "groups": 8, "groups_with_signal": 7, "kl": 0.67996, "pg": -0.00698, "elapsed_s": 282.7}
{"step": 126, "sparse": false, "reward_mean": 0.769, "pass_frac": 0.0, "valid_frac": 1.0, "parse_frac": 1.0, "err_frac": 0.0, "groups": 8, "groups_with_signal": 5, "kl": 0.4467, "pg": 0.01315, "elapsed_s": 327.9}
{"step": 127, "sparse": false, "reward_mean": 0.8092, "pass_frac": 0.0, "valid_frac": 1.0, "parse_frac": 1.0, "err_frac": 0.0, "groups": 8, "groups_with_signal": 4, "kl": 0.53669, "pg": -0.00739, "elapsed_s": 377.3}
{"step": 128, "sparse": false, "reward_mean": 0.8378, "pass_frac": 0.125, "valid_frac": 1.0, "parse_frac": 1.0, "err_frac": 0.0, "groups": 8, "groups_with_signal": 5, "kl": 0.52312, "pg": 0.00321, "elapsed_s": 428.3}
{"step": 129, "sparse": false, "reward_mean": 0.7846, "pass_frac": 0.0, "valid_frac": 1.0, "parse_frac": 1.0, "err_frac": 0.0, "groups": 8, "groups_with_signal": 3, "kl": 0.77308, "pg": 0.00886, "elapsed_s": 470.7}
{"step": 130, "sparse": false, "reward_mean": 0.792, "pass_frac": 0.0, "valid_frac": 1.0, "parse_frac": 1.0, "err_frac": 0.0, "groups": 8, "groups_with_signal": 2, "kl": 0.76584, "pg": 0.01906, "elapsed_s": 506.4}
{"step": 131, "sparse": false, "reward_mean": 0.8071, "pass_frac": 0.0, "valid_frac": 1.0, "parse_frac": 1.0, "err_frac": 0.0, "groups": 8, "groups_with_signal": 4, "kl": 0.38353, "pg": 0.00283, "elapsed_s": 554.1}
{"step": 132, "sparse": false, "reward_mean": 0.818, "pass_frac": 0.0, "valid_frac": 1.0, "parse_frac": 1.0, "err_frac": 0.0, "groups": 8, "groups_with_signal": 1, "kl": 0.55702, "pg": -0.04234, "elapsed_s": 585.8}
{"step": 133, "sparse": false, "reward_mean": 0.828, "pass_frac": 0.0, "valid_frac": 1.0, "parse_frac": 1.0, "err_frac": 0.0, "groups": 8, "groups_with_signal": 4, "kl": 0.6994, "pg": -0.02096, "elapsed_s": 642.7}
{"step": 134, "sparse": false, "reward_mean": 0.8116, "pass_frac": 0.0, "valid_frac": 1.0, "parse_frac": 1.0, "err_frac": 0.0, "groups": 8, "groups_with_signal": 5, "kl": 0.75724, "pg": -0.01128, "elapsed_s": 704.2}
{"step": 135, "sparse": false, "reward_mean": 0.818, "pass_frac": 0.0, "valid_frac": 1.0, "parse_frac": 1.0, "err_frac": 0.0, "groups": 8, "groups_with_signal": 4, "kl": 0.63887, "pg": -0.01111, "elapsed_s": 756.0}
{"step": 136, "sparse": false, "reward_mean": 0.8013, "pass_frac": 0.0, "valid_frac": 1.0, "parse_frac": 1.0, "err_frac": 0.0, "groups": 8, "groups_with_signal": 2, "kl": 0.80353, "pg": -0.0072, "elapsed_s": 791.7}
{"step": 137, "sparse": false, "reward_mean": 0.8265, "pass_frac": 0.0, "valid_frac": 1.0, "parse_frac": 1.0, "err_frac": 0.0, "groups": 8, "groups_with_signal": 2, "kl": 0.36869, "pg": -0.0123, "elapsed_s": 826.6}
{"step": 138, "sparse": false, "reward_mean": 0.8332, "pass_frac": 0.0, "valid_frac": 1.0, "parse_frac": 1.0, "err_frac": 0.0, "groups": 8, "groups_with_signal": 4, "kl": 0.68239, "pg": 0.01688, "elapsed_s": 873.0}
{"step": 139, "sparse": false, "reward_mean": 0.8358, "pass_frac": 0.125, "valid_frac": 1.0, "parse_frac": 1.0, "err_frac": 0.0, "groups": 8, "groups_with_signal": 7, "kl": 0.47519, "pg": 0.01499, "elapsed_s": 942.1}
{"step": 140, "sparse": false, "reward_mean": 0.8167, "pass_frac": 0.0625, "valid_frac": 1.0, "parse_frac": 1.0, "err_frac": 0.0, "groups": 8, "groups_with_signal": 3, "kl": 0.87681, "pg": -0.01316, "elapsed_s": 982.4}
{"step": 141, "sparse": false, "reward_mean": 0.8411, "pass_frac": 0.125, "valid_frac": 1.0, "parse_frac": 1.0, "err_frac": 0.0, "groups": 8, "groups_with_signal": 4, "kl": 0.76952, "pg": 0.00434, "elapsed_s": 1031.5}
{"step": 142, "sparse": false, "reward_mean": 0.8222, "pass_frac": 0.0625, "valid_frac": 1.0, "parse_frac": 1.0, "err_frac": 0.0, "groups": 8, "groups_with_signal": 4, "kl": 0.98495, "pg": 0.00015, "elapsed_s": 1078.9}
{"step": 143, "sparse": false, "reward_mean": 0.8091, "pass_frac": 0.0, "valid_frac": 1.0, "parse_frac": 1.0, "err_frac": 0.0, "groups": 8, "groups_with_signal": 5, "kl": 0.38136, "pg": -0.00083, "elapsed_s": 1121.8}
{"step": 144, "sparse": false, "reward_mean": 0.8123, "pass_frac": 0.0, "valid_frac": 1.0, "parse_frac": 1.0, "err_frac": 0.0, "groups": 8, "groups_with_signal": 4, "kl": 0.65007, "pg": -0.022, "elapsed_s": 1164.9}
{"step": 145, "sparse": false, "reward_mean": 0.8165, "pass_frac": 0.0469, "valid_frac": 1.0, "parse_frac": 1.0, "err_frac": 0.0, "groups": 8, "groups_with_signal": 4, "kl": 0.77754, "pg": -0.00062, "elapsed_s": 1220.7}
{"step": 146, "sparse": false, "reward_mean": 0.7996, "pass_frac": 0.0, "valid_frac": 1.0, "parse_frac": 1.0, "err_frac": 0.0, "groups": 8, "groups_with_signal": 6, "kl": 0.95259, "pg": -0.00619, "elapsed_s": 1275.6}
{"step": 147, "sparse": false, "reward_mean": 0.7908, "pass_frac": 0.0, "valid_frac": 1.0, "parse_frac": 1.0, "err_frac": 0.0, "groups": 8, "groups_with_signal": 5, "kl": 0.63227, "pg": -0.00703, "elapsed_s": 1333.1}
{"step": 148, "sparse": false, "reward_mean": 0.8387, "pass_frac": 0.0156, "valid_frac": 1.0, "parse_frac": 1.0, "err_frac": 0.0, "groups": 8, "groups_with_signal": 4, "kl": 0.90514, "pg": 0.00028, "elapsed_s": 1376.7}
{"step": 149, "sparse": false, "reward_mean": 0.8203, "pass_frac": 0.1094, "valid_frac": 1.0, "parse_frac": 1.0, "err_frac": 0.0, "groups": 8, "groups_with_signal": 7, "kl": 0.78229, "pg": -0.00488, "elapsed_s": 1443.2}
{"step": 150, "sparse": false, "reward_mean": 0.7766, "pass_frac": 0.0, "valid_frac": 1.0, "parse_frac": 1.0, "err_frac": 0.0, "groups": 8, "groups_with_signal": 7, "kl": 0.86135, "pg": -0.01435, "elapsed_s": 1502.6}
{"step": 151, "sparse": false, "reward_mean": 0.8331, "pass_frac": 0.0, "valid_frac": 1.0, "parse_frac": 1.0, "err_frac": 0.0, "groups": 8, "groups_with_signal": 1, "kl": 0.77283, "pg": 0.02621, "elapsed_s": 1539.1}
{"step": 152, "sparse": false, "reward_mean": 0.8689, "pass_frac": 0.0938, "valid_frac": 1.0, "parse_frac": 1.0, "err_frac": 0.0, "groups": 8, "groups_with_signal": 5, "kl": 1.12554, "pg": 0.006, "elapsed_s": 1598.4}
{"step": 153, "sparse": false, "reward_mean": 0.8146, "pass_frac": 0.0, "valid_frac": 1.0, "parse_frac": 1.0, "err_frac": 0.0, "groups": 8, "groups_with_signal": 5, "kl": 1.27664, "pg": -0.00993, "elapsed_s": 1650.9}
{"step": 154, "sparse": false, "reward_mean": 0.8541, "pass_frac": 0.0469, "valid_frac": 1.0, "parse_frac": 1.0, "err_frac": 0.0, "groups": 8, "groups_with_signal": 6, "kl": 0.84675, "pg": -0.02632, "elapsed_s": 1707.1}
{"step": 155, "sparse": false, "reward_mean": 0.7362, "pass_frac": 0.0, "valid_frac": 0.9219, "parse_frac": 1.0, "err_frac": 0.0, "groups": 8, "groups_with_signal": 6, "kl": 0.83746, "pg": 0.00614, "elapsed_s": 1767.6}
{"step": 156, "sparse": false, "reward_mean": 0.7854, "pass_frac": 0.0, "valid_frac": 1.0, "parse_frac": 1.0, "err_frac": 0.0, "groups": 8, "groups_with_signal": 4, "kl": 1.07617, "pg": 0.01076, "elapsed_s": 1810.0}
{"step": 157, "sparse": false, "reward_mean": 0.8006, "pass_frac": 0.0156, "valid_frac": 0.9844, "parse_frac": 1.0, "err_frac": 0.0, "groups": 8, "groups_with_signal": 3, "kl": 0.91886, "pg": 0.0228, "elapsed_s": 1853.5}
{"step": 158, "sparse": false, "reward_mean": 0.8108, "pass_frac": 0.0781, "valid_frac": 1.0, "parse_frac": 1.0, "err_frac": 0.0, "groups": 8, "groups_with_signal": 4, "kl": 0.7855, "pg": -0.01106, "elapsed_s": 1901.6}
{"step": 159, "sparse": false, "reward_mean": 0.7927, "pass_frac": 0.0, "valid_frac": 1.0, "parse_frac": 1.0, "err_frac": 0.0, "groups": 8, "groups_with_signal": 4, "kl": 0.82676, "pg": -0.00365, "elapsed_s": 1950.6}
{"step": 160, "sparse": false, "reward_mean": 0.8689, "pass_frac": 0.125, "valid_frac": 1.0, "parse_frac": 1.0, "err_frac": 0.0, "groups": 8, "groups_with_signal": 5, "kl": 0.6691, "pg": 0.00535, "elapsed_s": 2001.7}
{"step": 161, "sparse": false, "reward_mean": 0.8285, "pass_frac": 0.0, "valid_frac": 1.0, "parse_frac": 1.0, "err_frac": 0.0, "groups": 8, "groups_with_signal": 3, "kl": 1.22412, "pg": -0.00204, "elapsed_s": 2048.0}
{"step": 162, "sparse": false, "reward_mean": 0.8194, "pass_frac": 0.0156, "valid_frac": 1.0, "parse_frac": 1.0, "err_frac": 0.0, "groups": 8, "groups_with_signal": 5, "kl": 1.09205, "pg": 0.00113, "elapsed_s": 2103.6}
{"step": 163, "sparse": false, "reward_mean": 0.7961, "pass_frac": 0.0, "valid_frac": 1.0, "parse_frac": 1.0, "err_frac": 0.0, "groups": 8, "groups_with_signal": 4, "kl": 0.80012, "pg": -0.01301, "elapsed_s": 2153.0}
{"step": 164, "sparse": false, "reward_mean": 0.8239, "pass_frac": 0.0, "valid_frac": 1.0, "parse_frac": 1.0, "err_frac": 0.0, "groups": 8, "groups_with_signal": 4, "kl": 0.60878, "pg": 0.00526, "elapsed_s": 2202.4}
{"step": 165, "sparse": false, "reward_mean": 0.6983, "pass_frac": 0.0, "valid_frac": 0.875, "parse_frac": 1.0, "err_frac": 0.0, "groups": 8, "groups_with_signal": 2, "kl": 0.84962, "pg": 0.01968, "elapsed_s": 2237.3}
{"step": 166, "sparse": false, "reward_mean": 0.8239, "pass_frac": 0.0, "valid_frac": 1.0, "parse_frac": 1.0, "err_frac": 0.0, "groups": 8, "groups_with_signal": 1, "kl": 0.83718, "pg": -0.02195, "elapsed_s": 2270.8}
{"step": 167, "sparse": false, "reward_mean": 0.7855, "pass_frac": 0.0, "valid_frac": 1.0, "parse_frac": 1.0, "err_frac": 0.0, "groups": 8, "groups_with_signal": 1, "kl": 0.42807, "pg": -0.05147, "elapsed_s": 2302.4}
{"step": 168, "sparse": false, "reward_mean": 0.8167, "pass_frac": 0.0156, "valid_frac": 1.0, "parse_frac": 1.0, "err_frac": 0.0, "groups": 8, "groups_with_signal": 2, "kl": 0.16673, "pg": 0.02342, "elapsed_s": 2338.4}
{"step": 169, "sparse": false, "reward_mean": 0.834, "pass_frac": 0.0, "valid_frac": 1.0, "parse_frac": 1.0, "err_frac": 0.0, "groups": 8, "groups_with_signal": 3, "kl": 0.99157, "pg": -0.0212, "elapsed_s": 2380.0}
{"step": 170, "sparse": false, "reward_mean": 0.8024, "pass_frac": 0.0156, "valid_frac": 0.9531, "parse_frac": 1.0, "err_frac": 0.0, "groups": 8, "groups_with_signal": 2, "kl": 0.81829, "pg": -0.0252, "elapsed_s": 2415.9}
{"step": 171, "sparse": false, "reward_mean": 0.7881, "pass_frac": 0.0, "valid_frac": 1.0, "parse_frac": 1.0, "err_frac": 0.0, "groups": 8, "groups_with_signal": 3, "kl": 0.51783, "pg": 0.02162, "elapsed_s": 2459.2}
{"step": 172, "sparse": false, "reward_mean": 0.775, "pass_frac": 0.0, "valid_frac": 0.9688, "parse_frac": 1.0, "err_frac": 0.0, "groups": 8, "groups_with_signal": 4, "kl": 0.77846, "pg": -6e-05, "elapsed_s": 2508.1}
{"step": 173, "sparse": false, "reward_mean": 0.8066, "pass_frac": 0.0, "valid_frac": 1.0, "parse_frac": 1.0, "err_frac": 0.0, "groups": 8, "groups_with_signal": 2, "kl": 0.24651, "pg": 0.02719, "elapsed_s": 2548.4}
{"step": 174, "sparse": false, "reward_mean": 0.8344, "pass_frac": 0.1094, "valid_frac": 1.0, "parse_frac": 1.0, "err_frac": 0.0, "groups": 8, "groups_with_signal": 4, "kl": 0.77523, "pg": 0.00142, "elapsed_s": 2594.7}
{"step": 175, "sparse": false, "reward_mean": 0.8069, "pass_frac": 0.0, "valid_frac": 1.0, "parse_frac": 1.0, "err_frac": 0.0, "groups": 8, "groups_with_signal": 3, "kl": 0.91058, "pg": -0.00412, "elapsed_s": 2642.9}
{"step": 176, "sparse": false, "reward_mean": 0.8908, "pass_frac": 0.25, "valid_frac": 1.0, "parse_frac": 1.0, "err_frac": 0.0, "groups": 8, "groups_with_signal": 4, "kl": 0.32489, "pg": 0.00956, "elapsed_s": 2685.1}
{"step": 177, "sparse": false, "reward_mean": 0.8268, "pass_frac": 0.125, "valid_frac": 1.0, "parse_frac": 1.0, "err_frac": 0.0, "groups": 8, "groups_with_signal": 2, "kl": 1.09812, "pg": 0.0166, "elapsed_s": 2721.9}
{"step": 178, "sparse": false, "reward_mean": 0.8926, "pass_frac": 0.2031, "valid_frac": 1.0, "parse_frac": 1.0, "err_frac": 0.0, "groups": 8, "groups_with_signal": 1, "kl": 0.27431, "pg": 0.01234, "elapsed_s": 2758.1}
{"step": 179, "sparse": false, "reward_mean": 0.8537, "pass_frac": 0.125, "valid_frac": 1.0, "parse_frac": 1.0, "err_frac": 0.0, "groups": 8, "groups_with_signal": 2, "kl": 0.93335, "pg": -0.02615, "elapsed_s": 2796.5}
{"step": 180, "sparse": false, "reward_mean": 0.8579, "pass_frac": 0.1719, "valid_frac": 1.0, "parse_frac": 1.0, "err_frac": 0.0, "groups": 8, "groups_with_signal": 4, "kl": 0.76133, "pg": -0.02039, "elapsed_s": 2842.2}
{"step": 181, "sparse": false, "reward_mean": 0.8175, "pass_frac": 0.0, "valid_frac": 1.0, "parse_frac": 1.0, "err_frac": 0.0, "groups": 8, "groups_with_signal": 1, "kl": 0.65486, "pg": 0.0287, "elapsed_s": 2878.1}
{"step": 182, "sparse": false, "reward_mean": 0.781, "pass_frac": 0.0, "valid_frac": 0.9844, "parse_frac": 1.0, "err_frac": 0.0, "groups": 8, "groups_with_signal": 6, "kl": 0.63775, "pg": 0.00313, "elapsed_s": 2928.3}
{"step": 183, "sparse": false, "reward_mean": 0.8467, "pass_frac": 0.125, "valid_frac": 1.0, "parse_frac": 1.0, "err_frac": 0.0, "groups": 8, "groups_with_signal": 4, "kl": 1.47509, "pg": -0.03062, "elapsed_s": 2973.8}
{"step": 184, "sparse": false, "reward_mean": 0.8494, "pass_frac": 0.125, "valid_frac": 1.0, "parse_frac": 1.0, "err_frac": 0.0, "groups": 8, "groups_with_signal": 4, "kl": 0.77378, "pg": 0.02036, "elapsed_s": 3021.0}
{"step": 185, "sparse": false, "reward_mean": 0.8024, "pass_frac": 0.0, "valid_frac": 1.0, "parse_frac": 1.0, "err_frac": 0.0, "groups": 8, "groups_with_signal": 2, "kl": 0.69481, "pg": 0.00321, "elapsed_s": 3059.4}
{"step": 186, "sparse": false, "reward_mean": 0.8058, "pass_frac": 0.0, "valid_frac": 1.0, "parse_frac": 1.0, "err_frac": 0.0, "groups": 8, "groups_with_signal": 4, "kl": 0.65675, "pg": -0.01932, "elapsed_s": 3099.0}
{"step": 187, "sparse": false, "reward_mean": 0.7237, "pass_frac": 0.125, "valid_frac": 0.75, "parse_frac": 1.0, "err_frac": 0.0, "groups": 8, "groups_with_signal": 3, "kl": 0.79542, "pg": -0.00499, "elapsed_s": 3135.7}
{"step": 188, "sparse": false, "reward_mean": 0.8159, "pass_frac": 0.0469, "valid_frac": 1.0, "parse_frac": 1.0, "err_frac": 0.0, "groups": 8, "groups_with_signal": 6, "kl": 1.07005, "pg": -0.00467, "elapsed_s": 3190.4}
{"step": 189, "sparse": false, "reward_mean": 0.867, "pass_frac": 0.125, "valid_frac": 1.0, "parse_frac": 1.0, "err_frac": 0.0, "groups": 8, "groups_with_signal": 5, "kl": 0.55246, "pg": -0.00527, "elapsed_s": 3244.0}
{"step": 190, "sparse": false, "reward_mean": 0.8422, "pass_frac": 0.0, "valid_frac": 1.0, "parse_frac": 1.0, "err_frac": 0.0, "groups": 8, "groups_with_signal": 5, "kl": 1.02469, "pg": -0.01007, "elapsed_s": 3297.4}
{"step": 191, "sparse": false, "reward_mean": 0.8171, "pass_frac": 0.0, "valid_frac": 1.0, "parse_frac": 1.0, "err_frac": 0.0, "groups": 8, "groups_with_signal": 3, "kl": 1.75252, "pg": 0.02256, "elapsed_s": 3342.6}
{"step": 192, "sparse": false, "reward_mean": 0.8221, "pass_frac": 0.0, "valid_frac": 1.0, "parse_frac": 1.0, "err_frac": 0.0, "groups": 8, "groups_with_signal": 4, "kl": 0.3616, "pg": -0.00137, "elapsed_s": 3394.0}
{"step": 193, "sparse": false, "reward_mean": 0.8239, "pass_frac": 0.0156, "valid_frac": 1.0, "parse_frac": 1.0, "err_frac": 0.0, "groups": 8, "groups_with_signal": 7, "kl": 0.84434, "pg": -0.00451, "elapsed_s": 3455.8}
{"step": 194, "sparse": false, "reward_mean": 0.8319, "pass_frac": 0.1094, "valid_frac": 1.0, "parse_frac": 1.0, "err_frac": 0.0, "groups": 8, "groups_with_signal": 5, "kl": 0.75646, "pg": -0.0182, "elapsed_s": 3498.9}
{"step": 195, "sparse": false, "reward_mean": 0.8443, "pass_frac": 0.0625, "valid_frac": 1.0, "parse_frac": 1.0, "err_frac": 0.0, "groups": 8, "groups_with_signal": 6, "kl": 0.90613, "pg": -0.00011, "elapsed_s": 3556.8}
{"step": 196, "sparse": false, "reward_mean": 0.8127, "pass_frac": 0.0, "valid_frac": 1.0, "parse_frac": 1.0, "err_frac": 0.0, "groups": 8, "groups_with_signal": 5, "kl": 0.85873, "pg": -0.01085, "elapsed_s": 3603.0}
{"step": 197, "sparse": false, "reward_mean": 0.8222, "pass_frac": 0.1094, "valid_frac": 1.0, "parse_frac": 1.0, "err_frac": 0.0, "groups": 8, "groups_with_signal": 3, "kl": 0.82331, "pg": -0.01299, "elapsed_s": 3645.7}
{"step": 198, "sparse": false, "reward_mean": 0.8015, "pass_frac": 0.0, "valid_frac": 1.0, "parse_frac": 1.0, "err_frac": 0.0, "groups": 8, "groups_with_signal": 1, "kl": 0.15746, "pg": 0.02816, "elapsed_s": 3676.4}
{"step": 199, "sparse": false, "reward_mean": 0.8123, "pass_frac": 0.0, "valid_frac": 1.0, "parse_frac": 1.0, "err_frac": 0.0, "groups": 8, "groups_with_signal": 5, "kl": 0.79911, "pg": -0.00396, "elapsed_s": 3728.3}
{"step": 200, "sparse": false, "reward_mean": 0.8007, "pass_frac": 0.0, "valid_frac": 1.0, "parse_frac": 1.0, "err_frac": 0.0, "groups": 8, "groups_with_signal": 4, "kl": 1.00406, "pg": -0.02318, "elapsed_s": 3778.0}
{"step": 201, "sparse": false, "reward_mean": 0.7868, "pass_frac": 0.0, "valid_frac": 1.0, "parse_frac": 1.0, "err_frac": 0.0, "groups": 8, "groups_with_signal": 3, "kl": 1.18224, "pg": 0.02662, "elapsed_s": 3825.2}
{"step": 202, "sparse": false, "reward_mean": 0.8259, "pass_frac": 0.0, "valid_frac": 1.0, "parse_frac": 1.0, "err_frac": 0.0, "groups": 8, "groups_with_signal": 5, "kl": 0.9293, "pg": 0.01296, "elapsed_s": 3871.6}
{"step": 203, "sparse": false, "reward_mean": 0.7209, "pass_frac": 0.0, "valid_frac": 0.8906, "parse_frac": 1.0, "err_frac": 0.0, "groups": 8, "groups_with_signal": 6, "kl": 0.8101, "pg": 0.00803, "elapsed_s": 3929.2}
{"step": 204, "sparse": false, "reward_mean": 0.8783, "pass_frac": 0.1406, "valid_frac": 0.9844, "parse_frac": 1.0, "err_frac": 0.0, "groups": 8, "groups_with_signal": 5, "kl": 0.68332, "pg": 0.00083, "elapsed_s": 3988.6}
{"step": 205, "sparse": false, "reward_mean": 0.8348, "pass_frac": 0.0781, "valid_frac": 1.0, "parse_frac": 1.0, "err_frac": 0.0, "groups": 8, "groups_with_signal": 5, "kl": 0.65891, "pg": 0.00287, "elapsed_s": 4046.0}
{"step": 206, "sparse": false, "reward_mean": 0.8242, "pass_frac": 0.0, "valid_frac": 1.0, "parse_frac": 1.0, "err_frac": 0.0, "groups": 8, "groups_with_signal": 5, "kl": 0.61854, "pg": -0.00461, "elapsed_s": 4089.7}
{"step": 207, "sparse": false, "reward_mean": 0.7248, "pass_frac": 0.0938, "valid_frac": 0.875, "parse_frac": 1.0, "err_frac": 0.0, "groups": 8, "groups_with_signal": 4, "kl": 0.94244, "pg": -0.00926, "elapsed_s": 4135.8}
{"step": 208, "sparse": false, "reward_mean": 0.8365, "pass_frac": 0.0, "valid_frac": 1.0, "parse_frac": 1.0, "err_frac": 0.0, "groups": 8, "groups_with_signal": 5, "kl": 0.92006, "pg": 0.00569, "elapsed_s": 4183.7}
{"step": 209, "sparse": false, "reward_mean": 0.7367, "pass_frac": 0.0469, "valid_frac": 0.875, "parse_frac": 1.0, "err_frac": 0.0, "groups": 8, "groups_with_signal": 5, "kl": 0.99571, "pg": -0.00648, "elapsed_s": 4232.6}
{"step": 210, "sparse": false, "reward_mean": 0.8281, "pass_frac": 0.0, "valid_frac": 1.0, "parse_frac": 1.0, "err_frac": 0.0, "groups": 8, "groups_with_signal": 6, "kl": 1.2217, "pg": 0.01439, "elapsed_s": 4286.9}
{"step": 211, "sparse": false, "reward_mean": 0.9067, "pass_frac": 0.125, "valid_frac": 1.0, "parse_frac": 1.0, "err_frac": 0.0, "groups": 8, "groups_with_signal": 1, "kl": 1.01508, "pg": -0.03762, "elapsed_s": 4325.2}
{"step": 212, "sparse": false, "reward_mean": 0.7661, "pass_frac": 0.0, "valid_frac": 0.9531, "parse_frac": 1.0, "err_frac": 0.0, "groups": 8, "groups_with_signal": 5, "kl": 1.05225, "pg": 0.01888, "elapsed_s": 4368.5}
{"step": 213, "sparse": false, "reward_mean": 0.8434, "pass_frac": 0.125, "valid_frac": 1.0, "parse_frac": 1.0, "err_frac": 0.0, "groups": 8, "groups_with_signal": 2, "kl": 0.57156, "pg": -0.01914, "elapsed_s": 4406.7}
{"step": 214, "sparse": false, "reward_mean": 0.8381, "pass_frac": 0.125, "valid_frac": 1.0, "parse_frac": 1.0, "err_frac": 0.0, "groups": 8, "groups_with_signal": 2, "kl": 1.11106, "pg": -0.0248, "elapsed_s": 4440.1}
{"step": 215, "sparse": false, "reward_mean": 0.8725, "pass_frac": 0.125, "valid_frac": 1.0, "parse_frac": 1.0, "err_frac": 0.0, "groups": 8, "groups_with_signal": 4, "kl": 0.87194, "pg": -0.01596, "elapsed_s": 4480.0}
{"step": 216, "sparse": false, "reward_mean": 0.7119, "pass_frac": 0.0, "valid_frac": 0.8906, "parse_frac": 1.0, "err_frac": 0.0, "groups": 8, "groups_with_signal": 3, "kl": 1.23326, "pg": -0.01158, "elapsed_s": 4521.5}
{"step": 217, "sparse": false, "reward_mean": 0.7265, "pass_frac": 0.125, "valid_frac": 0.875, "parse_frac": 1.0, "err_frac": 0.0, "groups": 8, "groups_with_signal": 3, "kl": 0.51486, "pg": -0.02939, "elapsed_s": 4558.9}
{"step": 218, "sparse": false, "reward_mean": 0.8132, "pass_frac": 0.0, "valid_frac": 1.0, "parse_frac": 1.0, "err_frac": 0.0, "groups": 8, "groups_with_signal": 3, "kl": 0.68594, "pg": 0.00086, "elapsed_s": 4595.1}
{"step": 219, "sparse": false, "reward_mean": 0.7831, "pass_frac": 0.0, "valid_frac": 0.9531, "parse_frac": 1.0, "err_frac": 0.0, "groups": 8, "groups_with_signal": 4, "kl": 1.2154, "pg": 0.0033, "elapsed_s": 4642.6}
{"step": 220, "sparse": false, "reward_mean": 0.8314, "pass_frac": 0.0781, "valid_frac": 0.9844, "parse_frac": 1.0, "err_frac": 0.0, "groups": 8, "groups_with_signal": 5, "kl": 1.05858, "pg": -0.0049, "elapsed_s": 4696.9}
Writing model shards:   0%|          | 0/1 [00:00<?, ?it/s]Writing model shards: 100%|██████████| 1/1 [00:52<00:00, 52.93s/it]Writing model shards: 100%|██████████| 1/1 [00:52<00:00, 52.94s/it]
-> merged /netdisk/ldq/ckpt/m8-joint4grpo-b/merged (4753s)
