Loading weights:   0%|          | 0/399 [00:00<?, ?it/s]Loading weights: 100%|██████████| 399/399 [00:00<00:00, 5191.90it/s]
states: 8592 across {'guide_match': 2807, 'sans_match': 2852, 'tof_chopper': 2933}
[transformers] `use_cache=True` is incompatible with gradient checkpointing. Setting `use_cache=False`.
/netdisk/ldq/NeutronGym/benchmark/harness/m8_grpo.py:300: UserWarning: Converting a tensor with requires_grad=True to a scalar may lead to unexpected behavior.
Consider using tensor.detach() first. (Triggered internally at /__w/pytorch/pytorch/torch/csrc/autograd/generated/python_variable_methods.cpp:822.)
  kl_sum += float((kl.sum(1) / ntok).sum()); pg_sum += float((pg.sum(1) / ntok).sum())
{"step": 1, "sparse": false, "reward_mean": 0.727, "pass_frac": 0.0, "valid_frac": 0.8594, "parse_frac": 1.0, "err_frac": 0.0, "groups": 8, "groups_with_signal": 5, "kl": 0.0, "pg": 0.01596, "elapsed_s": 49.4}
{"step": 2, "sparse": false, "reward_mean": 0.7252, "pass_frac": 0.0, "valid_frac": 0.75, "parse_frac": 1.0, "err_frac": 0.0, "groups": 8, "groups_with_signal": 2, "kl": 0.00047, "pg": -0.00992, "elapsed_s": 83.7}
{"step": 3, "sparse": false, "reward_mean": 0.7305, "pass_frac": 0.0, "valid_frac": 0.75, "parse_frac": 1.0, "err_frac": 0.0, "groups": 8, "groups_with_signal": 7, "kl": 0.00036, "pg": -0.00733, "elapsed_s": 142.5}
{"step": 4, "sparse": false, "reward_mean": 0.7413, "pass_frac": 0.0, "valid_frac": 0.8594, "parse_frac": 1.0, "err_frac": 0.0, "groups": 8, "groups_with_signal": 6, "kl": 0.0005, "pg": 0.01007, "elapsed_s": 191.0}
{"step": 5, "sparse": false, "reward_mean": 0.7756, "pass_frac": 0.0, "valid_frac": 0.8906, "parse_frac": 1.0, "err_frac": 0.0, "groups": 8, "groups_with_signal": 5, "kl": 0.00238, "pg": 0.01661, "elapsed_s": 239.9}
{"step": 6, "sparse": false, "reward_mean": 0.7993, "pass_frac": 0.0, "valid_frac": 1.0, "parse_frac": 1.0, "err_frac": 0.0, "groups": 8, "groups_with_signal": 6, "kl": 0.00104, "pg": -0.00193, "elapsed_s": 298.3}
{"step": 7, "sparse": false, "reward_mean": 0.7798, "pass_frac": 0.0, "valid_frac": 1.0, "parse_frac": 1.0, "err_frac": 0.0, "groups": 8, "groups_with_signal": 6, "kl": 0.00041, "pg": -0.00201, "elapsed_s": 361.3}
{"step": 8, "sparse": false, "reward_mean": 0.6747, "pass_frac": 0.0, "valid_frac": 0.6094, "parse_frac": 1.0, "err_frac": 0.0, "groups": 8, "groups_with_signal": 6, "kl": 0.00271, "pg": -0.00098, "elapsed_s": 421.7}
{"step": 9, "sparse": false, "reward_mean": 0.722, "pass_frac": 0.0, "valid_frac": 0.8281, "parse_frac": 1.0, "err_frac": 0.0, "groups": 8, "groups_with_signal": 3, "kl": 0.00124, "pg": -0.00555, "elapsed_s": 464.0}
{"step": 10, "sparse": false, "reward_mean": 0.7746, "pass_frac": 0.0, "valid_frac": 1.0, "parse_frac": 1.0, "err_frac": 0.0, "groups": 8, "groups_with_signal": 4, "kl": 0.0043, "pg": -0.01347, "elapsed_s": 510.5}
{"step": 11, "sparse": false, "reward_mean": 0.79, "pass_frac": 0.0, "valid_frac": 0.9375, "parse_frac": 1.0, "err_frac": 0.0, "groups": 8, "groups_with_signal": 5, "kl": 0.00308, "pg": 0.01305, "elapsed_s": 556.0}
{"step": 12, "sparse": false, "reward_mean": 0.6884, "pass_frac": 0.0, "valid_frac": 0.6719, "parse_frac": 1.0, "err_frac": 0.0, "groups": 8, "groups_with_signal": 3, "kl": 0.00422, "pg": -0.03256, "elapsed_s": 599.4}
{"step": 13, "sparse": false, "reward_mean": 0.728, "pass_frac": 0.0, "valid_frac": 0.8438, "parse_frac": 1.0, "err_frac": 0.0, "groups": 8, "groups_with_signal": 4, "kl": 0.00332, "pg": -0.01392, "elapsed_s": 651.3}
{"step": 14, "sparse": false, "reward_mean": 0.7868, "pass_frac": 0.0, "valid_frac": 0.9531, "parse_frac": 1.0, "err_frac": 0.0, "groups": 8, "groups_with_signal": 5, "kl": 0.01057, "pg": -0.00323, "elapsed_s": 701.6}
{"step": 15, "sparse": false, "reward_mean": 0.7426, "pass_frac": 0.0, "valid_frac": 0.8125, "parse_frac": 1.0, "err_frac": 0.0, "groups": 8, "groups_with_signal": 5, "kl": 0.00205, "pg": -0.01524, "elapsed_s": 757.2}
{"step": 16, "sparse": false, "reward_mean": 0.7914, "pass_frac": 0.0, "valid_frac": 1.0, "parse_frac": 1.0, "err_frac": 0.0, "groups": 8, "groups_with_signal": 4, "kl": 0.00488, "pg": 0.00305, "elapsed_s": 810.3}
{"step": 17, "sparse": false, "reward_mean": 0.74, "pass_frac": 0.0, "valid_frac": 0.9062, "parse_frac": 1.0, "err_frac": 0.0, "groups": 8, "groups_with_signal": 4, "kl": 0.00529, "pg": 0.00666, "elapsed_s": 860.3}
{"step": 18, "sparse": false, "reward_mean": 0.7694, "pass_frac": 0.0156, "valid_frac": 0.875, "parse_frac": 1.0, "err_frac": 0.0, "groups": 8, "groups_with_signal": 3, "kl": 0.00927, "pg": 0.00559, "elapsed_s": 902.4}
{"step": 19, "sparse": false, "reward_mean": 0.7737, "pass_frac": 0.0469, "valid_frac": 0.875, "parse_frac": 1.0, "err_frac": 0.0, "groups": 8, "groups_with_signal": 6, "kl": 0.04844, "pg": 0.00111, "elapsed_s": 949.7}
{"step": 20, "sparse": false, "reward_mean": 0.7616, "pass_frac": 0.0, "valid_frac": 0.9219, "parse_frac": 1.0, "err_frac": 0.0, "groups": 8, "groups_with_signal": 3, "kl": 0.00477, "pg": 0.0188, "elapsed_s": 988.6}
{"step": 21, "sparse": false, "reward_mean": 0.7141, "pass_frac": 0.0, "valid_frac": 0.75, "parse_frac": 1.0, "err_frac": 0.0, "groups": 8, "groups_with_signal": 2, "kl": 0.00992, "pg": -0.00429, "elapsed_s": 1022.9}
{"step": 22, "sparse": false, "reward_mean": 0.7461, "pass_frac": 0.0, "valid_frac": 0.875, "parse_frac": 1.0, "err_frac": 0.0, "groups": 8, "groups_with_signal": 5, "kl": 0.01581, "pg": -0.00916, "elapsed_s": 1078.7}
{"step": 23, "sparse": false, "reward_mean": 0.7399, "pass_frac": 0.0, "valid_frac": 0.8594, "parse_frac": 1.0, "err_frac": 0.0, "groups": 8, "groups_with_signal": 4, "kl": 0.02068, "pg": -0.01742, "elapsed_s": 1122.4}
{"step": 24, "sparse": false, "reward_mean": 0.7747, "pass_frac": 0.0, "valid_frac": 0.9219, "parse_frac": 1.0, "err_frac": 0.0, "groups": 8, "groups_with_signal": 6, "kl": 0.01408, "pg": 0.02005, "elapsed_s": 1179.0}
{"step": 25, "sparse": false, "reward_mean": 0.7068, "pass_frac": 0.0, "valid_frac": 0.7812, "parse_frac": 1.0, "err_frac": 0.0, "groups": 8, "groups_with_signal": 4, "kl": 0.02523, "pg": 0.01023, "elapsed_s": 1224.0}
{"step": 26, "sparse": false, "reward_mean": 0.7477, "pass_frac": 0.0156, "valid_frac": 0.8281, "parse_frac": 1.0, "err_frac": 0.0, "groups": 8, "groups_with_signal": 5, "kl": 0.03561, "pg": 0.00487, "elapsed_s": 1274.5}
{"step": 27, "sparse": false, "reward_mean": 0.7407, "pass_frac": 0.0, "valid_frac": 0.8281, "parse_frac": 1.0, "err_frac": 0.0, "groups": 8, "groups_with_signal": 6, "kl": 0.04268, "pg": 0.00421, "elapsed_s": 1330.6}
{"step": 28, "sparse": false, "reward_mean": 0.8017, "pass_frac": 0.0, "valid_frac": 0.9844, "parse_frac": 1.0, "err_frac": 0.0, "groups": 8, "groups_with_signal": 3, "kl": 0.01703, "pg": -0.01897, "elapsed_s": 1367.6}
{"step": 29, "sparse": false, "reward_mean": 0.7499, "pass_frac": 0.0, "valid_frac": 0.8594, "parse_frac": 1.0, "err_frac": 0.0, "groups": 8, "groups_with_signal": 6, "kl": 0.02397, "pg": -0.02805, "elapsed_s": 1423.1}
{"step": 30, "sparse": false, "reward_mean": 0.7849, "pass_frac": 0.0, "valid_frac": 1.0, "parse_frac": 1.0, "err_frac": 0.0, "groups": 8, "groups_with_signal": 6, "kl": 0.01784, "pg": -0.0076, "elapsed_s": 1475.8}
{"step": 31, "sparse": false, "reward_mean": 0.8068, "pass_frac": 0.0312, "valid_frac": 1.0, "parse_frac": 1.0, "err_frac": 0.0, "groups": 8, "groups_with_signal": 5, "kl": 0.03355, "pg": -0.0003, "elapsed_s": 1520.5}
{"step": 32, "sparse": false, "reward_mean": 0.7753, "pass_frac": 0.0, "valid_frac": 0.9844, "parse_frac": 1.0, "err_frac": 0.0, "groups": 8, "groups_with_signal": 2, "kl": 0.03878, "pg": -0.02317, "elapsed_s": 1562.5}
{"step": 33, "sparse": false, "reward_mean": 0.7518, "pass_frac": 0.0, "valid_frac": 0.9062, "parse_frac": 1.0, "err_frac": 0.0, "groups": 8, "groups_with_signal": 4, "kl": 0.05046, "pg": 0.02355, "elapsed_s": 1603.1}
{"step": 34, "sparse": false, "reward_mean": 0.7573, "pass_frac": 0.0, "valid_frac": 0.875, "parse_frac": 1.0, "err_frac": 0.0, "groups": 8, "groups_with_signal": 2, "kl": 0.02108, "pg": 0.02879, "elapsed_s": 1642.8}
{"step": 35, "sparse": false, "reward_mean": 0.803, "pass_frac": 0.0, "valid_frac": 1.0, "parse_frac": 1.0, "err_frac": 0.0, "groups": 8, "groups_with_signal": 4, "kl": 0.00796, "pg": -0.00094, "elapsed_s": 1690.5}
{"step": 36, "sparse": false, "reward_mean": 0.7707, "pass_frac": 0.0, "valid_frac": 0.8906, "parse_frac": 1.0, "err_frac": 0.0, "groups": 8, "groups_with_signal": 6, "kl": 0.01943, "pg": -0.00831, "elapsed_s": 1741.0}
{"step": 37, "sparse": false, "reward_mean": 0.8018, "pass_frac": 0.0, "valid_frac": 1.0, "parse_frac": 1.0, "err_frac": 0.0, "groups": 8, "groups_with_signal": 5, "kl": 0.02078, "pg": 0.0112, "elapsed_s": 1795.3}
{"step": 38, "sparse": false, "reward_mean": 0.8001, "pass_frac": 0.0781, "valid_frac": 1.0, "parse_frac": 1.0, "err_frac": 0.0, "groups": 8, "groups_with_signal": 4, "kl": 0.00774, "pg": -0.00639, "elapsed_s": 1844.5}
{"step": 39, "sparse": false, "reward_mean": 0.7719, "pass_frac": 0.0, "valid_frac": 0.9531, "parse_frac": 1.0, "err_frac": 0.0, "groups": 8, "groups_with_signal": 6, "kl": 0.03103, "pg": -0.03293, "elapsed_s": 1894.4}
{"step": 40, "sparse": false, "reward_mean": 0.6813, "pass_frac": 0.0, "valid_frac": 0.625, "parse_frac": 1.0, "err_frac": 0.0, "groups": 8, "groups_with_signal": 1, "kl": 0.14223, "pg": -0.01299, "elapsed_s": 1930.5}
{"step": 41, "sparse": false, "reward_mean": 0.7904, "pass_frac": 0.0781, "valid_frac": 0.9531, "parse_frac": 1.0, "err_frac": 0.0, "groups": 8, "groups_with_signal": 3, "kl": 0.10789, "pg": -0.02606, "elapsed_s": 1972.3}
{"step": 42, "sparse": false, "reward_mean": 0.7469, "pass_frac": 0.0, "valid_frac": 0.8438, "parse_frac": 1.0, "err_frac": 0.0, "groups": 8, "groups_with_signal": 5, "kl": 0.04743, "pg": 0.01735, "elapsed_s": 2021.4}
{"step": 43, "sparse": false, "reward_mean": 0.7821, "pass_frac": 0.0, "valid_frac": 0.9844, "parse_frac": 1.0, "err_frac": 0.0, "groups": 8, "groups_with_signal": 6, "kl": 0.07724, "pg": -0.00593, "elapsed_s": 2082.4}
{"step": 44, "sparse": false, "reward_mean": 0.7833, "pass_frac": 0.0, "valid_frac": 1.0, "parse_frac": 1.0, "err_frac": 0.0, "groups": 8, "groups_with_signal": 2, "kl": 0.02987, "pg": -0.01734, "elapsed_s": 2120.2}
{"step": 45, "sparse": false, "reward_mean": 0.7801, "pass_frac": 0.0, "valid_frac": 0.9844, "parse_frac": 1.0, "err_frac": 0.0, "groups": 8, "groups_with_signal": 3, "kl": 0.04878, "pg": -0.0152, "elapsed_s": 2166.2}
{"step": 46, "sparse": false, "reward_mean": 0.815, "pass_frac": 0.0, "valid_frac": 1.0, "parse_frac": 1.0, "err_frac": 0.0, "groups": 8, "groups_with_signal": 4, "kl": 0.09861, "pg": -0.04233, "elapsed_s": 2211.9}
{"step": 47, "sparse": false, "reward_mean": 0.7431, "pass_frac": 0.0156, "valid_frac": 0.8438, "parse_frac": 1.0, "err_frac": 0.0, "groups": 8, "groups_with_signal": 5, "kl": 0.07986, "pg": -0.00465, "elapsed_s": 2262.9}
{"step": 48, "sparse": false, "reward_mean": 0.7987, "pass_frac": 0.0, "valid_frac": 1.0, "parse_frac": 1.0, "err_frac": 0.0, "groups": 8, "groups_with_signal": 2, "kl": 0.06278, "pg": 0.00816, "elapsed_s": 2302.5}
{"step": 49, "sparse": false, "reward_mean": 0.7794, "pass_frac": 0.0, "valid_frac": 1.0, "parse_frac": 1.0, "err_frac": 0.0, "groups": 8, "groups_with_signal": 3, "kl": 0.0243, "pg": -0.02746, "elapsed_s": 2340.7}
{"step": 50, "sparse": false, "reward_mean": 0.8081, "pass_frac": 0.0, "valid_frac": 1.0, "parse_frac": 1.0, "err_frac": 0.0, "groups": 8, "groups_with_signal": 6, "kl": 0.03522, "pg": 0.00672, "elapsed_s": 2395.0}
{"step": 51, "sparse": false, "reward_mean": 0.7389, "pass_frac": 0.0, "valid_frac": 0.875, "parse_frac": 1.0, "err_frac": 0.0, "groups": 8, "groups_with_signal": 3, "kl": 0.06174, "pg": -0.00677, "elapsed_s": 2436.5}
{"step": 52, "sparse": false, "reward_mean": 0.8456, "pass_frac": 0.0, "valid_frac": 1.0, "parse_frac": 1.0, "err_frac": 0.0, "groups": 8, "groups_with_signal": 5, "kl": 0.01397, "pg": -0.01656, "elapsed_s": 2481.2}
{"step": 53, "sparse": false, "reward_mean": 0.7852, "pass_frac": 0.0, "valid_frac": 1.0, "parse_frac": 1.0, "err_frac": 0.0, "groups": 8, "groups_with_signal": 3, "kl": 0.07253, "pg": -0.01671, "elapsed_s": 2518.1}
{"step": 54, "sparse": false, "reward_mean": 0.7657, "pass_frac": 0.0, "valid_frac": 0.9375, "parse_frac": 1.0, "err_frac": 0.0, "groups": 8, "groups_with_signal": 6, "kl": 0.04322, "pg": 0.00425, "elapsed_s": 2571.9}
{"step": 55, "sparse": false, "reward_mean": 0.791, "pass_frac": 0.0, "valid_frac": 0.9844, "parse_frac": 0.9844, "err_frac": 0.0, "groups": 8, "groups_with_signal": 3, "kl": 0.09066, "pg": -0.03263, "elapsed_s": 2620.3}
{"step": 56, "sparse": false, "reward_mean": 0.7416, "pass_frac": 0.0938, "valid_frac": 0.7656, "parse_frac": 1.0, "err_frac": 0.0, "groups": 8, "groups_with_signal": 5, "kl": 0.11766, "pg": -0.00104, "elapsed_s": 2670.4}
{"step": 57, "sparse": false, "reward_mean": 0.7875, "pass_frac": 0.0, "valid_frac": 0.9062, "parse_frac": 1.0, "err_frac": 0.0, "groups": 8, "groups_with_signal": 6, "kl": 0.03713, "pg": -0.01193, "elapsed_s": 2722.3}
{"step": 58, "sparse": false, "reward_mean": 0.7453, "pass_frac": 0.0, "valid_frac": 0.8906, "parse_frac": 1.0, "err_frac": 0.0, "groups": 8, "groups_with_signal": 4, "kl": 0.0283, "pg": 0.04313, "elapsed_s": 2771.0}
{"step": 59, "sparse": false, "reward_mean": 0.7922, "pass_frac": 0.0, "valid_frac": 1.0, "parse_frac": 1.0, "err_frac": 0.0, "groups": 8, "groups_with_signal": 5, "kl": 0.07185, "pg": -0.01011, "elapsed_s": 2826.6}
{"step": 60, "sparse": false, "reward_mean": 0.8236, "pass_frac": 0.0, "valid_frac": 1.0, "parse_frac": 1.0, "err_frac": 0.0, "groups": 8, "groups_with_signal": 5, "kl": 0.0812, "pg": 0.00766, "elapsed_s": 2877.1}
{"step": 61, "sparse": false, "reward_mean": 0.7484, "pass_frac": 0.0, "valid_frac": 0.9219, "parse_frac": 1.0, "err_frac": 0.0, "groups": 8, "groups_with_signal": 2, "kl": 0.12919, "pg": -0.01667, "elapsed_s": 2920.4}
{"step": 62, "sparse": false, "reward_mean": 0.7436, "pass_frac": 0.0, "valid_frac": 0.9219, "parse_frac": 1.0, "err_frac": 0.0, "groups": 8, "groups_with_signal": 3, "kl": 0.06409, "pg": 0.00668, "elapsed_s": 2963.4}
{"step": 63, "sparse": false, "reward_mean": 0.78, "pass_frac": 0.0, "valid_frac": 1.0, "parse_frac": 1.0, "err_frac": 0.0, "groups": 8, "groups_with_signal": 7, "kl": 0.11518, "pg": -0.00306, "elapsed_s": 3015.0}
{"step": 64, "sparse": false, "reward_mean": 0.7842, "pass_frac": 0.0, "valid_frac": 1.0, "parse_frac": 1.0, "err_frac": 0.0, "groups": 8, "groups_with_signal": 4, "kl": 0.07135, "pg": 0.01954, "elapsed_s": 3062.3}
{"step": 65, "sparse": false, "reward_mean": 0.7553, "pass_frac": 0.0, "valid_frac": 0.875, "parse_frac": 1.0, "err_frac": 0.0, "groups": 8, "groups_with_signal": 3, "kl": 0.12427, "pg": -0.0225, "elapsed_s": 3106.7}
{"step": 66, "sparse": false, "reward_mean": 0.8106, "pass_frac": 0.0, "valid_frac": 1.0, "parse_frac": 1.0, "err_frac": 0.0, "groups": 8, "groups_with_signal": 5, "kl": 0.09066, "pg": -0.02272, "elapsed_s": 3157.0}
{"step": 67, "sparse": false, "reward_mean": 0.8118, "pass_frac": 0.0, "valid_frac": 0.9844, "parse_frac": 1.0, "err_frac": 0.0, "groups": 8, "groups_with_signal": 6, "kl": 0.09606, "pg": -0.01473, "elapsed_s": 3221.7}
{"step": 68, "sparse": false, "reward_mean": 0.7555, "pass_frac": 0.0, "valid_frac": 0.875, "parse_frac": 1.0, "err_frac": 0.0, "groups": 8, "groups_with_signal": 5, "kl": 0.16152, "pg": -0.01555, "elapsed_s": 3281.5}
{"step": 69, "sparse": false, "reward_mean": 0.7494, "pass_frac": 0.0, "valid_frac": 0.8594, "parse_frac": 1.0, "err_frac": 0.0, "groups": 8, "groups_with_signal": 2, "kl": 0.07866, "pg": -0.00665, "elapsed_s": 3318.7}
{"step": 70, "sparse": false, "reward_mean": 0.7568, "pass_frac": 0.0, "valid_frac": 0.875, "parse_frac": 1.0, "err_frac": 0.0, "groups": 8, "groups_with_signal": 0, "elapsed_s": 3347.6}
{"step": 71, "sparse": false, "reward_mean": 0.7834, "pass_frac": 0.0, "valid_frac": 1.0, "parse_frac": 1.0, "err_frac": 0.0, "groups": 8, "groups_with_signal": 4, "kl": 0.05808, "pg": 0.00635, "elapsed_s": 3404.5}
{"step": 72, "sparse": false, "reward_mean": 0.8422, "pass_frac": 0.0625, "valid_frac": 1.0, "parse_frac": 1.0, "err_frac": 0.0, "groups": 8, "groups_with_signal": 4, "kl": 0.1064, "pg": -0.00658, "elapsed_s": 3449.1}
{"step": 73, "sparse": false, "reward_mean": 0.761, "pass_frac": 0.0, "valid_frac": 0.9531, "parse_frac": 1.0, "err_frac": 0.0, "groups": 8, "groups_with_signal": 2, "kl": 0.10126, "pg": 0.00759, "elapsed_s": 3486.1}
{"step": 74, "sparse": false, "reward_mean": 0.7985, "pass_frac": 0.0, "valid_frac": 1.0, "parse_frac": 1.0, "err_frac": 0.0, "groups": 8, "groups_with_signal": 5, "kl": 0.08909, "pg": -0.01366, "elapsed_s": 3538.3}
{"step": 75, "sparse": false, "reward_mean": 0.8096, "pass_frac": 0.0, "valid_frac": 1.0, "parse_frac": 1.0, "err_frac": 0.0, "groups": 8, "groups_with_signal": 3, "kl": 0.16727, "pg": -0.00629, "elapsed_s": 3586.4}
{"step": 76, "sparse": false, "reward_mean": 0.7602, "pass_frac": 0.0, "valid_frac": 0.8594, "parse_frac": 1.0, "err_frac": 0.0, "groups": 8, "groups_with_signal": 3, "kl": 0.13865, "pg": -0.0146, "elapsed_s": 3626.4}
{"step": 77, "sparse": false, "reward_mean": 0.8123, "pass_frac": 0.0469, "valid_frac": 1.0, "parse_frac": 1.0, "err_frac": 0.0, "groups": 8, "groups_with_signal": 5, "kl": 0.12041, "pg": -0.01371, "elapsed_s": 3679.9}
{"step": 78, "sparse": false, "reward_mean": 0.7763, "pass_frac": 0.0, "valid_frac": 1.0, "parse_frac": 1.0, "err_frac": 0.0, "groups": 8, "groups_with_signal": 3, "kl": 0.14911, "pg": 0.01046, "elapsed_s": 3721.2}
{"step": 79, "sparse": false, "reward_mean": 0.7808, "pass_frac": 0.0, "valid_frac": 1.0, "parse_frac": 1.0, "err_frac": 0.0, "groups": 8, "groups_with_signal": 4, "kl": 0.13314, "pg": -0.00428, "elapsed_s": 3766.2}
{"step": 80, "sparse": false, "reward_mean": 0.8011, "pass_frac": 0.0, "valid_frac": 1.0, "parse_frac": 1.0, "err_frac": 0.0, "groups": 8, "groups_with_signal": 6, "kl": 0.16428, "pg": -0.00125, "elapsed_s": 3819.7}
{"step": 81, "sparse": false, "reward_mean": 0.8008, "pass_frac": 0.0312, "valid_frac": 1.0, "parse_frac": 1.0, "err_frac": 0.0, "groups": 8, "groups_with_signal": 3, "kl": 0.08625, "pg": 0.02355, "elapsed_s": 3861.6}
{"step": 82, "sparse": false, "reward_mean": 0.8715, "pass_frac": 0.1094, "valid_frac": 1.0, "parse_frac": 1.0, "err_frac": 0.0, "groups": 8, "groups_with_signal": 3, "kl": 0.25023, "pg": 0.00267, "elapsed_s": 3902.6}
{"step": 83, "sparse": false, "reward_mean": 0.7813, "pass_frac": 0.0, "valid_frac": 1.0, "parse_frac": 1.0, "err_frac": 0.0, "groups": 8, "groups_with_signal": 3, "kl": 0.07809, "pg": 0.00787, "elapsed_s": 3943.6}
{"step": 84, "sparse": false, "reward_mean": 0.8281, "pass_frac": 0.125, "valid_frac": 1.0, "parse_frac": 1.0, "err_frac": 0.0, "groups": 8, "groups_with_signal": 5, "kl": 0.21543, "pg": -0.00153, "elapsed_s": 3993.4}
{"step": 85, "sparse": false, "reward_mean": 0.7859, "pass_frac": 0.0, "valid_frac": 1.0, "parse_frac": 1.0, "err_frac": 0.0, "groups": 8, "groups_with_signal": 5, "kl": 0.17858, "pg": -0.0081, "elapsed_s": 4046.4}
{"step": 86, "sparse": false, "reward_mean": 0.8448, "pass_frac": 0.125, "valid_frac": 1.0, "parse_frac": 1.0, "err_frac": 0.0, "groups": 8, "groups_with_signal": 2, "kl": 0.0535, "pg": 0.04077, "elapsed_s": 4081.3}
{"step": 87, "sparse": false, "reward_mean": 0.7521, "pass_frac": 0.0, "valid_frac": 0.9062, "parse_frac": 1.0, "err_frac": 0.0, "groups": 8, "groups_with_signal": 3, "kl": 0.10662, "pg": 0.03434, "elapsed_s": 4124.7}
{"step": 88, "sparse": false, "reward_mean": 0.7709, "pass_frac": 0.0, "valid_frac": 0.9844, "parse_frac": 1.0, "err_frac": 0.0, "groups": 8, "groups_with_signal": 3, "kl": 0.24174, "pg": -0.00135, "elapsed_s": 4172.4}
{"step": 89, "sparse": false, "reward_mean": 0.7745, "pass_frac": 0.0, "valid_frac": 1.0, "parse_frac": 1.0, "err_frac": 0.0, "groups": 8, "groups_with_signal": 3, "kl": 0.10827, "pg": 0.01347, "elapsed_s": 4209.4}
{"step": 90, "sparse": false, "reward_mean": 0.8774, "pass_frac": 0.125, "valid_frac": 1.0, "parse_frac": 1.0, "err_frac": 0.0, "groups": 8, "groups_with_signal": 2, "kl": 0.73203, "pg": -0.04401, "elapsed_s": 4244.0}
{"step": 91, "sparse": false, "reward_mean": 0.8202, "pass_frac": 0.0469, "valid_frac": 1.0, "parse_frac": 1.0, "err_frac": 0.0, "groups": 8, "groups_with_signal": 6, "kl": 0.16769, "pg": -0.01029, "elapsed_s": 4307.0}
{"step": 92, "sparse": false, "reward_mean": 0.7997, "pass_frac": 0.0, "valid_frac": 1.0, "parse_frac": 1.0, "err_frac": 0.0, "groups": 8, "groups_with_signal": 5, "kl": 0.13042, "pg": 0.0033, "elapsed_s": 4352.0}
{"step": 93, "sparse": false, "reward_mean": 0.7861, "pass_frac": 0.0, "valid_frac": 0.875, "parse_frac": 1.0, "err_frac": 0.0, "groups": 8, "groups_with_signal": 4, "kl": 0.31164, "pg": -0.02257, "elapsed_s": 4403.0}
{"step": 94, "sparse": false, "reward_mean": 0.8212, "pass_frac": 0.125, "valid_frac": 1.0, "parse_frac": 1.0, "err_frac": 0.0, "groups": 8, "groups_with_signal": 5, "kl": 0.39248, "pg": -0.02819, "elapsed_s": 4455.5}
{"step": 95, "sparse": false, "reward_mean": 0.8068, "pass_frac": 0.0, "valid_frac": 1.0, "parse_frac": 1.0, "err_frac": 0.0, "groups": 8, "groups_with_signal": 4, "kl": 0.36759, "pg": 0.00491, "elapsed_s": 4509.1}
{"step": 96, "sparse": false, "reward_mean": 0.7909, "pass_frac": 0.0, "valid_frac": 1.0, "parse_frac": 1.0, "err_frac": 0.0, "groups": 8, "groups_with_signal": 5, "kl": 0.14054, "pg": -0.00691, "elapsed_s": 4563.9}
{"step": 97, "sparse": false, "reward_mean": 0.8083, "pass_frac": 0.125, "valid_frac": 1.0, "parse_frac": 1.0, "err_frac": 0.0, "groups": 8, "groups_with_signal": 3, "kl": 0.40314, "pg": 0.02571, "elapsed_s": 4601.1}
{"step": 98, "sparse": false, "reward_mean": 0.8643, "pass_frac": 0.125, "valid_frac": 1.0, "parse_frac": 1.0, "err_frac": 0.0, "groups": 8, "groups_with_signal": 4, "kl": 0.23772, "pg": -0.01758, "elapsed_s": 4645.9}
{"step": 99, "sparse": false, "reward_mean": 0.7731, "pass_frac": 0.0, "valid_frac": 1.0, "parse_frac": 1.0, "err_frac": 0.0, "groups": 8, "groups_with_signal": 1, "kl": 0.28112, "pg": -0.00923, "elapsed_s": 4680.1}
{"step": 100, "sparse": false, "reward_mean": 0.7881, "pass_frac": 0.0, "valid_frac": 1.0, "parse_frac": 1.0, "err_frac": 0.0, "groups": 8, "groups_with_signal": 4, "kl": 0.28461, "pg": -0.00766, "elapsed_s": 4731.7}
{"step": 101, "sparse": false, "reward_mean": 0.7806, "pass_frac": 0.0, "valid_frac": 1.0, "parse_frac": 1.0, "err_frac": 0.0, "groups": 8, "groups_with_signal": 6, "kl": 0.28482, "pg": 0.02133, "elapsed_s": 4793.5}
{"step": 102, "sparse": false, "reward_mean": 0.7976, "pass_frac": 0.0, "valid_frac": 1.0, "parse_frac": 1.0, "err_frac": 0.0, "groups": 8, "groups_with_signal": 4, "kl": 0.28729, "pg": -0.00224, "elapsed_s": 4838.2}
{"step": 103, "sparse": false, "reward_mean": 0.7741, "pass_frac": 0.125, "valid_frac": 0.8594, "parse_frac": 1.0, "err_frac": 0.0, "groups": 8, "groups_with_signal": 3, "kl": 0.33116, "pg": -0.01614, "elapsed_s": 4878.8}
{"step": 104, "sparse": false, "reward_mean": 0.7822, "pass_frac": 0.0, "valid_frac": 1.0, "parse_frac": 1.0, "err_frac": 0.0, "groups": 8, "groups_with_signal": 4, "kl": 0.36253, "pg": -0.02636, "elapsed_s": 4923.8}
{"step": 105, "sparse": false, "reward_mean": 0.8247, "pass_frac": 0.0938, "valid_frac": 1.0, "parse_frac": 1.0, "err_frac": 0.0, "groups": 8, "groups_with_signal": 6, "kl": 0.32989, "pg": -0.01799, "elapsed_s": 4976.6}
{"step": 106, "sparse": false, "reward_mean": 0.8185, "pass_frac": 0.0, "valid_frac": 1.0, "parse_frac": 1.0, "err_frac": 0.0, "groups": 8, "groups_with_signal": 4, "kl": 0.42836, "pg": -0.00844, "elapsed_s": 5019.8}
{"step": 107, "sparse": false, "reward_mean": 0.8178, "pass_frac": 0.0156, "valid_frac": 1.0, "parse_frac": 1.0, "err_frac": 0.0, "groups": 8, "groups_with_signal": 7, "kl": 0.21136, "pg": 0.0087, "elapsed_s": 5082.4}
{"step": 108, "sparse": false, "reward_mean": 0.7862, "pass_frac": 0.0, "valid_frac": 1.0, "parse_frac": 1.0, "err_frac": 0.0, "groups": 8, "groups_with_signal": 4, "kl": 0.17278, "pg": 0.03229, "elapsed_s": 5123.8}
{"step": 109, "sparse": false, "reward_mean": 0.7744, "pass_frac": 0.0, "valid_frac": 1.0, "parse_frac": 1.0, "err_frac": 0.0, "groups": 8, "groups_with_signal": 3, "kl": 0.53956, "pg": 0.01156, "elapsed_s": 5168.2}
{"step": 110, "sparse": false, "reward_mean": 0.7891, "pass_frac": 0.0156, "valid_frac": 1.0, "parse_frac": 1.0, "err_frac": 0.0, "groups": 8, "groups_with_signal": 3, "kl": 0.37259, "pg": 0.05312, "elapsed_s": 5207.0}
{"step": 111, "sparse": false, "reward_mean": 0.8233, "pass_frac": 0.0156, "valid_frac": 1.0, "parse_frac": 1.0, "err_frac": 0.0, "groups": 8, "groups_with_signal": 4, "kl": 0.18317, "pg": 0.00737, "elapsed_s": 5254.6}
{"step": 112, "sparse": false, "reward_mean": 0.8228, "pass_frac": 0.0, "valid_frac": 1.0, "parse_frac": 1.0, "err_frac": 0.0, "groups": 8, "groups_with_signal": 3, "kl": 0.55073, "pg": -0.01374, "elapsed_s": 5300.3}
{"step": 113, "sparse": false, "reward_mean": 0.8104, "pass_frac": 0.125, "valid_frac": 1.0, "parse_frac": 1.0, "err_frac": 0.0, "groups": 8, "groups_with_signal": 4, "kl": 0.21602, "pg": -0.00556, "elapsed_s": 5353.2}
{"step": 114, "sparse": false, "reward_mean": 0.7811, "pass_frac": 0.0, "valid_frac": 0.9844, "parse_frac": 1.0, "err_frac": 0.0, "groups": 8, "groups_with_signal": 7, "kl": 0.20536, "pg": -0.01655, "elapsed_s": 5413.0}
{"step": 115, "sparse": false, "reward_mean": 0.8246, "pass_frac": 0.1094, "valid_frac": 0.9844, "parse_frac": 1.0, "err_frac": 0.0, "groups": 8, "groups_with_signal": 5, "kl": 0.25814, "pg": 0.00743, "elapsed_s": 5462.0}
{"step": 116, "sparse": false, "reward_mean": 0.8085, "pass_frac": 0.0, "valid_frac": 1.0, "parse_frac": 1.0, "err_frac": 0.0, "groups": 8, "groups_with_signal": 2, "kl": 0.51396, "pg": 0.04648, "elapsed_s": 5503.4}
{"step": 117, "sparse": false, "reward_mean": 0.8558, "pass_frac": 0.2344, "valid_frac": 1.0, "parse_frac": 1.0, "err_frac": 0.0, "groups": 8, "groups_with_signal": 6, "kl": 0.46915, "pg": -0.00907, "elapsed_s": 5565.3}
{"step": 118, "sparse": false, "reward_mean": 0.8039, "pass_frac": 0.0, "valid_frac": 1.0, "parse_frac": 1.0, "err_frac": 0.0, "groups": 8, "groups_with_signal": 6, "kl": 0.27479, "pg": -0.02538, "elapsed_s": 5622.4}
{"step": 119, "sparse": false, "reward_mean": 0.7798, "pass_frac": 0.0, "valid_frac": 1.0, "parse_frac": 1.0, "err_frac": 0.0, "groups": 8, "groups_with_signal": 5, "kl": 0.13442, "pg": -0.00463, "elapsed_s": 5666.5}
{"step": 120, "sparse": false, "reward_mean": 0.8194, "pass_frac": 0.125, "valid_frac": 1.0, "parse_frac": 1.0, "err_frac": 0.0, "groups": 8, "groups_with_signal": 5, "kl": 0.33201, "pg": 0.01748, "elapsed_s": 5716.3}
Writing model shards:   0%|          | 0/1 [00:00<?, ?it/s]Writing model shards: 100%|██████████| 1/1 [00:55<00:00, 55.11s/it]Writing model shards: 100%|██████████| 1/1 [00:55<00:00, 55.11s/it]
-> merged /netdisk/ldq/ckpt/m8-jointgrpo-a/merged (5775s)
