Loading weights:   0%|          | 0/399 [00:00<?, ?it/s]Loading weights: 100%|██████████| 399/399 [00:00<00:00, 3998.01it/s]
states: 11336 across {'guide_match': 2807, 'sans_match': 2852, 'tof_chopper': 2933, 'bender': 2744}
[transformers] `use_cache=True` is incompatible with gradient checkpointing. Setting `use_cache=False`.
/netdisk/ldq/NeutronGym/benchmark/harness/m8_grpo.py:300: UserWarning: Converting a tensor with requires_grad=True to a scalar may lead to unexpected behavior.
Consider using tensor.detach() first. (Triggered internally at /__w/pytorch/pytorch/torch/csrc/autograd/generated/python_variable_methods.cpp:822.)
  kl_sum += float((kl.sum(1) / ntok).sum()); pg_sum += float((pg.sum(1) / ntok).sum())
{"step": 1, "sparse": false, "reward_mean": 0.7327, "pass_frac": 0.0, "valid_frac": 0.875, "parse_frac": 1.0, "err_frac": 0.0, "groups": 8, "groups_with_signal": 4, "kl": 0.0, "pg": 0.04516, "elapsed_s": 48.0}
{"step": 2, "sparse": false, "reward_mean": 0.78, "pass_frac": 0.0, "valid_frac": 0.9531, "parse_frac": 1.0, "err_frac": 0.0, "groups": 8, "groups_with_signal": 3, "kl": 0.00035, "pg": -0.00594, "elapsed_s": 92.3}
{"step": 3, "sparse": false, "reward_mean": 0.7737, "pass_frac": 0.0, "valid_frac": 0.9844, "parse_frac": 1.0, "err_frac": 0.0, "groups": 8, "groups_with_signal": 3, "kl": 0.00039, "pg": 0.00868, "elapsed_s": 129.5}
{"step": 4, "sparse": false, "reward_mean": 0.6888, "pass_frac": 0.0, "valid_frac": 0.5938, "parse_frac": 1.0, "err_frac": 0.0, "groups": 8, "groups_with_signal": 5, "kl": 0.00054, "pg": 0.01008, "elapsed_s": 179.0}
{"step": 5, "sparse": false, "reward_mean": 0.7873, "pass_frac": 0.0, "valid_frac": 0.9531, "parse_frac": 1.0, "err_frac": 0.0, "groups": 8, "groups_with_signal": 6, "kl": 0.00062, "pg": 0.00527, "elapsed_s": 235.4}
{"step": 6, "sparse": false, "reward_mean": 0.7305, "pass_frac": 0.0, "valid_frac": 0.8281, "parse_frac": 1.0, "err_frac": 0.0, "groups": 8, "groups_with_signal": 6, "kl": 0.00152, "pg": -0.00572, "elapsed_s": 284.2}
{"step": 7, "sparse": false, "reward_mean": 0.7607, "pass_frac": 0.0, "valid_frac": 0.8906, "parse_frac": 1.0, "err_frac": 0.0, "groups": 8, "groups_with_signal": 6, "kl": 0.00077, "pg": 0.00288, "elapsed_s": 336.9}
{"step": 8, "sparse": false, "reward_mean": 0.7873, "pass_frac": 0.0, "valid_frac": 1.0, "parse_frac": 1.0, "err_frac": 0.0, "groups": 8, "groups_with_signal": 3, "kl": 0.00119, "pg": -0.00735, "elapsed_s": 382.0}
{"step": 9, "sparse": false, "reward_mean": 0.8033, "pass_frac": 0.0, "valid_frac": 1.0, "parse_frac": 1.0, "err_frac": 0.0, "groups": 8, "groups_with_signal": 6, "kl": 0.00273, "pg": -0.00066, "elapsed_s": 441.8}
{"step": 10, "sparse": false, "reward_mean": 0.7828, "pass_frac": 0.0, "valid_frac": 1.0, "parse_frac": 1.0, "err_frac": 0.0, "groups": 8, "groups_with_signal": 6, "kl": 0.00423, "pg": 0.00838, "elapsed_s": 505.0}
{"step": 11, "sparse": false, "reward_mean": 0.6955, "pass_frac": 0.0, "valid_frac": 0.7344, "parse_frac": 1.0, "err_frac": 0.0, "groups": 8, "groups_with_signal": 7, "kl": 0.00629, "pg": -0.00569, "elapsed_s": 566.6}
{"step": 12, "sparse": false, "reward_mean": 0.7667, "pass_frac": 0.0, "valid_frac": 0.9062, "parse_frac": 1.0, "err_frac": 0.0, "groups": 8, "groups_with_signal": 5, "kl": 0.00696, "pg": -0.0156, "elapsed_s": 620.7}
{"step": 13, "sparse": false, "reward_mean": 0.7637, "pass_frac": 0.0, "valid_frac": 0.9062, "parse_frac": 1.0, "err_frac": 0.0, "groups": 8, "groups_with_signal": 5, "kl": 0.00513, "pg": 0.00692, "elapsed_s": 675.4}
{"step": 14, "sparse": false, "reward_mean": 0.7815, "pass_frac": 0.0, "valid_frac": 1.0, "parse_frac": 1.0, "err_frac": 0.0, "groups": 8, "groups_with_signal": 3, "kl": 0.00203, "pg": -0.04365, "elapsed_s": 716.7}
{"step": 15, "sparse": false, "reward_mean": 0.7801, "pass_frac": 0.0, "valid_frac": 0.9688, "parse_frac": 1.0, "err_frac": 0.0, "groups": 8, "groups_with_signal": 4, "kl": 0.00587, "pg": 0.02047, "elapsed_s": 764.7}
{"step": 16, "sparse": false, "reward_mean": 0.752, "pass_frac": 0.0, "valid_frac": 0.875, "parse_frac": 1.0, "err_frac": 0.0, "groups": 8, "groups_with_signal": 4, "kl": 0.01643, "pg": -0.03081, "elapsed_s": 802.3}
{"step": 17, "sparse": false, "reward_mean": 0.7127, "pass_frac": 0.0, "valid_frac": 0.7656, "parse_frac": 1.0, "err_frac": 0.0, "groups": 8, "groups_with_signal": 5, "kl": 0.00879, "pg": -0.00699, "elapsed_s": 854.8}
{"step": 18, "sparse": false, "reward_mean": 0.7386, "pass_frac": 0.0, "valid_frac": 0.875, "parse_frac": 1.0, "err_frac": 0.0, "groups": 8, "groups_with_signal": 4, "kl": 0.00894, "pg": 0.00192, "elapsed_s": 906.1}
{"step": 19, "sparse": false, "reward_mean": 0.8021, "pass_frac": 0.0, "valid_frac": 1.0, "parse_frac": 1.0, "err_frac": 0.0, "groups": 8, "groups_with_signal": 4, "kl": 0.02013, "pg": -0.03352, "elapsed_s": 951.5}
{"step": 20, "sparse": false, "reward_mean": 0.7437, "pass_frac": 0.0, "valid_frac": 0.8281, "parse_frac": 1.0, "err_frac": 0.0, "groups": 8, "groups_with_signal": 6, "kl": 0.00669, "pg": 0.01517, "elapsed_s": 1010.4}
{"step": 21, "sparse": false, "reward_mean": 0.7969, "pass_frac": 0.0, "valid_frac": 1.0, "parse_frac": 1.0, "err_frac": 0.0, "groups": 8, "groups_with_signal": 4, "kl": 0.00482, "pg": -0.00197, "elapsed_s": 1059.5}
{"step": 22, "sparse": false, "reward_mean": 0.7354, "pass_frac": 0.0, "valid_frac": 0.875, "parse_frac": 1.0, "err_frac": 0.0, "groups": 8, "groups_with_signal": 3, "kl": 0.00164, "pg": -0.01718, "elapsed_s": 1100.4}
{"step": 23, "sparse": false, "reward_mean": 0.775, "pass_frac": 0.0, "valid_frac": 0.9688, "parse_frac": 1.0, "err_frac": 0.0, "groups": 8, "groups_with_signal": 6, "kl": 0.00499, "pg": -0.01338, "elapsed_s": 1165.5}
{"step": 24, "sparse": false, "reward_mean": 0.7504, "pass_frac": 0.0, "valid_frac": 0.875, "parse_frac": 1.0, "err_frac": 0.0, "groups": 8, "groups_with_signal": 2, "kl": 0.00757, "pg": 0.0094, "elapsed_s": 1205.8}
{"step": 25, "sparse": false, "reward_mean": 0.7835, "pass_frac": 0.0781, "valid_frac": 0.875, "parse_frac": 1.0, "err_frac": 0.0, "groups": 8, "groups_with_signal": 5, "kl": 0.02767, "pg": -0.00433, "elapsed_s": 1251.1}
{"step": 26, "sparse": false, "reward_mean": 0.782, "pass_frac": 0.0, "valid_frac": 1.0, "parse_frac": 1.0, "err_frac": 0.0, "groups": 8, "groups_with_signal": 3, "kl": 0.01682, "pg": -0.00234, "elapsed_s": 1286.8}
{"step": 27, "sparse": false, "reward_mean": 0.7887, "pass_frac": 0.0, "valid_frac": 0.9375, "parse_frac": 1.0, "err_frac": 0.0, "groups": 8, "groups_with_signal": 4, "kl": 0.01714, "pg": 0.0144, "elapsed_s": 1330.5}
{"step": 28, "sparse": false, "reward_mean": 0.7538, "pass_frac": 0.0, "valid_frac": 0.875, "parse_frac": 1.0, "err_frac": 0.0, "groups": 8, "groups_with_signal": 2, "kl": 0.00452, "pg": -0.01139, "elapsed_s": 1369.7}
{"step": 29, "sparse": false, "reward_mean": 0.7538, "pass_frac": 0.0156, "valid_frac": 0.875, "parse_frac": 1.0, "err_frac": 0.0, "groups": 8, "groups_with_signal": 3, "kl": 0.0035, "pg": -0.0043, "elapsed_s": 1421.8}
{"step": 30, "sparse": false, "reward_mean": 0.7713, "pass_frac": 0.0, "valid_frac": 0.875, "parse_frac": 1.0, "err_frac": 0.0, "groups": 8, "groups_with_signal": 4, "kl": 0.01185, "pg": -0.00139, "elapsed_s": 1474.2}
{"step": 31, "sparse": false, "reward_mean": 0.7415, "pass_frac": 0.0, "valid_frac": 0.875, "parse_frac": 1.0, "err_frac": 0.0, "groups": 8, "groups_with_signal": 3, "kl": 0.01, "pg": 0.02466, "elapsed_s": 1517.4}
{"step": 32, "sparse": false, "reward_mean": 0.7571, "pass_frac": 0.0, "valid_frac": 0.8594, "parse_frac": 1.0, "err_frac": 0.0, "groups": 8, "groups_with_signal": 6, "kl": 0.04927, "pg": 0.00556, "elapsed_s": 1576.9}
{"step": 33, "sparse": false, "reward_mean": 0.7434, "pass_frac": 0.0, "valid_frac": 0.9219, "parse_frac": 1.0, "err_frac": 0.0, "groups": 8, "groups_with_signal": 1, "kl": 0.02714, "pg": 0.01963, "elapsed_s": 1610.1}
{"step": 34, "sparse": false, "reward_mean": 0.7507, "pass_frac": 0.0156, "valid_frac": 0.8281, "parse_frac": 1.0, "err_frac": 0.0, "groups": 8, "groups_with_signal": 5, "kl": 0.01577, "pg": 0.00987, "elapsed_s": 1662.8}
{"step": 35, "sparse": false, "reward_mean": 0.7556, "pass_frac": 0.0469, "valid_frac": 0.8281, "parse_frac": 1.0, "err_frac": 0.0, "groups": 8, "groups_with_signal": 5, "kl": 0.02901, "pg": 0.00296, "elapsed_s": 1720.0}
{"step": 36, "sparse": false, "reward_mean": 0.7796, "pass_frac": 0.0, "valid_frac": 1.0, "parse_frac": 1.0, "err_frac": 0.0, "groups": 8, "groups_with_signal": 3, "kl": 0.01163, "pg": 0.00226, "elapsed_s": 1764.2}
{"step": 37, "sparse": false, "reward_mean": 0.7664, "pass_frac": 0.0, "valid_frac": 0.8281, "parse_frac": 1.0, "err_frac": 0.0, "groups": 8, "groups_with_signal": 4, "kl": 0.04644, "pg": -0.03832, "elapsed_s": 1810.1}
{"step": 38, "sparse": false, "reward_mean": 0.7403, "pass_frac": 0.0, "valid_frac": 0.875, "parse_frac": 1.0, "err_frac": 0.0, "groups": 8, "groups_with_signal": 3, "kl": 0.01111, "pg": -0.00319, "elapsed_s": 1852.0}
{"step": 39, "sparse": false, "reward_mean": 0.7788, "pass_frac": 0.0, "valid_frac": 0.9531, "parse_frac": 1.0, "err_frac": 0.0, "groups": 8, "groups_with_signal": 7, "kl": 0.0443, "pg": -0.01776, "elapsed_s": 1911.0}
{"step": 40, "sparse": false, "reward_mean": 0.7857, "pass_frac": 0.0, "valid_frac": 1.0, "parse_frac": 1.0, "err_frac": 0.0, "groups": 8, "groups_with_signal": 4, "kl": 0.03129, "pg": -0.02284, "elapsed_s": 1956.8}
{"step": 41, "sparse": false, "reward_mean": 0.8076, "pass_frac": 0.0469, "valid_frac": 1.0, "parse_frac": 1.0, "err_frac": 0.0, "groups": 8, "groups_with_signal": 4, "kl": 0.03754, "pg": 0.01882, "elapsed_s": 2000.3}
{"step": 42, "sparse": false, "reward_mean": 0.8022, "pass_frac": 0.0625, "valid_frac": 1.0, "parse_frac": 1.0, "err_frac": 0.0, "groups": 8, "groups_with_signal": 5, "kl": 0.02247, "pg": -0.01066, "elapsed_s": 2056.2}
{"step": 43, "sparse": false, "reward_mean": 0.7779, "pass_frac": 0.0, "valid_frac": 1.0, "parse_frac": 1.0, "err_frac": 0.0, "groups": 8, "groups_with_signal": 3, "kl": 0.06838, "pg": -0.00609, "elapsed_s": 2097.7}
{"step": 44, "sparse": false, "reward_mean": 0.749, "pass_frac": 0.0156, "valid_frac": 0.875, "parse_frac": 1.0, "err_frac": 0.0, "groups": 8, "groups_with_signal": 3, "kl": 0.03398, "pg": 0.00102, "elapsed_s": 2138.2}
{"step": 45, "sparse": false, "reward_mean": 0.7937, "pass_frac": 0.0, "valid_frac": 1.0, "parse_frac": 1.0, "err_frac": 0.0, "groups": 8, "groups_with_signal": 3, "kl": 0.03773, "pg": 0.0282, "elapsed_s": 2179.8}
{"step": 46, "sparse": false, "reward_mean": 0.746, "pass_frac": 0.0, "valid_frac": 0.875, "parse_frac": 1.0, "err_frac": 0.0, "groups": 8, "groups_with_signal": 6, "kl": 0.06362, "pg": -0.00034, "elapsed_s": 2229.8}
{"step": 47, "sparse": false, "reward_mean": 0.7881, "pass_frac": 0.0, "valid_frac": 1.0, "parse_frac": 1.0, "err_frac": 0.0, "groups": 8, "groups_with_signal": 4, "kl": 0.01292, "pg": 0.00104, "elapsed_s": 2280.0}
{"step": 48, "sparse": false, "reward_mean": 0.7934, "pass_frac": 0.0, "valid_frac": 0.8906, "parse_frac": 1.0, "err_frac": 0.0, "groups": 8, "groups_with_signal": 4, "kl": 0.03249, "pg": 0.00041, "elapsed_s": 2323.3}
{"step": 49, "sparse": false, "reward_mean": 0.8028, "pass_frac": 0.0, "valid_frac": 1.0, "parse_frac": 1.0, "err_frac": 0.0, "groups": 8, "groups_with_signal": 5, "kl": 0.02973, "pg": -0.00434, "elapsed_s": 2374.7}
{"step": 50, "sparse": false, "reward_mean": 0.8188, "pass_frac": 0.125, "valid_frac": 1.0, "parse_frac": 1.0, "err_frac": 0.0, "groups": 8, "groups_with_signal": 5, "kl": 0.08013, "pg": 0.0198, "elapsed_s": 2431.1}
{"step": 51, "sparse": false, "reward_mean": 0.7759, "pass_frac": 0.0, "valid_frac": 0.9844, "parse_frac": 1.0, "err_frac": 0.0, "groups": 8, "groups_with_signal": 6, "kl": 0.04003, "pg": -3e-05, "elapsed_s": 2480.8}
{"step": 52, "sparse": false, "reward_mean": 0.7627, "pass_frac": 0.0, "valid_frac": 0.875, "parse_frac": 1.0, "err_frac": 0.0, "groups": 8, "groups_with_signal": 6, "kl": 0.05321, "pg": 0.0, "elapsed_s": 2538.4}
{"step": 53, "sparse": false, "reward_mean": 0.7079, "pass_frac": 0.0, "valid_frac": 0.75, "parse_frac": 1.0, "err_frac": 0.0, "groups": 8, "groups_with_signal": 1, "kl": 0.11918, "pg": -0.04559, "elapsed_s": 2573.8}
{"step": 54, "sparse": false, "reward_mean": 0.8328, "pass_frac": 0.125, "valid_frac": 1.0, "parse_frac": 1.0, "err_frac": 0.0, "groups": 8, "groups_with_signal": 3, "kl": 0.05508, "pg": -0.00893, "elapsed_s": 2613.0}
{"step": 55, "sparse": false, "reward_mean": 0.7485, "pass_frac": 0.0, "valid_frac": 0.8438, "parse_frac": 1.0, "err_frac": 0.0, "groups": 8, "groups_with_signal": 5, "kl": 0.04596, "pg": 0.0111, "elapsed_s": 2661.6}
{"step": 56, "sparse": false, "reward_mean": 0.7773, "pass_frac": 0.0156, "valid_frac": 0.9531, "parse_frac": 1.0, "err_frac": 0.0, "groups": 8, "groups_with_signal": 3, "kl": 0.12684, "pg": -0.03571, "elapsed_s": 2708.0}
{"step": 57, "sparse": false, "reward_mean": 0.7854, "pass_frac": 0.0, "valid_frac": 1.0, "parse_frac": 1.0, "err_frac": 0.0, "groups": 8, "groups_with_signal": 3, "kl": 0.15873, "pg": -0.00395, "elapsed_s": 2745.9}
{"step": 58, "sparse": false, "reward_mean": 0.7798, "pass_frac": 0.0, "valid_frac": 0.9844, "parse_frac": 1.0, "err_frac": 0.0, "groups": 8, "groups_with_signal": 6, "kl": 0.11352, "pg": -0.00559, "elapsed_s": 2802.1}
{"step": 59, "sparse": false, "reward_mean": 0.7997, "pass_frac": 0.0, "valid_frac": 1.0, "parse_frac": 1.0, "err_frac": 0.0, "groups": 8, "groups_with_signal": 4, "kl": 0.04173, "pg": 0.00344, "elapsed_s": 2851.9}
{"step": 60, "sparse": false, "reward_mean": 0.8249, "pass_frac": 0.0, "valid_frac": 0.9844, "parse_frac": 1.0, "err_frac": 0.0, "groups": 8, "groups_with_signal": 7, "kl": 0.06631, "pg": -0.01037, "elapsed_s": 2915.1}
{"step": 61, "sparse": false, "reward_mean": 0.7732, "pass_frac": 0.0, "valid_frac": 0.9375, "parse_frac": 1.0, "err_frac": 0.0, "groups": 8, "groups_with_signal": 5, "kl": 0.06967, "pg": -0.01173, "elapsed_s": 2963.8}
{"step": 62, "sparse": false, "reward_mean": 0.7784, "pass_frac": 0.0938, "valid_frac": 0.9062, "parse_frac": 1.0, "err_frac": 0.0, "groups": 8, "groups_with_signal": 8, "kl": 0.29434, "pg": -0.02252, "elapsed_s": 3028.7}
{"step": 63, "sparse": false, "reward_mean": 0.7969, "pass_frac": 0.0, "valid_frac": 1.0, "parse_frac": 1.0, "err_frac": 0.0, "groups": 8, "groups_with_signal": 2, "kl": 0.03497, "pg": -0.02641, "elapsed_s": 3067.1}
{"step": 64, "sparse": false, "reward_mean": 0.7872, "pass_frac": 0.0, "valid_frac": 1.0, "parse_frac": 1.0, "err_frac": 0.0, "groups": 8, "groups_with_signal": 3, "kl": 0.11007, "pg": -0.00236, "elapsed_s": 3100.4}
{"step": 65, "sparse": false, "reward_mean": 0.8017, "pass_frac": 0.0, "valid_frac": 1.0, "parse_frac": 1.0, "err_frac": 0.0, "groups": 8, "groups_with_signal": 4, "kl": 0.07624, "pg": 0.01124, "elapsed_s": 3148.5}
{"step": 66, "sparse": false, "reward_mean": 0.7427, "pass_frac": 0.0, "valid_frac": 0.875, "parse_frac": 1.0, "err_frac": 0.0, "groups": 8, "groups_with_signal": 3, "kl": 0.11983, "pg": 0.00381, "elapsed_s": 3192.0}
{"step": 67, "sparse": false, "reward_mean": 0.8019, "pass_frac": 0.0, "valid_frac": 0.9688, "parse_frac": 1.0, "err_frac": 0.0, "groups": 8, "groups_with_signal": 4, "kl": 0.03624, "pg": -0.00523, "elapsed_s": 3240.6}
{"step": 68, "sparse": false, "reward_mean": 0.8445, "pass_frac": 0.0, "valid_frac": 1.0, "parse_frac": 1.0, "err_frac": 0.0, "groups": 8, "groups_with_signal": 5, "kl": 0.87203, "pg": -0.03069, "elapsed_s": 3295.8}
{"step": 69, "sparse": false, "reward_mean": 0.7848, "pass_frac": 0.0, "valid_frac": 1.0, "parse_frac": 1.0, "err_frac": 0.0, "groups": 8, "groups_with_signal": 4, "kl": 0.06258, "pg": -0.01193, "elapsed_s": 3334.7}
{"step": 70, "sparse": false, "reward_mean": 0.7914, "pass_frac": 0.0, "valid_frac": 1.0, "parse_frac": 1.0, "err_frac": 0.0, "groups": 8, "groups_with_signal": 4, "kl": 0.12093, "pg": -0.00222, "elapsed_s": 3381.0}
{"step": 71, "sparse": false, "reward_mean": 0.799, "pass_frac": 0.0, "valid_frac": 1.0, "parse_frac": 1.0, "err_frac": 0.0, "groups": 8, "groups_with_signal": 7, "kl": 0.09333, "pg": -0.01295, "elapsed_s": 3440.5}
{"step": 72, "sparse": false, "reward_mean": 0.7682, "pass_frac": 0.0, "valid_frac": 0.875, "parse_frac": 1.0, "err_frac": 0.0, "groups": 8, "groups_with_signal": 2, "kl": 0.12854, "pg": 0.01981, "elapsed_s": 3478.8}
{"step": 73, "sparse": false, "reward_mean": 0.794, "pass_frac": 0.0469, "valid_frac": 0.9688, "parse_frac": 1.0, "err_frac": 0.0, "groups": 8, "groups_with_signal": 5, "kl": 0.24473, "pg": 0.00416, "elapsed_s": 3535.0}
{"step": 74, "sparse": false, "reward_mean": 0.8166, "pass_frac": 0.0469, "valid_frac": 0.9062, "parse_frac": 1.0, "err_frac": 0.0, "groups": 8, "groups_with_signal": 5, "kl": 0.14829, "pg": 0.02815, "elapsed_s": 3586.8}
{"step": 75, "sparse": false, "reward_mean": 0.7545, "pass_frac": 0.0, "valid_frac": 0.9219, "parse_frac": 1.0, "err_frac": 0.0, "groups": 8, "groups_with_signal": 5, "kl": 0.20248, "pg": 0.01228, "elapsed_s": 3641.7}
{"step": 76, "sparse": false, "reward_mean": 0.7705, "pass_frac": 0.0, "valid_frac": 1.0, "parse_frac": 1.0, "err_frac": 0.0, "groups": 8, "groups_with_signal": 4, "kl": 0.17088, "pg": 0.00524, "elapsed_s": 3687.6}
{"step": 77, "sparse": false, "reward_mean": 0.7839, "pass_frac": 0.0, "valid_frac": 1.0, "parse_frac": 1.0, "err_frac": 0.0, "groups": 8, "groups_with_signal": 7, "kl": 0.48526, "pg": 0.01264, "elapsed_s": 3751.2}
{"step": 78, "sparse": false, "reward_mean": 0.8171, "pass_frac": 0.0, "valid_frac": 1.0, "parse_frac": 1.0, "err_frac": 0.0, "groups": 8, "groups_with_signal": 2, "kl": 0.0543, "pg": -0.01935, "elapsed_s": 3785.5}
{"step": 79, "sparse": false, "reward_mean": 0.8195, "pass_frac": 0.0, "valid_frac": 1.0, "parse_frac": 1.0, "err_frac": 0.0, "groups": 8, "groups_with_signal": 4, "kl": 0.24796, "pg": 0.00693, "elapsed_s": 3833.1}
{"step": 80, "sparse": false, "reward_mean": 0.7716, "pass_frac": 0.0, "valid_frac": 1.0, "parse_frac": 1.0, "err_frac": 0.0, "groups": 8, "groups_with_signal": 2, "kl": 0.25636, "pg": 0.02148, "elapsed_s": 3872.7}
{"step": 81, "sparse": false, "reward_mean": 0.7907, "pass_frac": 0.0, "valid_frac": 1.0, "parse_frac": 1.0, "err_frac": 0.0, "groups": 8, "groups_with_signal": 2, "kl": 0.21136, "pg": 0.03282, "elapsed_s": 3911.8}
{"step": 82, "sparse": false, "reward_mean": 0.7629, "pass_frac": 0.0, "valid_frac": 0.9688, "parse_frac": 1.0, "err_frac": 0.0, "groups": 8, "groups_with_signal": 6, "kl": 0.41053, "pg": -0.00295, "elapsed_s": 3966.9}
{"step": 83, "sparse": false, "reward_mean": 0.7782, "pass_frac": 0.0, "valid_frac": 1.0, "parse_frac": 1.0, "err_frac": 0.0, "groups": 8, "groups_with_signal": 5, "kl": 0.25876, "pg": -0.0005, "elapsed_s": 4015.2}
{"step": 84, "sparse": false, "reward_mean": 0.8119, "pass_frac": 0.0469, "valid_frac": 1.0, "parse_frac": 1.0, "err_frac": 0.0, "groups": 8, "groups_with_signal": 5, "kl": 0.30144, "pg": 0.01, "elapsed_s": 4067.2}
{"step": 85, "sparse": false, "reward_mean": 0.7882, "pass_frac": 0.0, "valid_frac": 1.0, "parse_frac": 1.0, "err_frac": 0.0, "groups": 8, "groups_with_signal": 6, "kl": 0.26117, "pg": -0.00762, "elapsed_s": 4120.8}
{"step": 86, "sparse": false, "reward_mean": 0.782, "pass_frac": 0.0, "valid_frac": 1.0, "parse_frac": 1.0, "err_frac": 0.0, "groups": 8, "groups_with_signal": 5, "kl": 0.35973, "pg": 0.00621, "elapsed_s": 4173.8}
{"step": 87, "sparse": false, "reward_mean": 0.7639, "pass_frac": 0.0, "valid_frac": 0.875, "parse_frac": 1.0, "err_frac": 0.0, "groups": 8, "groups_with_signal": 4, "kl": 0.37715, "pg": -0.01396, "elapsed_s": 4226.0}
{"step": 88, "sparse": false, "reward_mean": 0.8169, "pass_frac": 0.0, "valid_frac": 1.0, "parse_frac": 1.0, "err_frac": 0.0, "groups": 8, "groups_with_signal": 3, "kl": 0.219, "pg": 0.01998, "elapsed_s": 4266.1}
{"step": 89, "sparse": false, "reward_mean": 0.8142, "pass_frac": 0.0156, "valid_frac": 1.0, "parse_frac": 1.0, "err_frac": 0.0, "groups": 8, "groups_with_signal": 3, "kl": 0.14387, "pg": -0.01056, "elapsed_s": 4313.3}
{"step": 90, "sparse": false, "reward_mean": 0.7812, "pass_frac": 0.0, "valid_frac": 0.875, "parse_frac": 1.0, "err_frac": 0.0, "groups": 8, "groups_with_signal": 6, "kl": 0.14574, "pg": -0.00013, "elapsed_s": 4375.2}
{"step": 91, "sparse": false, "reward_mean": 0.7741, "pass_frac": 0.0, "valid_frac": 1.0, "parse_frac": 1.0, "err_frac": 0.0, "groups": 8, "groups_with_signal": 2, "kl": 0.31898, "pg": -0.02935, "elapsed_s": 4416.5}
{"step": 92, "sparse": false, "reward_mean": 0.7462, "pass_frac": 0.0, "valid_frac": 0.9062, "parse_frac": 1.0, "err_frac": 0.0, "groups": 8, "groups_with_signal": 4, "kl": 0.13728, "pg": -0.01862, "elapsed_s": 4462.2}
{"step": 93, "sparse": false, "reward_mean": 0.8211, "pass_frac": 0.0, "valid_frac": 0.9688, "parse_frac": 1.0, "err_frac": 0.0, "groups": 8, "groups_with_signal": 5, "kl": 0.35825, "pg": -0.01308, "elapsed_s": 4517.4}
{"step": 94, "sparse": false, "reward_mean": 0.7958, "pass_frac": 0.0156, "valid_frac": 0.9688, "parse_frac": 1.0, "err_frac": 0.0, "groups": 8, "groups_with_signal": 5, "kl": 0.14875, "pg": 0.01506, "elapsed_s": 4566.0}
{"step": 95, "sparse": false, "reward_mean": 0.7749, "pass_frac": 0.0, "valid_frac": 1.0, "parse_frac": 1.0, "err_frac": 0.0, "groups": 8, "groups_with_signal": 5, "kl": 0.15879, "pg": 0.00689, "elapsed_s": 4616.1}
{"step": 96, "sparse": false, "reward_mean": 0.8795, "pass_frac": 0.1406, "valid_frac": 1.0, "parse_frac": 1.0, "err_frac": 0.0, "groups": 8, "groups_with_signal": 6, "kl": 0.22965, "pg": 0.00042, "elapsed_s": 4669.7}
{"step": 97, "sparse": false, "reward_mean": 0.811, "pass_frac": 0.0, "valid_frac": 1.0, "parse_frac": 1.0, "err_frac": 0.0, "groups": 8, "groups_with_signal": 7, "kl": 0.42265, "pg": -0.01548, "elapsed_s": 4732.1}
{"step": 98, "sparse": false, "reward_mean": 0.7852, "pass_frac": 0.0156, "valid_frac": 0.9688, "parse_frac": 1.0, "err_frac": 0.0, "groups": 8, "groups_with_signal": 5, "kl": 0.33665, "pg": 0.00446, "elapsed_s": 4784.7}
{"step": 99, "sparse": false, "reward_mean": 0.7897, "pass_frac": 0.0, "valid_frac": 0.9688, "parse_frac": 1.0, "err_frac": 0.0, "groups": 8, "groups_with_signal": 6, "kl": 0.22746, "pg": -0.01272, "elapsed_s": 4841.8}
{"step": 100, "sparse": false, "reward_mean": 0.8137, "pass_frac": 0.0156, "valid_frac": 1.0, "parse_frac": 1.0, "err_frac": 0.0, "groups": 8, "groups_with_signal": 5, "kl": 0.09917, "pg": 0.01812, "elapsed_s": 4901.0}
{"step": 101, "sparse": false, "reward_mean": 0.8303, "pass_frac": 0.1094, "valid_frac": 0.9844, "parse_frac": 1.0, "err_frac": 0.0, "groups": 8, "groups_with_signal": 5, "kl": 0.33378, "pg": -0.01428, "elapsed_s": 4960.1}
{"step": 102, "sparse": false, "reward_mean": 0.7532, "pass_frac": 0.0, "valid_frac": 0.8906, "parse_frac": 1.0, "err_frac": 0.0, "groups": 8, "groups_with_signal": 3, "kl": 0.16886, "pg": -0.00217, "elapsed_s": 4998.7}
{"step": 103, "sparse": false, "reward_mean": 0.8423, "pass_frac": 0.125, "valid_frac": 1.0, "parse_frac": 1.0, "err_frac": 0.0, "groups": 8, "groups_with_signal": 5, "kl": 0.2804, "pg": -0.02038, "elapsed_s": 5052.4}
{"step": 104, "sparse": false, "reward_mean": 0.8005, "pass_frac": 0.0469, "valid_frac": 1.0, "parse_frac": 1.0, "err_frac": 0.0, "groups": 8, "groups_with_signal": 5, "kl": 0.334, "pg": -0.00632, "elapsed_s": 5106.3}
{"step": 105, "sparse": false, "reward_mean": 0.7973, "pass_frac": 0.0469, "valid_frac": 1.0, "parse_frac": 1.0, "err_frac": 0.0, "groups": 8, "groups_with_signal": 4, "kl": 0.44956, "pg": -0.00622, "elapsed_s": 5157.7}
{"step": 106, "sparse": false, "reward_mean": 0.7936, "pass_frac": 0.0, "valid_frac": 1.0, "parse_frac": 1.0, "err_frac": 0.0, "groups": 8, "groups_with_signal": 3, "kl": 0.5804, "pg": 0.02192, "elapsed_s": 5202.2}
{"step": 107, "sparse": false, "reward_mean": 0.8173, "pass_frac": 0.0, "valid_frac": 0.9844, "parse_frac": 1.0, "err_frac": 0.0, "groups": 8, "groups_with_signal": 5, "kl": 0.18569, "pg": -0.00116, "elapsed_s": 5248.3}
{"step": 108, "sparse": false, "reward_mean": 0.7756, "pass_frac": 0.0, "valid_frac": 0.9844, "parse_frac": 1.0, "err_frac": 0.0, "groups": 8, "groups_with_signal": 5, "kl": 0.39934, "pg": -0.00328, "elapsed_s": 5302.8}
{"step": 109, "sparse": false, "reward_mean": 0.8116, "pass_frac": 0.0156, "valid_frac": 1.0, "parse_frac": 1.0, "err_frac": 0.0, "groups": 8, "groups_with_signal": 4, "kl": 0.24976, "pg": -0.00987, "elapsed_s": 5347.9}
{"step": 110, "sparse": false, "reward_mean": 0.8338, "pass_frac": 0.0625, "valid_frac": 1.0, "parse_frac": 1.0, "err_frac": 0.0, "groups": 8, "groups_with_signal": 6, "kl": 0.21187, "pg": -0.00793, "elapsed_s": 5401.3}
{"step": 111, "sparse": false, "reward_mean": 0.7848, "pass_frac": 0.0, "valid_frac": 1.0, "parse_frac": 1.0, "err_frac": 0.0, "groups": 8, "groups_with_signal": 3, "kl": 0.25459, "pg": 0.01698, "elapsed_s": 5439.9}
{"step": 112, "sparse": false, "reward_mean": 0.8132, "pass_frac": 0.0469, "valid_frac": 1.0, "parse_frac": 1.0, "err_frac": 0.0, "groups": 8, "groups_with_signal": 8, "kl": 0.67532, "pg": -0.01078, "elapsed_s": 5501.0}
{"step": 113, "sparse": false, "reward_mean": 0.797, "pass_frac": 0.0156, "valid_frac": 1.0, "parse_frac": 1.0, "err_frac": 0.0, "groups": 8, "groups_with_signal": 6, "kl": 0.34963, "pg": 0.01972, "elapsed_s": 5557.1}
{"step": 114, "sparse": false, "reward_mean": 0.7855, "pass_frac": 0.0, "valid_frac": 1.0, "parse_frac": 1.0, "err_frac": 0.0, "groups": 8, "groups_with_signal": 4, "kl": 0.56643, "pg": 0.00135, "elapsed_s": 5604.2}
{"step": 115, "sparse": false, "reward_mean": 0.8252, "pass_frac": 0.0, "valid_frac": 1.0, "parse_frac": 1.0, "err_frac": 0.0, "groups": 8, "groups_with_signal": 5, "kl": 0.41985, "pg": -0.01788, "elapsed_s": 5657.6}
{"step": 116, "sparse": false, "reward_mean": 0.8495, "pass_frac": 0.125, "valid_frac": 1.0, "parse_frac": 1.0, "err_frac": 0.0, "groups": 8, "groups_with_signal": 6, "kl": 0.36963, "pg": -0.00572, "elapsed_s": 5719.3}
{"step": 117, "sparse": false, "reward_mean": 0.7524, "pass_frac": 0.0, "valid_frac": 0.9688, "parse_frac": 1.0, "err_frac": 0.0, "groups": 8, "groups_with_signal": 3, "kl": 1.01046, "pg": 0.00841, "elapsed_s": 5761.0}
{"step": 118, "sparse": false, "reward_mean": 0.7696, "pass_frac": 0.125, "valid_frac": 0.9219, "parse_frac": 1.0, "err_frac": 0.0, "groups": 8, "groups_with_signal": 6, "kl": 0.58358, "pg": -0.00472, "elapsed_s": 5824.0}
{"step": 119, "sparse": false, "reward_mean": 0.8018, "pass_frac": 0.0, "valid_frac": 0.9844, "parse_frac": 1.0, "err_frac": 0.0, "groups": 8, "groups_with_signal": 5, "kl": 0.38, "pg": -0.00849, "elapsed_s": 5876.7}
{"step": 120, "sparse": false, "reward_mean": 0.78, "pass_frac": 0.0, "valid_frac": 0.9844, "parse_frac": 1.0, "err_frac": 0.0, "groups": 8, "groups_with_signal": 5, "kl": 0.33167, "pg": -0.01374, "elapsed_s": 5923.7}
Writing model shards:   0%|          | 0/1 [00:00<?, ?it/s]Writing model shards: 100%|██████████| 1/1 [00:51<00:00, 51.55s/it]Writing model shards: 100%|██████████| 1/1 [00:51<00:00, 51.55s/it]
-> merged /netdisk/ldq/ckpt/m8-joint4grpo-a/merged (5979s)
