Loading weights:   0%|          | 0/399 [00:00<?, ?it/s]Loading weights: 100%|██████████| 399/399 [00:00<00:00, 4416.68it/s]
states: 2744 across {'bender': 2744}
[transformers] `use_cache=True` is incompatible with gradient checkpointing. Setting `use_cache=False`.
/netdisk/ldq/NeutronGym/benchmark/harness/m8_grpo.py:300: UserWarning: Converting a tensor with requires_grad=True to a scalar may lead to unexpected behavior.
Consider using tensor.detach() first. (Triggered internally at /__w/pytorch/pytorch/torch/csrc/autograd/generated/python_variable_methods.cpp:822.)
  kl_sum += float((kl.sum(1) / ntok).sum()); pg_sum += float((pg.sum(1) / ntok).sum())
{"step": 1, "sparse": false, "reward_mean": 0.774, "pass_frac": 0.0, "valid_frac": 1.0, "parse_frac": 1.0, "err_frac": 0.0, "groups": 8, "groups_with_signal": 2, "kl": 0.0, "pg": 0.01195, "elapsed_s": 41.2}
{"step": 2, "sparse": false, "reward_mean": 0.793, "pass_frac": 0.0156, "valid_frac": 1.0, "parse_frac": 1.0, "err_frac": 0.0, "groups": 8, "groups_with_signal": 6, "kl": 0.00052, "pg": -0.01899, "elapsed_s": 102.6}
{"step": 3, "sparse": false, "reward_mean": 0.7991, "pass_frac": 0.0469, "valid_frac": 1.0, "parse_frac": 1.0, "err_frac": 0.0, "groups": 8, "groups_with_signal": 5, "kl": 0.00033, "pg": -0.00799, "elapsed_s": 154.3}
{"step": 4, "sparse": false, "reward_mean": 0.7997, "pass_frac": 0.0469, "valid_frac": 1.0, "parse_frac": 1.0, "err_frac": 0.0, "groups": 8, "groups_with_signal": 2, "kl": 0.00038, "pg": 0.00903, "elapsed_s": 196.9}
{"step": 5, "sparse": false, "reward_mean": 0.8256, "pass_frac": 0.125, "valid_frac": 1.0, "parse_frac": 1.0, "err_frac": 0.0, "groups": 8, "groups_with_signal": 4, "kl": 0.0032, "pg": -0.00044, "elapsed_s": 243.6}
{"step": 6, "sparse": false, "reward_mean": 0.7805, "pass_frac": 0.0, "valid_frac": 1.0, "parse_frac": 1.0, "err_frac": 0.0, "groups": 8, "groups_with_signal": 3, "kl": 0.00361, "pg": -0.01114, "elapsed_s": 291.1}
{"step": 7, "sparse": false, "reward_mean": 0.7932, "pass_frac": 0.0, "valid_frac": 1.0, "parse_frac": 1.0, "err_frac": 0.0, "groups": 8, "groups_with_signal": 4, "kl": 0.00017, "pg": -0.01749, "elapsed_s": 338.6}
{"step": 8, "sparse": false, "reward_mean": 0.8123, "pass_frac": 0.0156, "valid_frac": 1.0, "parse_frac": 1.0, "err_frac": 0.0, "groups": 8, "groups_with_signal": 3, "kl": 0.01057, "pg": -0.00095, "elapsed_s": 386.0}
{"step": 9, "sparse": false, "reward_mean": 0.8024, "pass_frac": 0.0, "valid_frac": 1.0, "parse_frac": 1.0, "err_frac": 0.0, "groups": 8, "groups_with_signal": 5, "kl": 0.00672, "pg": 0.01113, "elapsed_s": 434.1}
{"step": 10, "sparse": false, "reward_mean": 0.8144, "pass_frac": 0.125, "valid_frac": 1.0, "parse_frac": 1.0, "err_frac": 0.0, "groups": 8, "groups_with_signal": 2, "kl": 0.00175, "pg": 0.01076, "elapsed_s": 472.5}
{"step": 11, "sparse": false, "reward_mean": 0.7892, "pass_frac": 0.0, "valid_frac": 1.0, "parse_frac": 1.0, "err_frac": 0.0, "groups": 8, "groups_with_signal": 5, "kl": 0.00451, "pg": -0.00978, "elapsed_s": 527.6}
{"step": 12, "sparse": false, "reward_mean": 0.7838, "pass_frac": 0.0312, "valid_frac": 1.0, "parse_frac": 1.0, "err_frac": 0.0, "groups": 8, "groups_with_signal": 4, "kl": 0.00187, "pg": 0.01743, "elapsed_s": 577.1}
{"step": 13, "sparse": false, "reward_mean": 0.8367, "pass_frac": 0.0, "valid_frac": 1.0, "parse_frac": 1.0, "err_frac": 0.0, "groups": 8, "groups_with_signal": 4, "kl": 0.00524, "pg": -0.02089, "elapsed_s": 623.5}
{"step": 14, "sparse": false, "reward_mean": 0.7734, "pass_frac": 0.0, "valid_frac": 1.0, "parse_frac": 1.0, "err_frac": 0.0, "groups": 8, "groups_with_signal": 4, "kl": 0.00493, "pg": 0.03234, "elapsed_s": 663.9}
{"step": 15, "sparse": false, "reward_mean": 0.7688, "pass_frac": 0.0, "valid_frac": 1.0, "parse_frac": 1.0, "err_frac": 0.0, "groups": 8, "groups_with_signal": 4, "kl": 0.00507, "pg": 0.04139, "elapsed_s": 711.5}
{"step": 16, "sparse": false, "reward_mean": 0.7916, "pass_frac": 0.0156, "valid_frac": 1.0, "parse_frac": 1.0, "err_frac": 0.0, "groups": 8, "groups_with_signal": 6, "kl": 0.00945, "pg": 0.0064, "elapsed_s": 761.2}
{"step": 17, "sparse": false, "reward_mean": 0.7734, "pass_frac": 0.0, "valid_frac": 1.0, "parse_frac": 1.0, "err_frac": 0.0, "groups": 8, "groups_with_signal": 3, "kl": 0.00878, "pg": 0.00463, "elapsed_s": 802.6}
{"step": 18, "sparse": false, "reward_mean": 0.791, "pass_frac": 0.0, "valid_frac": 1.0, "parse_frac": 1.0, "err_frac": 0.0, "groups": 8, "groups_with_signal": 2, "kl": 0.01605, "pg": -0.00553, "elapsed_s": 846.6}
{"step": 19, "sparse": false, "reward_mean": 0.8139, "pass_frac": 0.0156, "valid_frac": 1.0, "parse_frac": 1.0, "err_frac": 0.0, "groups": 8, "groups_with_signal": 5, "kl": 0.01664, "pg": -0.01207, "elapsed_s": 901.5}
{"step": 20, "sparse": false, "reward_mean": 0.782, "pass_frac": 0.0, "valid_frac": 1.0, "parse_frac": 1.0, "err_frac": 0.0, "groups": 8, "groups_with_signal": 5, "kl": 0.01054, "pg": 0.02769, "elapsed_s": 952.6}
{"step": 21, "sparse": false, "reward_mean": 0.8257, "pass_frac": 0.1094, "valid_frac": 1.0, "parse_frac": 1.0, "err_frac": 0.0, "groups": 8, "groups_with_signal": 6, "kl": 0.00438, "pg": 0.00063, "elapsed_s": 1004.6}
{"step": 22, "sparse": false, "reward_mean": 0.7872, "pass_frac": 0.0, "valid_frac": 1.0, "parse_frac": 1.0, "err_frac": 0.0, "groups": 8, "groups_with_signal": 5, "kl": 0.0301, "pg": 0.01155, "elapsed_s": 1052.6}
{"step": 23, "sparse": false, "reward_mean": 0.775, "pass_frac": 0.0, "valid_frac": 1.0, "parse_frac": 1.0, "err_frac": 0.0, "groups": 8, "groups_with_signal": 6, "kl": 0.03776, "pg": 0.00587, "elapsed_s": 1100.0}
{"step": 24, "sparse": false, "reward_mean": 0.7812, "pass_frac": 0.0, "valid_frac": 1.0, "parse_frac": 1.0, "err_frac": 0.0, "groups": 8, "groups_with_signal": 4, "kl": 0.03208, "pg": 0.00329, "elapsed_s": 1151.0}
{"step": 25, "sparse": false, "reward_mean": 0.7766, "pass_frac": 0.0, "valid_frac": 1.0, "parse_frac": 1.0, "err_frac": 0.0, "groups": 8, "groups_with_signal": 3, "kl": 0.05078, "pg": 0.00505, "elapsed_s": 1195.0}
{"step": 26, "sparse": false, "reward_mean": 0.7812, "pass_frac": 0.0, "valid_frac": 1.0, "parse_frac": 1.0, "err_frac": 0.0, "groups": 8, "groups_with_signal": 6, "kl": 0.00816, "pg": 0.02503, "elapsed_s": 1247.5}
{"step": 27, "sparse": false, "reward_mean": 0.8053, "pass_frac": 0.0, "valid_frac": 1.0, "parse_frac": 1.0, "err_frac": 0.0, "groups": 8, "groups_with_signal": 3, "kl": 0.04288, "pg": -0.01802, "elapsed_s": 1285.8}
{"step": 28, "sparse": false, "reward_mean": 0.8119, "pass_frac": 0.125, "valid_frac": 1.0, "parse_frac": 1.0, "err_frac": 0.0, "groups": 8, "groups_with_signal": 2, "kl": 0.08825, "pg": -0.02169, "elapsed_s": 1321.6}
{"step": 29, "sparse": false, "reward_mean": 0.8203, "pass_frac": 0.0, "valid_frac": 1.0, "parse_frac": 1.0, "err_frac": 0.0, "groups": 8, "groups_with_signal": 4, "kl": 0.23896, "pg": -0.00787, "elapsed_s": 1366.9}
{"step": 30, "sparse": false, "reward_mean": 0.835, "pass_frac": 0.1406, "valid_frac": 1.0, "parse_frac": 1.0, "err_frac": 0.0, "groups": 8, "groups_with_signal": 4, "kl": 0.0558, "pg": 0.03124, "elapsed_s": 1413.6}
{"step": 31, "sparse": false, "reward_mean": 0.7958, "pass_frac": 0.1094, "valid_frac": 1.0, "parse_frac": 1.0, "err_frac": 0.0, "groups": 8, "groups_with_signal": 3, "kl": 0.04174, "pg": -0.00723, "elapsed_s": 1460.7}
{"step": 32, "sparse": false, "reward_mean": 0.8579, "pass_frac": 0.1094, "valid_frac": 1.0, "parse_frac": 1.0, "err_frac": 0.0, "groups": 8, "groups_with_signal": 5, "kl": 0.0694, "pg": -0.00927, "elapsed_s": 1508.8}
{"step": 33, "sparse": false, "reward_mean": 0.8092, "pass_frac": 0.0469, "valid_frac": 1.0, "parse_frac": 1.0, "err_frac": 0.0, "groups": 8, "groups_with_signal": 3, "kl": 0.04379, "pg": -0.02526, "elapsed_s": 1557.2}
{"step": 34, "sparse": false, "reward_mean": 0.8039, "pass_frac": 0.0625, "valid_frac": 1.0, "parse_frac": 1.0, "err_frac": 0.0, "groups": 8, "groups_with_signal": 4, "kl": 0.05028, "pg": -0.01223, "elapsed_s": 1603.4}
{"step": 35, "sparse": false, "reward_mean": 0.7943, "pass_frac": 0.0469, "valid_frac": 1.0, "parse_frac": 1.0, "err_frac": 0.0, "groups": 8, "groups_with_signal": 3, "kl": 0.24789, "pg": 0.03272, "elapsed_s": 1643.0}
{"step": 36, "sparse": false, "reward_mean": 0.8426, "pass_frac": 0.125, "valid_frac": 1.0, "parse_frac": 1.0, "err_frac": 0.0, "groups": 8, "groups_with_signal": 5, "kl": 0.06302, "pg": 0.01629, "elapsed_s": 1700.7}
{"step": 37, "sparse": false, "reward_mean": 0.7906, "pass_frac": 0.0, "valid_frac": 1.0, "parse_frac": 1.0, "err_frac": 0.0, "groups": 8, "groups_with_signal": 4, "kl": 0.11183, "pg": 0.01356, "elapsed_s": 1751.9}
{"step": 38, "sparse": false, "reward_mean": 0.8539, "pass_frac": 0.125, "valid_frac": 1.0, "parse_frac": 1.0, "err_frac": 0.0, "groups": 8, "groups_with_signal": 4, "kl": 0.05388, "pg": -0.01708, "elapsed_s": 1798.6}
{"step": 39, "sparse": false, "reward_mean": 0.7919, "pass_frac": 0.0156, "valid_frac": 1.0, "parse_frac": 1.0, "err_frac": 0.0, "groups": 8, "groups_with_signal": 6, "kl": 0.08099, "pg": 0.00242, "elapsed_s": 1854.1}
{"step": 40, "sparse": false, "reward_mean": 0.7644, "pass_frac": 0.0, "valid_frac": 1.0, "parse_frac": 1.0, "err_frac": 0.0, "groups": 8, "groups_with_signal": 1, "kl": 0.12093, "pg": -6e-05, "elapsed_s": 1889.6}
{"step": 41, "sparse": false, "reward_mean": 0.7933, "pass_frac": 0.0, "valid_frac": 1.0, "parse_frac": 1.0, "err_frac": 0.0, "groups": 8, "groups_with_signal": 3, "kl": 0.14486, "pg": -0.00781, "elapsed_s": 1934.2}
{"step": 42, "sparse": false, "reward_mean": 0.8054, "pass_frac": 0.0312, "valid_frac": 1.0, "parse_frac": 1.0, "err_frac": 0.0, "groups": 8, "groups_with_signal": 6, "kl": 0.13893, "pg": 0.0102, "elapsed_s": 1987.7}
{"step": 43, "sparse": false, "reward_mean": 0.8169, "pass_frac": 0.0, "valid_frac": 1.0, "parse_frac": 1.0, "err_frac": 0.0, "groups": 8, "groups_with_signal": 3, "kl": 0.15587, "pg": 0.02843, "elapsed_s": 2027.1}
{"step": 44, "sparse": false, "reward_mean": 0.7728, "pass_frac": 0.0, "valid_frac": 1.0, "parse_frac": 1.0, "err_frac": 0.0, "groups": 8, "groups_with_signal": 2, "kl": 0.29443, "pg": 0.00704, "elapsed_s": 2067.9}
{"step": 45, "sparse": false, "reward_mean": 0.7908, "pass_frac": 0.0156, "valid_frac": 1.0, "parse_frac": 1.0, "err_frac": 0.0, "groups": 8, "groups_with_signal": 5, "kl": 0.20615, "pg": 0.0012, "elapsed_s": 2119.6}
{"step": 46, "sparse": false, "reward_mean": 0.7855, "pass_frac": 0.0, "valid_frac": 1.0, "parse_frac": 1.0, "err_frac": 0.0, "groups": 8, "groups_with_signal": 4, "kl": 0.23517, "pg": -0.03177, "elapsed_s": 2169.5}
{"step": 47, "sparse": false, "reward_mean": 0.8124, "pass_frac": 0.0781, "valid_frac": 1.0, "parse_frac": 1.0, "err_frac": 0.0, "groups": 8, "groups_with_signal": 6, "kl": 0.12772, "pg": 0.01532, "elapsed_s": 2222.9}
{"step": 48, "sparse": false, "reward_mean": 0.7807, "pass_frac": 0.0, "valid_frac": 1.0, "parse_frac": 1.0, "err_frac": 0.0, "groups": 8, "groups_with_signal": 2, "kl": 0.33601, "pg": 0.00115, "elapsed_s": 2262.1}
{"step": 49, "sparse": false, "reward_mean": 0.8145, "pass_frac": 0.0, "valid_frac": 1.0, "parse_frac": 1.0, "err_frac": 0.0, "groups": 8, "groups_with_signal": 7, "kl": 0.28061, "pg": 0.00339, "elapsed_s": 2321.8}
{"step": 50, "sparse": false, "reward_mean": 0.8278, "pass_frac": 0.0, "valid_frac": 1.0, "parse_frac": 1.0, "err_frac": 0.0, "groups": 8, "groups_with_signal": 5, "kl": 0.21468, "pg": 0.01741, "elapsed_s": 2376.9}
{"step": 51, "sparse": false, "reward_mean": 0.7905, "pass_frac": 0.0, "valid_frac": 0.9844, "parse_frac": 0.9844, "err_frac": 0.0, "groups": 8, "groups_with_signal": 3, "kl": 0.589, "pg": -0.54296, "elapsed_s": 2418.9}
{"step": 52, "sparse": false, "reward_mean": 0.7682, "pass_frac": 0.0, "valid_frac": 1.0, "parse_frac": 1.0, "err_frac": 0.0, "groups": 8, "groups_with_signal": 5, "kl": 0.06118, "pg": 0.05599, "elapsed_s": 2463.0}
{"step": 53, "sparse": false, "reward_mean": 0.801, "pass_frac": 0.0625, "valid_frac": 1.0, "parse_frac": 1.0, "err_frac": 0.0, "groups": 8, "groups_with_signal": 7, "kl": 0.16462, "pg": 0.00394, "elapsed_s": 2532.6}
{"step": 54, "sparse": false, "reward_mean": 0.8063, "pass_frac": 0.0, "valid_frac": 1.0, "parse_frac": 1.0, "err_frac": 0.0, "groups": 8, "groups_with_signal": 6, "kl": 0.12167, "pg": 0.00207, "elapsed_s": 2589.6}
{"step": 55, "sparse": false, "reward_mean": 0.8207, "pass_frac": 0.0156, "valid_frac": 1.0, "parse_frac": 1.0, "err_frac": 0.0, "groups": 8, "groups_with_signal": 4, "kl": 0.41882, "pg": 0.0301, "elapsed_s": 2640.3}
{"step": 56, "sparse": false, "reward_mean": 0.804, "pass_frac": 0.0156, "valid_frac": 1.0, "parse_frac": 1.0, "err_frac": 0.0, "groups": 8, "groups_with_signal": 4, "kl": 0.03178, "pg": 0.0055, "elapsed_s": 2678.4}
{"step": 57, "sparse": false, "reward_mean": 0.8068, "pass_frac": 0.0, "valid_frac": 1.0, "parse_frac": 1.0, "err_frac": 0.0, "groups": 8, "groups_with_signal": 5, "kl": 0.28097, "pg": 0.03245, "elapsed_s": 2731.3}
{"step": 58, "sparse": false, "reward_mean": 0.8014, "pass_frac": 0.0, "valid_frac": 1.0, "parse_frac": 1.0, "err_frac": 0.0, "groups": 8, "groups_with_signal": 4, "kl": 2.10526, "pg": -0.02031, "elapsed_s": 2780.6}
{"step": 59, "sparse": false, "reward_mean": 0.8055, "pass_frac": 0.1094, "valid_frac": 1.0, "parse_frac": 1.0, "err_frac": 0.0, "groups": 8, "groups_with_signal": 6, "kl": 0.30549, "pg": -0.00675, "elapsed_s": 2834.9}
{"step": 60, "sparse": false, "reward_mean": 0.8111, "pass_frac": 0.0, "valid_frac": 1.0, "parse_frac": 1.0, "err_frac": 0.0, "groups": 8, "groups_with_signal": 3, "kl": 0.17285, "pg": 0.0041, "elapsed_s": 2873.3}
{"step": 61, "sparse": false, "reward_mean": 0.7881, "pass_frac": 0.0, "valid_frac": 1.0, "parse_frac": 1.0, "err_frac": 0.0, "groups": 8, "groups_with_signal": 5, "kl": 0.19453, "pg": 0.01963, "elapsed_s": 2930.7}
{"step": 62, "sparse": false, "reward_mean": 0.8477, "pass_frac": 0.125, "valid_frac": 1.0, "parse_frac": 1.0, "err_frac": 0.0, "groups": 8, "groups_with_signal": 3, "kl": 0.08596, "pg": 0.01405, "elapsed_s": 2970.0}
{"step": 63, "sparse": false, "reward_mean": 0.8235, "pass_frac": 0.1094, "valid_frac": 1.0, "parse_frac": 1.0, "err_frac": 0.0, "groups": 8, "groups_with_signal": 4, "kl": 0.11365, "pg": -0.0121, "elapsed_s": 3020.0}
{"step": 64, "sparse": false, "reward_mean": 0.8898, "pass_frac": 0.2188, "valid_frac": 1.0, "parse_frac": 1.0, "err_frac": 0.0, "groups": 8, "groups_with_signal": 5, "kl": 0.12509, "pg": -0.01724, "elapsed_s": 3074.1}
{"step": 65, "sparse": false, "reward_mean": 0.7883, "pass_frac": 0.0156, "valid_frac": 1.0, "parse_frac": 1.0, "err_frac": 0.0, "groups": 8, "groups_with_signal": 4, "kl": 0.14732, "pg": 0.01662, "elapsed_s": 3116.1}
{"step": 66, "sparse": false, "reward_mean": 0.7965, "pass_frac": 0.0, "valid_frac": 1.0, "parse_frac": 1.0, "err_frac": 0.0, "groups": 8, "groups_with_signal": 4, "kl": 0.1197, "pg": 0.05145, "elapsed_s": 3163.2}
{"step": 67, "sparse": false, "reward_mean": 0.8589, "pass_frac": 0.1094, "valid_frac": 1.0, "parse_frac": 1.0, "err_frac": 0.0, "groups": 8, "groups_with_signal": 8, "kl": 0.15771, "pg": 0.00471, "elapsed_s": 3230.8}
{"step": 68, "sparse": false, "reward_mean": 0.806, "pass_frac": 0.0312, "valid_frac": 1.0, "parse_frac": 1.0, "err_frac": 0.0, "groups": 8, "groups_with_signal": 6, "kl": 0.19059, "pg": -0.01808, "elapsed_s": 3292.3}
{"step": 69, "sparse": false, "reward_mean": 0.827, "pass_frac": 0.1406, "valid_frac": 1.0, "parse_frac": 1.0, "err_frac": 0.0, "groups": 8, "groups_with_signal": 8, "kl": 0.11349, "pg": 0.00055, "elapsed_s": 3348.2}
{"step": 70, "sparse": false, "reward_mean": 0.8899, "pass_frac": 0.2188, "valid_frac": 1.0, "parse_frac": 1.0, "err_frac": 0.0, "groups": 8, "groups_with_signal": 4, "kl": 0.19731, "pg": 0.01371, "elapsed_s": 3398.5}
{"step": 71, "sparse": false, "reward_mean": 0.8107, "pass_frac": 0.0, "valid_frac": 1.0, "parse_frac": 1.0, "err_frac": 0.0, "groups": 8, "groups_with_signal": 6, "kl": 0.31284, "pg": 0.01557, "elapsed_s": 3455.0}
{"step": 72, "sparse": false, "reward_mean": 0.809, "pass_frac": 0.0156, "valid_frac": 1.0, "parse_frac": 1.0, "err_frac": 0.0, "groups": 8, "groups_with_signal": 5, "kl": 0.42194, "pg": -0.01237, "elapsed_s": 3513.0}
{"step": 73, "sparse": false, "reward_mean": 0.8459, "pass_frac": 0.1719, "valid_frac": 1.0, "parse_frac": 1.0, "err_frac": 0.0, "groups": 8, "groups_with_signal": 3, "kl": 0.20449, "pg": 0.0141, "elapsed_s": 3554.7}
{"step": 74, "sparse": false, "reward_mean": 0.8544, "pass_frac": 0.0, "valid_frac": 1.0, "parse_frac": 1.0, "err_frac": 0.0, "groups": 8, "groups_with_signal": 6, "kl": 0.16638, "pg": -0.00314, "elapsed_s": 3616.3}
{"step": 75, "sparse": false, "reward_mean": 0.8015, "pass_frac": 0.0, "valid_frac": 1.0, "parse_frac": 1.0, "err_frac": 0.0, "groups": 8, "groups_with_signal": 5, "kl": 0.22944, "pg": -0.01008, "elapsed_s": 3671.6}
{"step": 76, "sparse": false, "reward_mean": 0.8199, "pass_frac": 0.0156, "valid_frac": 1.0, "parse_frac": 1.0, "err_frac": 0.0, "groups": 8, "groups_with_signal": 2, "kl": 0.04605, "pg": -0.00045, "elapsed_s": 3708.0}
{"step": 77, "sparse": false, "reward_mean": 0.8645, "pass_frac": 0.125, "valid_frac": 1.0, "parse_frac": 1.0, "err_frac": 0.0, "groups": 8, "groups_with_signal": 6, "kl": 0.19848, "pg": -0.00504, "elapsed_s": 3771.9}
{"step": 78, "sparse": false, "reward_mean": 0.8, "pass_frac": 0.0, "valid_frac": 1.0, "parse_frac": 1.0, "err_frac": 0.0, "groups": 8, "groups_with_signal": 4, "kl": 0.14253, "pg": -0.00196, "elapsed_s": 3810.8}
{"step": 79, "sparse": false, "reward_mean": 0.8473, "pass_frac": 0.125, "valid_frac": 1.0, "parse_frac": 1.0, "err_frac": 0.0, "groups": 8, "groups_with_signal": 3, "kl": 0.28819, "pg": 0.00216, "elapsed_s": 3856.0}
{"step": 80, "sparse": false, "reward_mean": 0.8532, "pass_frac": 0.1562, "valid_frac": 1.0, "parse_frac": 1.0, "err_frac": 0.0, "groups": 8, "groups_with_signal": 7, "kl": 0.11525, "pg": 0.01668, "elapsed_s": 3911.5}
{"step": 81, "sparse": false, "reward_mean": 0.865, "pass_frac": 0.0781, "valid_frac": 1.0, "parse_frac": 1.0, "err_frac": 0.0, "groups": 8, "groups_with_signal": 4, "kl": 0.12844, "pg": 0.00232, "elapsed_s": 3960.3}
{"step": 82, "sparse": false, "reward_mean": 0.7333, "pass_frac": 0.0, "valid_frac": 0.9062, "parse_frac": 1.0, "err_frac": 0.0, "groups": 8, "groups_with_signal": 8, "kl": 0.29082, "pg": 0.00182, "elapsed_s": 4029.1}
{"step": 83, "sparse": false, "reward_mean": 0.8519, "pass_frac": 0.1406, "valid_frac": 1.0, "parse_frac": 1.0, "err_frac": 0.0, "groups": 8, "groups_with_signal": 6, "kl": 0.205, "pg": 0.00154, "elapsed_s": 4082.4}
{"step": 84, "sparse": false, "reward_mean": 0.8365, "pass_frac": 0.1094, "valid_frac": 1.0, "parse_frac": 1.0, "err_frac": 0.0, "groups": 8, "groups_with_signal": 6, "kl": 0.33562, "pg": -0.0143, "elapsed_s": 4140.5}
{"step": 85, "sparse": false, "reward_mean": 0.8483, "pass_frac": 0.1562, "valid_frac": 1.0, "parse_frac": 1.0, "err_frac": 0.0, "groups": 8, "groups_with_signal": 7, "kl": 0.28387, "pg": 0.00364, "elapsed_s": 4201.0}
{"step": 86, "sparse": false, "reward_mean": 0.8616, "pass_frac": 0.125, "valid_frac": 1.0, "parse_frac": 1.0, "err_frac": 0.0, "groups": 8, "groups_with_signal": 6, "kl": 0.23111, "pg": -0.00289, "elapsed_s": 4257.1}
{"step": 87, "sparse": false, "reward_mean": 0.818, "pass_frac": 0.0, "valid_frac": 1.0, "parse_frac": 1.0, "err_frac": 0.0, "groups": 8, "groups_with_signal": 7, "kl": 2.68949, "pg": -0.03043, "elapsed_s": 4310.9}
{"step": 88, "sparse": false, "reward_mean": 0.8039, "pass_frac": 0.0469, "valid_frac": 1.0, "parse_frac": 1.0, "err_frac": 0.0, "groups": 8, "groups_with_signal": 6, "kl": 0.25208, "pg": -0.00047, "elapsed_s": 4369.0}
{"step": 89, "sparse": false, "reward_mean": 0.8238, "pass_frac": 0.0156, "valid_frac": 1.0, "parse_frac": 1.0, "err_frac": 0.0, "groups": 8, "groups_with_signal": 7, "kl": 0.21902, "pg": 0.00902, "elapsed_s": 4427.2}
{"step": 90, "sparse": false, "reward_mean": 0.86, "pass_frac": 0.0625, "valid_frac": 1.0, "parse_frac": 1.0, "err_frac": 0.0, "groups": 8, "groups_with_signal": 4, "kl": 0.21295, "pg": -0.01502, "elapsed_s": 4473.1}
{"step": 91, "sparse": false, "reward_mean": 0.8089, "pass_frac": 0.0, "valid_frac": 1.0, "parse_frac": 1.0, "err_frac": 0.0, "groups": 8, "groups_with_signal": 7, "kl": 0.30537, "pg": -0.00906, "elapsed_s": 4541.9}
{"step": 92, "sparse": false, "reward_mean": 0.8374, "pass_frac": 0.0938, "valid_frac": 0.9688, "parse_frac": 1.0, "err_frac": 0.0, "groups": 8, "groups_with_signal": 6, "kl": 0.24829, "pg": 0.01796, "elapsed_s": 4593.7}
{"step": 93, "sparse": false, "reward_mean": 0.8112, "pass_frac": 0.0, "valid_frac": 1.0, "parse_frac": 1.0, "err_frac": 0.0, "groups": 8, "groups_with_signal": 5, "kl": 0.19884, "pg": -0.00623, "elapsed_s": 4644.7}
{"step": 94, "sparse": false, "reward_mean": 0.7933, "pass_frac": 0.0, "valid_frac": 1.0, "parse_frac": 1.0, "err_frac": 0.0, "groups": 8, "groups_with_signal": 5, "kl": 0.1971, "pg": 0.02069, "elapsed_s": 4695.8}
{"step": 95, "sparse": false, "reward_mean": 0.8245, "pass_frac": 0.0781, "valid_frac": 1.0, "parse_frac": 1.0, "err_frac": 0.0, "groups": 8, "groups_with_signal": 6, "kl": 0.39109, "pg": -0.0103, "elapsed_s": 4755.6}
{"step": 96, "sparse": false, "reward_mean": 0.818, "pass_frac": 0.0781, "valid_frac": 1.0, "parse_frac": 1.0, "err_frac": 0.0, "groups": 8, "groups_with_signal": 7, "kl": 0.50916, "pg": -0.03164, "elapsed_s": 4814.9}
{"step": 97, "sparse": false, "reward_mean": 0.801, "pass_frac": 0.0, "valid_frac": 1.0, "parse_frac": 1.0, "err_frac": 0.0, "groups": 8, "groups_with_signal": 6, "kl": 0.33229, "pg": -0.00357, "elapsed_s": 4872.0}
{"step": 98, "sparse": false, "reward_mean": 0.855, "pass_frac": 0.1406, "valid_frac": 1.0, "parse_frac": 1.0, "err_frac": 0.0, "groups": 8, "groups_with_signal": 6, "kl": 0.19658, "pg": -0.01877, "elapsed_s": 4922.6}
{"step": 99, "sparse": false, "reward_mean": 0.8045, "pass_frac": 0.0312, "valid_frac": 1.0, "parse_frac": 1.0, "err_frac": 0.0, "groups": 8, "groups_with_signal": 7, "kl": 0.35432, "pg": -0.00329, "elapsed_s": 4985.3}
{"step": 100, "sparse": false, "reward_mean": 0.8276, "pass_frac": 0.1719, "valid_frac": 1.0, "parse_frac": 1.0, "err_frac": 0.0, "groups": 8, "groups_with_signal": 4, "kl": 0.23494, "pg": 0.00749, "elapsed_s": 5034.2}
{"step": 101, "sparse": false, "reward_mean": 0.8387, "pass_frac": 0.0938, "valid_frac": 1.0, "parse_frac": 1.0, "err_frac": 0.0, "groups": 8, "groups_with_signal": 6, "kl": 0.25493, "pg": 0.00302, "elapsed_s": 5088.4}
{"step": 102, "sparse": false, "reward_mean": 0.8718, "pass_frac": 0.1875, "valid_frac": 1.0, "parse_frac": 1.0, "err_frac": 0.0, "groups": 8, "groups_with_signal": 4, "kl": 0.20696, "pg": -0.0193, "elapsed_s": 5140.6}
{"step": 103, "sparse": false, "reward_mean": 0.8211, "pass_frac": 0.0156, "valid_frac": 1.0, "parse_frac": 1.0, "err_frac": 0.0, "groups": 8, "groups_with_signal": 6, "kl": 0.27499, "pg": 0.00132, "elapsed_s": 5192.3}
{"step": 104, "sparse": false, "reward_mean": 0.8124, "pass_frac": 0.0781, "valid_frac": 1.0, "parse_frac": 1.0, "err_frac": 0.0, "groups": 8, "groups_with_signal": 6, "kl": 0.43113, "pg": -0.02408, "elapsed_s": 5245.5}
{"step": 105, "sparse": false, "reward_mean": 0.87, "pass_frac": 0.1406, "valid_frac": 1.0, "parse_frac": 1.0, "err_frac": 0.0, "groups": 8, "groups_with_signal": 8, "kl": 0.39357, "pg": -0.01085, "elapsed_s": 5315.6}
{"step": 106, "sparse": false, "reward_mean": 0.806, "pass_frac": 0.0156, "valid_frac": 1.0, "parse_frac": 1.0, "err_frac": 0.0, "groups": 8, "groups_with_signal": 8, "kl": 0.2443, "pg": 0.00487, "elapsed_s": 5371.7}
{"step": 107, "sparse": false, "reward_mean": 0.8331, "pass_frac": 0.125, "valid_frac": 1.0, "parse_frac": 1.0, "err_frac": 0.0, "groups": 8, "groups_with_signal": 5, "kl": 0.47225, "pg": -0.01814, "elapsed_s": 5420.7}
{"step": 108, "sparse": false, "reward_mean": 0.8488, "pass_frac": 0.125, "valid_frac": 1.0, "parse_frac": 1.0, "err_frac": 0.0, "groups": 8, "groups_with_signal": 4, "kl": 0.44653, "pg": 0.0125, "elapsed_s": 5466.2}
{"step": 109, "sparse": false, "reward_mean": 0.874, "pass_frac": 0.1094, "valid_frac": 1.0, "parse_frac": 1.0, "err_frac": 0.0, "groups": 8, "groups_with_signal": 8, "kl": 0.30622, "pg": -0.00703, "elapsed_s": 5529.0}
{"step": 110, "sparse": false, "reward_mean": 0.9039, "pass_frac": 0.25, "valid_frac": 1.0, "parse_frac": 1.0, "err_frac": 0.0, "groups": 8, "groups_with_signal": 6, "kl": 0.30412, "pg": -0.01924, "elapsed_s": 5583.1}
{"step": 111, "sparse": false, "reward_mean": 0.8521, "pass_frac": 0.2344, "valid_frac": 1.0, "parse_frac": 1.0, "err_frac": 0.0, "groups": 8, "groups_with_signal": 5, "kl": 0.35022, "pg": -0.00372, "elapsed_s": 5631.6}
{"step": 112, "sparse": false, "reward_mean": 0.8312, "pass_frac": 0.0625, "valid_frac": 1.0, "parse_frac": 1.0, "err_frac": 0.0, "groups": 8, "groups_with_signal": 7, "kl": 0.28553, "pg": -0.01691, "elapsed_s": 5683.0}
{"step": 113, "sparse": false, "reward_mean": 0.9121, "pass_frac": 0.2812, "valid_frac": 1.0, "parse_frac": 1.0, "err_frac": 0.0, "groups": 8, "groups_with_signal": 8, "kl": 0.48232, "pg": -0.02015, "elapsed_s": 5756.5}
{"step": 114, "sparse": false, "reward_mean": 0.8326, "pass_frac": 0.1406, "valid_frac": 1.0, "parse_frac": 1.0, "err_frac": 0.0, "groups": 8, "groups_with_signal": 4, "kl": 0.42267, "pg": -0.01661, "elapsed_s": 5808.9}
{"step": 115, "sparse": false, "reward_mean": 0.7951, "pass_frac": 0.0, "valid_frac": 0.9844, "parse_frac": 0.9844, "err_frac": 0.0, "groups": 8, "groups_with_signal": 7, "kl": 0.58921, "pg": -0.03761, "elapsed_s": 5875.9}
{"step": 116, "sparse": false, "reward_mean": 0.8522, "pass_frac": 0.0312, "valid_frac": 1.0, "parse_frac": 1.0, "err_frac": 0.0, "groups": 8, "groups_with_signal": 5, "kl": 0.4153, "pg": 0.0003, "elapsed_s": 5924.0}
{"step": 117, "sparse": false, "reward_mean": 0.9078, "pass_frac": 0.1406, "valid_frac": 1.0, "parse_frac": 1.0, "err_frac": 0.0, "groups": 8, "groups_with_signal": 7, "kl": 0.25158, "pg": -0.00198, "elapsed_s": 5986.3}
{"step": 118, "sparse": false, "reward_mean": 0.8241, "pass_frac": 0.1094, "valid_frac": 1.0, "parse_frac": 1.0, "err_frac": 0.0, "groups": 8, "groups_with_signal": 5, "kl": 0.30489, "pg": -0.01054, "elapsed_s": 6039.0}
{"step": 119, "sparse": false, "reward_mean": 0.8734, "pass_frac": 0.1406, "valid_frac": 1.0, "parse_frac": 1.0, "err_frac": 0.0, "groups": 8, "groups_with_signal": 6, "kl": 0.35605, "pg": -0.02508, "elapsed_s": 6092.8}
{"step": 120, "sparse": false, "reward_mean": 0.8201, "pass_frac": 0.0, "valid_frac": 1.0, "parse_frac": 1.0, "err_frac": 0.0, "groups": 8, "groups_with_signal": 6, "kl": 0.60814, "pg": 0.00064, "elapsed_s": 6152.0}
Writing model shards:   0%|          | 0/1 [00:00<?, ?it/s]Writing model shards: 100%|██████████| 1/1 [00:52<00:00, 52.13s/it]Writing model shards: 100%|██████████| 1/1 [00:52<00:00, 52.13s/it]
-> merged /netdisk/ldq/ckpt/m8-bendergrpo-a/merged (6208s)
