Loading weights:   0%|          | 0/399 [00:00<?, ?it/s]Loading weights: 100%|██████████| 399/399 [00:00<00:00, 4189.36it/s]
states: 2820 for guide_match
[transformers] `use_cache=True` is incompatible with gradient checkpointing. Setting `use_cache=False`.
/netdisk/ldq/NeutronGym/benchmark/harness/m8_grpo.py:239: UserWarning: Converting a tensor with requires_grad=True to a scalar may lead to unexpected behavior.
Consider using tensor.detach() first. (Triggered internally at /__w/pytorch/pytorch/torch/csrc/autograd/generated/python_variable_methods.cpp:822.)
  kl_sum += float((kl.sum(1) / ntok).sum()); pg_sum += float((pg.sum(1) / ntok).sum())
{"step": 121, "reward_mean": 0.7388, "pass_frac": 0.0, "valid_frac": 0.9062, "parse_frac": 1.0, "groups": 8, "groups_with_signal": 6, "kl": 0.64237, "pg": -0.02166, "elapsed_s": 61.1}
{"step": 122, "reward_mean": 0.8079, "pass_frac": 0.0, "valid_frac": 1.0, "parse_frac": 1.0, "groups": 8, "groups_with_signal": 3, "kl": 0.69554, "pg": -0.00828, "elapsed_s": 103.4}
{"step": 123, "reward_mean": 0.84, "pass_frac": 0.0, "valid_frac": 1.0, "parse_frac": 1.0, "groups": 8, "groups_with_signal": 4, "kl": 0.24427, "pg": 0.00041, "elapsed_s": 141.3}
{"step": 124, "reward_mean": 0.8204, "pass_frac": 0.0, "valid_frac": 1.0, "parse_frac": 1.0, "groups": 8, "groups_with_signal": 5, "kl": 0.51237, "pg": -0.01123, "elapsed_s": 193.2}
{"step": 125, "reward_mean": 0.8757, "pass_frac": 0.125, "valid_frac": 1.0, "parse_frac": 1.0, "groups": 8, "groups_with_signal": 3, "kl": 0.40376, "pg": -0.02151, "elapsed_s": 239.9}
{"step": 126, "reward_mean": 0.9362, "pass_frac": 0.3125, "valid_frac": 1.0, "parse_frac": 1.0, "groups": 8, "groups_with_signal": 1, "kl": 0.11589, "pg": 0.00138, "elapsed_s": 274.2}
{"step": 127, "reward_mean": 0.8412, "pass_frac": 0.0, "valid_frac": 1.0, "parse_frac": 1.0, "groups": 8, "groups_with_signal": 4, "kl": 0.46102, "pg": -0.02422, "elapsed_s": 318.1}
{"step": 128, "reward_mean": 0.8482, "pass_frac": 0.0, "valid_frac": 1.0, "parse_frac": 1.0, "groups": 8, "groups_with_signal": 1, "kl": 0.38671, "pg": -0.00903, "elapsed_s": 350.0}
{"step": 129, "reward_mean": 0.8255, "pass_frac": 0.0, "valid_frac": 1.0, "parse_frac": 1.0, "groups": 8, "groups_with_signal": 1, "kl": 1.05163, "pg": -0.01562, "elapsed_s": 380.8}
{"step": 130, "reward_mean": 0.8492, "pass_frac": 0.0156, "valid_frac": 1.0, "parse_frac": 1.0, "groups": 8, "groups_with_signal": 3, "kl": 0.52956, "pg": 0.02139, "elapsed_s": 421.3}
{"step": 131, "reward_mean": 0.8288, "pass_frac": 0.125, "valid_frac": 1.0, "parse_frac": 1.0, "groups": 8, "groups_with_signal": 3, "kl": 0.85886, "pg": -0.0066, "elapsed_s": 462.8}
{"step": 132, "reward_mean": 0.8044, "pass_frac": 0.0, "valid_frac": 1.0, "parse_frac": 1.0, "groups": 8, "groups_with_signal": 2, "kl": 0.50014, "pg": -0.0039, "elapsed_s": 495.3}
{"step": 133, "reward_mean": 0.8027, "pass_frac": 0.0, "valid_frac": 1.0, "parse_frac": 1.0, "groups": 8, "groups_with_signal": 4, "kl": 0.70498, "pg": 0.00102, "elapsed_s": 541.3}
{"step": 134, "reward_mean": 0.8275, "pass_frac": 0.0, "valid_frac": 1.0, "parse_frac": 1.0, "groups": 8, "groups_with_signal": 1, "kl": 1.06053, "pg": -0.02644, "elapsed_s": 576.0}
{"step": 135, "reward_mean": 0.8574, "pass_frac": 0.0, "valid_frac": 1.0, "parse_frac": 1.0, "groups": 8, "groups_with_signal": 4, "kl": 0.5856, "pg": -0.00289, "elapsed_s": 619.4}
{"step": 136, "reward_mean": 0.8427, "pass_frac": 0.0, "valid_frac": 1.0, "parse_frac": 1.0, "groups": 8, "groups_with_signal": 4, "kl": 0.61792, "pg": 0.0004, "elapsed_s": 661.2}
{"step": 137, "reward_mean": 0.8522, "pass_frac": 0.0312, "valid_frac": 1.0, "parse_frac": 1.0, "groups": 8, "groups_with_signal": 5, "kl": 0.73676, "pg": 0.0116, "elapsed_s": 708.5}
{"step": 138, "reward_mean": 0.8249, "pass_frac": 0.0156, "valid_frac": 1.0, "parse_frac": 1.0, "groups": 8, "groups_with_signal": 3, "kl": 0.81295, "pg": 0.03002, "elapsed_s": 748.8}
{"step": 139, "reward_mean": 0.8462, "pass_frac": 0.125, "valid_frac": 1.0, "parse_frac": 1.0, "groups": 8, "groups_with_signal": 2, "kl": 0.3846, "pg": -0.00308, "elapsed_s": 786.6}
{"step": 140, "reward_mean": 0.849, "pass_frac": 0.0625, "valid_frac": 1.0, "parse_frac": 1.0, "groups": 8, "groups_with_signal": 3, "kl": 0.85907, "pg": 0.00258, "elapsed_s": 833.9}
{"step": 141, "reward_mean": 0.8367, "pass_frac": 0.0625, "valid_frac": 1.0, "parse_frac": 1.0, "groups": 8, "groups_with_signal": 4, "kl": 0.55784, "pg": 0.00312, "elapsed_s": 876.3}
{"step": 142, "reward_mean": 0.8501, "pass_frac": 0.125, "valid_frac": 1.0, "parse_frac": 1.0, "groups": 8, "groups_with_signal": 1, "kl": 0.45164, "pg": 0.00306, "elapsed_s": 910.3}
{"step": 143, "reward_mean": 0.8699, "pass_frac": 0.2656, "valid_frac": 1.0, "parse_frac": 1.0, "groups": 8, "groups_with_signal": 4, "kl": 0.28494, "pg": 0.00017, "elapsed_s": 953.2}
{"step": 144, "reward_mean": 0.8649, "pass_frac": 0.125, "valid_frac": 1.0, "parse_frac": 1.0, "groups": 8, "groups_with_signal": 1, "kl": 1.04055, "pg": -0.03157, "elapsed_s": 986.2}
{"step": 145, "reward_mean": 0.8201, "pass_frac": 0.0156, "valid_frac": 1.0, "parse_frac": 1.0, "groups": 8, "groups_with_signal": 6, "kl": 0.62278, "pg": -0.007, "elapsed_s": 1042.1}
{"step": 146, "reward_mean": 0.8524, "pass_frac": 0.125, "valid_frac": 1.0, "parse_frac": 1.0, "groups": 8, "groups_with_signal": 3, "kl": 0.52046, "pg": 0.00288, "elapsed_s": 1086.1}
{"step": 147, "reward_mean": 0.8786, "pass_frac": 0.125, "valid_frac": 1.0, "parse_frac": 1.0, "groups": 8, "groups_with_signal": 2, "kl": 0.60558, "pg": 0.01002, "elapsed_s": 1121.2}
{"step": 148, "reward_mean": 0.8005, "pass_frac": 0.0, "valid_frac": 1.0, "parse_frac": 1.0, "groups": 8, "groups_with_signal": 4, "kl": 0.45676, "pg": 0.01228, "elapsed_s": 1166.7}
{"step": 149, "reward_mean": 0.8576, "pass_frac": 0.125, "valid_frac": 1.0, "parse_frac": 1.0, "groups": 8, "groups_with_signal": 4, "kl": 0.55059, "pg": 0.01499, "elapsed_s": 1218.6}
{"step": 150, "reward_mean": 0.826, "pass_frac": 0.0, "valid_frac": 1.0, "parse_frac": 1.0, "groups": 8, "groups_with_signal": 1, "kl": 0.65487, "pg": 0.02119, "elapsed_s": 1245.5}
{"step": 151, "reward_mean": 0.8434, "pass_frac": 0.1562, "valid_frac": 0.9844, "parse_frac": 1.0, "groups": 8, "groups_with_signal": 4, "kl": 0.71075, "pg": 0.00385, "elapsed_s": 1298.6}
{"step": 152, "reward_mean": 0.8707, "pass_frac": 0.2188, "valid_frac": 1.0, "parse_frac": 1.0, "groups": 8, "groups_with_signal": 4, "kl": 0.48844, "pg": -0.00143, "elapsed_s": 1341.8}
{"step": 153, "reward_mean": 0.8432, "pass_frac": 0.1094, "valid_frac": 1.0, "parse_frac": 1.0, "groups": 8, "groups_with_signal": 7, "kl": 0.82457, "pg": -0.00133, "elapsed_s": 1398.8}
{"step": 154, "reward_mean": 0.913, "pass_frac": 0.1094, "valid_frac": 1.0, "parse_frac": 1.0, "groups": 8, "groups_with_signal": 3, "kl": 0.62743, "pg": -0.01509, "elapsed_s": 1432.9}
{"step": 155, "reward_mean": 0.8209, "pass_frac": 0.0, "valid_frac": 1.0, "parse_frac": 1.0, "groups": 8, "groups_with_signal": 5, "kl": 0.86311, "pg": 0.00997, "elapsed_s": 1488.5}
{"step": 156, "reward_mean": 0.8051, "pass_frac": 0.0, "valid_frac": 1.0, "parse_frac": 1.0, "groups": 8, "groups_with_signal": 4, "kl": 0.56107, "pg": 0.01396, "elapsed_s": 1531.3}
{"step": 157, "reward_mean": 0.8586, "pass_frac": 0.1406, "valid_frac": 1.0, "parse_frac": 1.0, "groups": 8, "groups_with_signal": 6, "kl": 1.11801, "pg": 0.01062, "elapsed_s": 1592.1}
{"step": 158, "reward_mean": 0.9145, "pass_frac": 0.2344, "valid_frac": 1.0, "parse_frac": 1.0, "groups": 8, "groups_with_signal": 7, "kl": 0.68342, "pg": -0.00327, "elapsed_s": 1652.9}
{"step": 159, "reward_mean": 0.8196, "pass_frac": 0.0625, "valid_frac": 1.0, "parse_frac": 1.0, "groups": 8, "groups_with_signal": 5, "kl": 0.90519, "pg": -0.00636, "elapsed_s": 1701.9}
{"step": 160, "reward_mean": 0.8429, "pass_frac": 0.0156, "valid_frac": 1.0, "parse_frac": 1.0, "groups": 8, "groups_with_signal": 4, "kl": 0.93405, "pg": -0.0037, "elapsed_s": 1750.5}
{"step": 161, "reward_mean": 0.8684, "pass_frac": 0.3281, "valid_frac": 0.8906, "parse_frac": 1.0, "groups": 8, "groups_with_signal": 7, "kl": 0.79616, "pg": -0.00679, "elapsed_s": 1806.9}
{"step": 162, "reward_mean": 0.8844, "pass_frac": 0.1562, "valid_frac": 1.0, "parse_frac": 1.0, "groups": 8, "groups_with_signal": 6, "kl": 1.06918, "pg": -0.02397, "elapsed_s": 1865.6}
{"step": 163, "reward_mean": 0.8275, "pass_frac": 0.0469, "valid_frac": 0.9844, "parse_frac": 1.0, "groups": 8, "groups_with_signal": 7, "kl": 0.77748, "pg": -0.00557, "elapsed_s": 1933.1}
{"step": 164, "reward_mean": 0.9133, "pass_frac": 0.1719, "valid_frac": 1.0, "parse_frac": 1.0, "groups": 8, "groups_with_signal": 8, "kl": 1.00221, "pg": -0.002, "elapsed_s": 2003.2}
{"step": 165, "reward_mean": 0.84, "pass_frac": 0.2188, "valid_frac": 0.9531, "parse_frac": 1.0, "groups": 8, "groups_with_signal": 5, "kl": 0.67969, "pg": 0.00272, "elapsed_s": 2045.9}
{"step": 166, "reward_mean": 0.5923, "pass_frac": 0.0156, "valid_frac": 0.7031, "parse_frac": 1.0, "groups": 8, "groups_with_signal": 7, "kl": 0.82227, "pg": -0.00394, "elapsed_s": 2100.5}
{"step": 167, "reward_mean": 0.8856, "pass_frac": 0.125, "valid_frac": 1.0, "parse_frac": 1.0, "groups": 8, "groups_with_signal": 5, "kl": 1.01372, "pg": 0.00199, "elapsed_s": 2155.2}
{"step": 168, "reward_mean": 0.774, "pass_frac": 0.0, "valid_frac": 0.9375, "parse_frac": 1.0, "groups": 8, "groups_with_signal": 5, "kl": 0.79431, "pg": -0.02244, "elapsed_s": 2202.7}
{"step": 169, "reward_mean": 0.8, "pass_frac": 0.1094, "valid_frac": 0.875, "parse_frac": 1.0, "groups": 8, "groups_with_signal": 3, "kl": 0.93277, "pg": 0.02346, "elapsed_s": 2244.3}
{"step": 170, "reward_mean": 0.8581, "pass_frac": 0.125, "valid_frac": 1.0, "parse_frac": 1.0, "groups": 8, "groups_with_signal": 4, "kl": 0.64237, "pg": -0.02824, "elapsed_s": 2292.8}
{"step": 171, "reward_mean": 0.9255, "pass_frac": 0.3281, "valid_frac": 1.0, "parse_frac": 1.0, "groups": 8, "groups_with_signal": 7, "kl": 0.90256, "pg": 0.00075, "elapsed_s": 2347.5}
{"step": 172, "reward_mean": 0.8155, "pass_frac": 0.0781, "valid_frac": 0.9219, "parse_frac": 1.0, "groups": 8, "groups_with_signal": 7, "kl": 1.00726, "pg": -0.01992, "elapsed_s": 2410.2}
{"step": 173, "reward_mean": 0.8402, "pass_frac": 0.0312, "valid_frac": 1.0, "parse_frac": 1.0, "groups": 8, "groups_with_signal": 7, "kl": 0.99446, "pg": 0.0058, "elapsed_s": 2471.4}
{"step": 174, "reward_mean": 0.8553, "pass_frac": 0.0625, "valid_frac": 1.0, "parse_frac": 1.0, "groups": 8, "groups_with_signal": 5, "kl": 0.94536, "pg": -0.04107, "elapsed_s": 2524.9}
{"step": 175, "reward_mean": 0.801, "pass_frac": 0.0469, "valid_frac": 0.9375, "parse_frac": 1.0, "groups": 8, "groups_with_signal": 8, "kl": 0.83181, "pg": 0.00584, "elapsed_s": 2590.3}
{"step": 176, "reward_mean": 0.8469, "pass_frac": 0.0, "valid_frac": 1.0, "parse_frac": 1.0, "groups": 8, "groups_with_signal": 3, "kl": 0.72784, "pg": 0.00324, "elapsed_s": 2625.1}
{"step": 177, "reward_mean": 0.9388, "pass_frac": 0.125, "valid_frac": 1.0, "parse_frac": 1.0, "groups": 8, "groups_with_signal": 6, "kl": 0.90607, "pg": -0.01646, "elapsed_s": 2680.5}
{"step": 178, "reward_mean": 0.8851, "pass_frac": 0.1094, "valid_frac": 1.0, "parse_frac": 1.0, "groups": 8, "groups_with_signal": 7, "kl": 0.83124, "pg": -0.01819, "elapsed_s": 2741.0}
{"step": 179, "reward_mean": 0.9096, "pass_frac": 0.1719, "valid_frac": 1.0, "parse_frac": 1.0, "groups": 8, "groups_with_signal": 6, "kl": 0.59311, "pg": 0.00324, "elapsed_s": 2796.8}
{"step": 180, "reward_mean": 0.9063, "pass_frac": 0.2344, "valid_frac": 1.0, "parse_frac": 1.0, "groups": 8, "groups_with_signal": 4, "kl": 0.90718, "pg": 0.00439, "elapsed_s": 2840.4}
{"step": 181, "reward_mean": 0.8489, "pass_frac": 0.0938, "valid_frac": 1.0, "parse_frac": 1.0, "groups": 8, "groups_with_signal": 3, "kl": 1.2948, "pg": -0.01809, "elapsed_s": 2880.9}
{"step": 182, "reward_mean": 0.8989, "pass_frac": 0.125, "valid_frac": 1.0, "parse_frac": 1.0, "groups": 8, "groups_with_signal": 3, "kl": 1.19975, "pg": -0.02309, "elapsed_s": 2923.9}
{"step": 183, "reward_mean": 0.8654, "pass_frac": 0.125, "valid_frac": 1.0, "parse_frac": 1.0, "groups": 8, "groups_with_signal": 2, "kl": 1.04709, "pg": 0.00668, "elapsed_s": 2960.7}
{"step": 184, "reward_mean": 0.8912, "pass_frac": 0.1875, "valid_frac": 1.0, "parse_frac": 1.0, "groups": 8, "groups_with_signal": 5, "kl": 0.882, "pg": -0.02414, "elapsed_s": 3007.6}
{"step": 185, "reward_mean": 0.8498, "pass_frac": 0.125, "valid_frac": 1.0, "parse_frac": 1.0, "groups": 8, "groups_with_signal": 1, "kl": 1.64585, "pg": 0.00724, "elapsed_s": 3040.2}
{"step": 186, "reward_mean": 0.888, "pass_frac": 0.0156, "valid_frac": 1.0, "parse_frac": 1.0, "groups": 8, "groups_with_signal": 6, "kl": 0.95865, "pg": -0.02222, "elapsed_s": 3098.8}
{"step": 187, "reward_mean": 0.8036, "pass_frac": 0.0, "valid_frac": 1.0, "parse_frac": 1.0, "groups": 8, "groups_with_signal": 1, "kl": 1.80727, "pg": 0.03812, "elapsed_s": 3129.1}
{"step": 188, "reward_mean": 0.9125, "pass_frac": 0.25, "valid_frac": 1.0, "parse_frac": 1.0, "groups": 8, "groups_with_signal": 2, "kl": 0.81456, "pg": -0.01059, "elapsed_s": 3163.7}
{"step": 189, "reward_mean": 0.9116, "pass_frac": 0.1406, "valid_frac": 1.0, "parse_frac": 1.0, "groups": 8, "groups_with_signal": 3, "kl": 0.52915, "pg": 0.01473, "elapsed_s": 3204.0}
{"step": 190, "reward_mean": 0.8738, "pass_frac": 0.1094, "valid_frac": 1.0, "parse_frac": 1.0, "groups": 8, "groups_with_signal": 4, "kl": 0.88604, "pg": 0.01201, "elapsed_s": 3249.6}
{"step": 191, "reward_mean": 0.8577, "pass_frac": 0.0625, "valid_frac": 1.0, "parse_frac": 1.0, "groups": 8, "groups_with_signal": 4, "kl": 0.88792, "pg": 0.01799, "elapsed_s": 3293.0}
{"step": 192, "reward_mean": 0.9718, "pass_frac": 0.3125, "valid_frac": 1.0, "parse_frac": 1.0, "groups": 8, "groups_with_signal": 4, "kl": 1.01519, "pg": -0.00876, "elapsed_s": 3334.0}
{"step": 193, "reward_mean": 0.8478, "pass_frac": 0.0469, "valid_frac": 1.0, "parse_frac": 1.0, "groups": 8, "groups_with_signal": 6, "kl": 0.98352, "pg": -0.01022, "elapsed_s": 3392.4}
{"step": 194, "reward_mean": 0.8428, "pass_frac": 0.125, "valid_frac": 1.0, "parse_frac": 1.0, "groups": 8, "groups_with_signal": 2, "kl": 0.55883, "pg": -0.00474, "elapsed_s": 3428.5}
{"step": 195, "reward_mean": 0.9127, "pass_frac": 0.2031, "valid_frac": 1.0, "parse_frac": 1.0, "groups": 8, "groups_with_signal": 6, "kl": 1.11304, "pg": 0.00024, "elapsed_s": 3478.8}
{"step": 196, "reward_mean": 0.9444, "pass_frac": 0.2656, "valid_frac": 1.0, "parse_frac": 1.0, "groups": 8, "groups_with_signal": 4, "kl": 0.60403, "pg": -0.00665, "elapsed_s": 3523.7}
{"step": 197, "reward_mean": 0.8693, "pass_frac": 0.125, "valid_frac": 1.0, "parse_frac": 1.0, "groups": 8, "groups_with_signal": 3, "kl": 1.30699, "pg": -0.01218, "elapsed_s": 3569.2}
{"step": 198, "reward_mean": 0.86, "pass_frac": 0.0, "valid_frac": 1.0, "parse_frac": 1.0, "groups": 8, "groups_with_signal": 2, "kl": 0.74783, "pg": -0.02451, "elapsed_s": 3606.7}
{"step": 199, "reward_mean": 0.8722, "pass_frac": 0.1875, "valid_frac": 1.0, "parse_frac": 1.0, "groups": 8, "groups_with_signal": 4, "kl": 1.36384, "pg": -0.00278, "elapsed_s": 3656.3}
{"step": 200, "reward_mean": 0.8133, "pass_frac": 0.0, "valid_frac": 1.0, "parse_frac": 1.0, "groups": 8, "groups_with_signal": 2, "kl": 1.31482, "pg": -0.01642, "elapsed_s": 3691.3}
{"step": 201, "reward_mean": 0.9244, "pass_frac": 0.25, "valid_frac": 1.0, "parse_frac": 1.0, "groups": 8, "groups_with_signal": 4, "kl": 0.93112, "pg": -0.01101, "elapsed_s": 3733.9}
{"step": 202, "reward_mean": 0.7167, "pass_frac": 0.0, "valid_frac": 0.875, "parse_frac": 1.0, "groups": 8, "groups_with_signal": 1, "kl": 1.74567, "pg": -0.01707, "elapsed_s": 3767.3}
{"step": 203, "reward_mean": 0.9028, "pass_frac": 0.0312, "valid_frac": 1.0, "parse_frac": 1.0, "groups": 8, "groups_with_signal": 5, "kl": 1.31159, "pg": -0.00997, "elapsed_s": 3821.9}
{"step": 204, "reward_mean": 0.8869, "pass_frac": 0.25, "valid_frac": 1.0, "parse_frac": 1.0, "groups": 8, "groups_with_signal": 0, "elapsed_s": 3850.5}
{"step": 205, "reward_mean": 0.8512, "pass_frac": 0.1562, "valid_frac": 1.0, "parse_frac": 1.0, "groups": 8, "groups_with_signal": 3, "kl": 1.07588, "pg": 0.02826, "elapsed_s": 3897.2}
{"step": 206, "reward_mean": 0.8627, "pass_frac": 0.125, "valid_frac": 1.0, "parse_frac": 1.0, "groups": 8, "groups_with_signal": 3, "kl": 1.40167, "pg": -0.01692, "elapsed_s": 3943.0}
{"step": 207, "reward_mean": 0.8271, "pass_frac": 0.0, "valid_frac": 1.0, "parse_frac": 1.0, "groups": 8, "groups_with_signal": 4, "kl": 1.22491, "pg": 0.00401, "elapsed_s": 3989.9}
{"step": 208, "reward_mean": 0.9002, "pass_frac": 0.0938, "valid_frac": 1.0, "parse_frac": 1.0, "groups": 8, "groups_with_signal": 7, "kl": 1.18037, "pg": 0.00383, "elapsed_s": 4045.6}
{"step": 209, "reward_mean": 0.8055, "pass_frac": 0.25, "valid_frac": 0.875, "parse_frac": 1.0, "groups": 8, "groups_with_signal": 4, "kl": 0.95649, "pg": -0.00558, "elapsed_s": 4090.3}
{"step": 210, "reward_mean": 0.9334, "pass_frac": 0.2812, "valid_frac": 1.0, "parse_frac": 1.0, "groups": 8, "groups_with_signal": 5, "kl": 1.46822, "pg": 0.00858, "elapsed_s": 4140.6}
{"step": 211, "reward_mean": 0.9102, "pass_frac": 0.25, "valid_frac": 1.0, "parse_frac": 1.0, "groups": 8, "groups_with_signal": 5, "kl": 1.00716, "pg": 0.01472, "elapsed_s": 4192.3}
{"step": 212, "reward_mean": 0.8081, "pass_frac": 0.125, "valid_frac": 0.9062, "parse_frac": 1.0, "groups": 8, "groups_with_signal": 5, "kl": 1.43162, "pg": 0.00481, "elapsed_s": 4250.7}
{"step": 213, "reward_mean": 0.8744, "pass_frac": 0.0781, "valid_frac": 1.0, "parse_frac": 1.0, "groups": 8, "groups_with_signal": 4, "kl": 1.3904, "pg": -0.01018, "elapsed_s": 4295.8}
{"step": 214, "reward_mean": 0.5338, "pass_frac": 0.0, "valid_frac": 0.625, "parse_frac": 1.0, "groups": 8, "groups_with_signal": 5, "kl": 1.75444, "pg": -0.00392, "elapsed_s": 4352.3}
{"step": 215, "reward_mean": 0.8598, "pass_frac": 0.0, "valid_frac": 1.0, "parse_frac": 1.0, "groups": 8, "groups_with_signal": 5, "kl": 1.49991, "pg": -0.00988, "elapsed_s": 4396.9}
{"step": 216, "reward_mean": 0.872, "pass_frac": 0.25, "valid_frac": 1.0, "parse_frac": 1.0, "groups": 8, "groups_with_signal": 4, "kl": 1.12278, "pg": -0.0014, "elapsed_s": 4440.8}
{"step": 217, "reward_mean": 0.8265, "pass_frac": 0.0, "valid_frac": 1.0, "parse_frac": 1.0, "groups": 8, "groups_with_signal": 3, "kl": 1.73759, "pg": -0.00772, "elapsed_s": 4483.1}
{"step": 218, "reward_mean": 0.8916, "pass_frac": 0.125, "valid_frac": 1.0, "parse_frac": 1.0, "groups": 8, "groups_with_signal": 6, "kl": 1.69843, "pg": -0.01335, "elapsed_s": 4545.6}
{"step": 219, "reward_mean": 0.7633, "pass_frac": 0.125, "valid_frac": 0.875, "parse_frac": 1.0, "groups": 8, "groups_with_signal": 3, "kl": 1.49111, "pg": -0.00259, "elapsed_s": 4590.9}
{"step": 220, "reward_mean": 0.8551, "pass_frac": 0.0156, "valid_frac": 1.0, "parse_frac": 1.0, "groups": 8, "groups_with_signal": 6, "kl": 1.0181, "pg": 0.00896, "elapsed_s": 4637.4}
Writing model shards:   0%|          | 0/1 [00:00<?, ?it/s]Writing model shards: 100%|██████████| 1/1 [00:52<00:00, 52.04s/it]Writing model shards: 100%|██████████| 1/1 [00:52<00:00, 52.04s/it]
-> merged /netdisk/ldq/ckpt/m8-matchrep2-b/merged (4693s)
