Loading weights:   0%|          | 0/399 [00:00<?, ?it/s]Loading weights: 100%|██████████| 399/399 [00:00<00:00, 4069.64it/s]
states: 2852 for sans_match
[transformers] `use_cache=True` is incompatible with gradient checkpointing. Setting `use_cache=False`.
/netdisk/ldq/NeutronGym/benchmark/harness/m8_grpo.py:254: UserWarning: Converting a tensor with requires_grad=True to a scalar may lead to unexpected behavior.
Consider using tensor.detach() first. (Triggered internally at /__w/pytorch/pytorch/torch/csrc/autograd/generated/python_variable_methods.cpp:822.)
  kl_sum += float((kl.sum(1) / ntok).sum()); pg_sum += float((pg.sum(1) / ntok).sum())
{"step": 121, "sparse": false, "reward_mean": 0.8338, "pass_frac": 0.125, "valid_frac": 1.0, "parse_frac": 1.0, "groups": 8, "groups_with_signal": 3, "kl": 0.21932, "pg": 0.00082, "elapsed_s": 35.0}
{"step": 122, "sparse": false, "reward_mean": 0.8107, "pass_frac": 0.0, "valid_frac": 1.0, "parse_frac": 1.0, "groups": 8, "groups_with_signal": 3, "kl": 1.14179, "pg": -0.02867, "elapsed_s": 70.9}
{"step": 123, "sparse": false, "reward_mean": 0.8011, "pass_frac": 0.0, "valid_frac": 1.0, "parse_frac": 1.0, "groups": 8, "groups_with_signal": 3, "kl": 0.10571, "pg": -0.01038, "elapsed_s": 109.3}
{"step": 124, "sparse": false, "reward_mean": 0.7661, "pass_frac": 0.0, "valid_frac": 0.875, "parse_frac": 1.0, "groups": 8, "groups_with_signal": 3, "kl": 0.18654, "pg": -0.03475, "elapsed_s": 149.0}
{"step": 125, "sparse": false, "reward_mean": 0.7926, "pass_frac": 0.0, "valid_frac": 1.0, "parse_frac": 1.0, "groups": 8, "groups_with_signal": 3, "kl": 0.41774, "pg": 0.0203, "elapsed_s": 185.1}
{"step": 126, "sparse": false, "reward_mean": 0.7993, "pass_frac": 0.0, "valid_frac": 1.0, "parse_frac": 1.0, "groups": 8, "groups_with_signal": 2, "kl": 0.47977, "pg": 0.04109, "elapsed_s": 216.8}
{"step": 127, "sparse": false, "reward_mean": 0.7929, "pass_frac": 0.0, "valid_frac": 1.0, "parse_frac": 1.0, "groups": 8, "groups_with_signal": 5, "kl": 0.18495, "pg": 0.01876, "elapsed_s": 266.5}
{"step": 128, "sparse": false, "reward_mean": 0.8072, "pass_frac": 0.0, "valid_frac": 1.0, "parse_frac": 1.0, "groups": 8, "groups_with_signal": 2, "kl": 0.20824, "pg": -0.02197, "elapsed_s": 301.0}
{"step": 129, "sparse": false, "reward_mean": 0.7937, "pass_frac": 0.0, "valid_frac": 1.0, "parse_frac": 1.0, "groups": 8, "groups_with_signal": 4, "kl": 0.23756, "pg": -0.00631, "elapsed_s": 336.9}
{"step": 130, "sparse": false, "reward_mean": 0.7974, "pass_frac": 0.0, "valid_frac": 1.0, "parse_frac": 1.0, "groups": 8, "groups_with_signal": 5, "kl": 0.31599, "pg": 0.02015, "elapsed_s": 388.1}
{"step": 131, "sparse": false, "reward_mean": 0.7838, "pass_frac": 0.0, "valid_frac": 1.0, "parse_frac": 1.0, "groups": 8, "groups_with_signal": 2, "kl": 0.27627, "pg": -0.01083, "elapsed_s": 418.4}
{"step": 132, "sparse": false, "reward_mean": 0.8216, "pass_frac": 0.0156, "valid_frac": 1.0, "parse_frac": 1.0, "groups": 8, "groups_with_signal": 5, "kl": 0.32355, "pg": 0.01619, "elapsed_s": 471.3}
{"step": 133, "sparse": false, "reward_mean": 0.8293, "pass_frac": 0.1094, "valid_frac": 1.0, "parse_frac": 1.0, "groups": 8, "groups_with_signal": 5, "kl": 0.19501, "pg": -0.00442, "elapsed_s": 516.5}
{"step": 134, "sparse": false, "reward_mean": 0.8305, "pass_frac": 0.0, "valid_frac": 1.0, "parse_frac": 1.0, "groups": 8, "groups_with_signal": 3, "kl": 0.18327, "pg": -0.01441, "elapsed_s": 554.2}
{"step": 135, "sparse": false, "reward_mean": 0.8153, "pass_frac": 0.0, "valid_frac": 1.0, "parse_frac": 1.0, "groups": 8, "groups_with_signal": 4, "kl": 0.19712, "pg": -0.00907, "elapsed_s": 596.0}
{"step": 136, "sparse": false, "reward_mean": 0.8022, "pass_frac": 0.0, "valid_frac": 1.0, "parse_frac": 1.0, "groups": 8, "groups_with_signal": 4, "kl": 0.14225, "pg": 0.00609, "elapsed_s": 642.4}
{"step": 137, "sparse": false, "reward_mean": 0.7862, "pass_frac": 0.0, "valid_frac": 1.0, "parse_frac": 1.0, "groups": 8, "groups_with_signal": 1, "kl": 0.08766, "pg": 0.01341, "elapsed_s": 670.1}
{"step": 138, "sparse": false, "reward_mean": 0.8198, "pass_frac": 0.0, "valid_frac": 1.0, "parse_frac": 1.0, "groups": 8, "groups_with_signal": 5, "kl": 0.11193, "pg": -0.00646, "elapsed_s": 722.5}
{"step": 139, "sparse": false, "reward_mean": 0.7739, "pass_frac": 0.0, "valid_frac": 0.9531, "parse_frac": 1.0, "groups": 8, "groups_with_signal": 2, "kl": 0.28669, "pg": 0.02978, "elapsed_s": 758.9}
{"step": 140, "sparse": false, "reward_mean": 0.7727, "pass_frac": 0.0, "valid_frac": 0.9219, "parse_frac": 1.0, "groups": 8, "groups_with_signal": 3, "kl": 0.06644, "pg": -0.00049, "elapsed_s": 795.4}
{"step": 141, "sparse": false, "reward_mean": 0.8118, "pass_frac": 0.0, "valid_frac": 1.0, "parse_frac": 1.0, "groups": 8, "groups_with_signal": 4, "kl": 0.18061, "pg": -0.0095, "elapsed_s": 838.0}
{"step": 142, "sparse": false, "reward_mean": 0.7764, "pass_frac": 0.0, "valid_frac": 0.9844, "parse_frac": 1.0, "groups": 8, "groups_with_signal": 4, "kl": 0.09003, "pg": -0.00162, "elapsed_s": 877.8}
{"step": 143, "sparse": false, "reward_mean": 0.8036, "pass_frac": 0.0, "valid_frac": 1.0, "parse_frac": 1.0, "groups": 8, "groups_with_signal": 4, "kl": 0.53864, "pg": -0.0437, "elapsed_s": 922.6}
{"step": 144, "sparse": false, "reward_mean": 0.8266, "pass_frac": 0.0, "valid_frac": 1.0, "parse_frac": 1.0, "groups": 8, "groups_with_signal": 6, "kl": 0.20967, "pg": 0.0087, "elapsed_s": 977.0}
{"step": 145, "sparse": false, "reward_mean": 0.8148, "pass_frac": 0.0, "valid_frac": 1.0, "parse_frac": 1.0, "groups": 8, "groups_with_signal": 4, "kl": 0.26051, "pg": 0.00228, "elapsed_s": 1023.6}
{"step": 146, "sparse": false, "reward_mean": 0.8427, "pass_frac": 0.0, "valid_frac": 1.0, "parse_frac": 1.0, "groups": 8, "groups_with_signal": 3, "kl": 0.15459, "pg": 0.00902, "elapsed_s": 1061.6}
{"step": 147, "sparse": false, "reward_mean": 0.7861, "pass_frac": 0.0, "valid_frac": 1.0, "parse_frac": 1.0, "groups": 8, "groups_with_signal": 3, "kl": 0.29364, "pg": 0.00147, "elapsed_s": 1100.6}
{"step": 148, "sparse": false, "reward_mean": 0.7879, "pass_frac": 0.0, "valid_frac": 1.0, "parse_frac": 1.0, "groups": 8, "groups_with_signal": 4, "kl": 0.18384, "pg": 0.00392, "elapsed_s": 1135.5}
{"step": 149, "sparse": false, "reward_mean": 0.8569, "pass_frac": 0.1094, "valid_frac": 0.9844, "parse_frac": 1.0, "groups": 8, "groups_with_signal": 5, "kl": 0.34774, "pg": -0.00271, "elapsed_s": 1183.4}
{"step": 150, "sparse": false, "reward_mean": 0.818, "pass_frac": 0.0, "valid_frac": 1.0, "parse_frac": 1.0, "groups": 8, "groups_with_signal": 5, "kl": 0.39394, "pg": -0.02846, "elapsed_s": 1237.3}
{"step": 151, "sparse": false, "reward_mean": 0.8312, "pass_frac": 0.1094, "valid_frac": 1.0, "parse_frac": 1.0, "groups": 8, "groups_with_signal": 4, "kl": 0.16585, "pg": 0.01359, "elapsed_s": 1287.5}
{"step": 152, "sparse": false, "reward_mean": 0.8721, "pass_frac": 0.125, "valid_frac": 1.0, "parse_frac": 1.0, "groups": 8, "groups_with_signal": 6, "kl": 0.32861, "pg": -0.00109, "elapsed_s": 1338.1}
{"step": 153, "sparse": false, "reward_mean": 0.7859, "pass_frac": 0.0, "valid_frac": 1.0, "parse_frac": 1.0, "groups": 8, "groups_with_signal": 2, "kl": 0.31211, "pg": 0.00959, "elapsed_s": 1369.8}
{"step": 154, "sparse": false, "reward_mean": 0.7908, "pass_frac": 0.0, "valid_frac": 0.875, "parse_frac": 1.0, "groups": 8, "groups_with_signal": 4, "kl": 0.42707, "pg": -0.00205, "elapsed_s": 1422.2}
{"step": 155, "sparse": false, "reward_mean": 0.8132, "pass_frac": 0.0, "valid_frac": 1.0, "parse_frac": 1.0, "groups": 8, "groups_with_signal": 4, "kl": 0.27003, "pg": 0.00364, "elapsed_s": 1469.8}
{"step": 156, "sparse": false, "reward_mean": 0.8167, "pass_frac": 0.0, "valid_frac": 0.9844, "parse_frac": 1.0, "groups": 8, "groups_with_signal": 6, "kl": 0.25053, "pg": -0.02026, "elapsed_s": 1525.0}
{"step": 157, "sparse": false, "reward_mean": 0.832, "pass_frac": 0.0, "valid_frac": 1.0, "parse_frac": 1.0, "groups": 8, "groups_with_signal": 4, "kl": 0.23434, "pg": -0.00054, "elapsed_s": 1565.5}
{"step": 158, "sparse": false, "reward_mean": 0.8049, "pass_frac": 0.0, "valid_frac": 1.0, "parse_frac": 1.0, "groups": 8, "groups_with_signal": 1, "kl": 0.10868, "pg": 0.0106, "elapsed_s": 1596.1}
{"step": 159, "sparse": false, "reward_mean": 0.8404, "pass_frac": 0.0, "valid_frac": 1.0, "parse_frac": 1.0, "groups": 8, "groups_with_signal": 3, "kl": 0.12351, "pg": -0.01396, "elapsed_s": 1627.9}
{"step": 160, "sparse": false, "reward_mean": 0.8433, "pass_frac": 0.125, "valid_frac": 1.0, "parse_frac": 1.0, "groups": 8, "groups_with_signal": 1, "kl": 0.54639, "pg": 0.00728, "elapsed_s": 1659.4}
{"step": 161, "sparse": false, "reward_mean": 0.7855, "pass_frac": 0.0, "valid_frac": 1.0, "parse_frac": 1.0, "groups": 8, "groups_with_signal": 5, "kl": 0.36243, "pg": 0.00311, "elapsed_s": 1706.0}
{"step": 162, "sparse": false, "reward_mean": 0.8022, "pass_frac": 0.0, "valid_frac": 1.0, "parse_frac": 1.0, "groups": 8, "groups_with_signal": 4, "kl": 0.27227, "pg": -0.02118, "elapsed_s": 1749.8}
{"step": 163, "sparse": false, "reward_mean": 0.7794, "pass_frac": 0.0, "valid_frac": 1.0, "parse_frac": 1.0, "groups": 8, "groups_with_signal": 3, "kl": 0.16049, "pg": 0.03504, "elapsed_s": 1784.0}
{"step": 164, "sparse": false, "reward_mean": 0.7963, "pass_frac": 0.0, "valid_frac": 1.0, "parse_frac": 1.0, "groups": 8, "groups_with_signal": 4, "kl": 0.42998, "pg": 0.00926, "elapsed_s": 1833.9}
{"step": 165, "sparse": false, "reward_mean": 0.8163, "pass_frac": 0.0, "valid_frac": 1.0, "parse_frac": 1.0, "groups": 8, "groups_with_signal": 3, "kl": 0.19394, "pg": -0.03093, "elapsed_s": 1871.5}
{"step": 166, "sparse": false, "reward_mean": 0.8037, "pass_frac": 0.0, "valid_frac": 1.0, "parse_frac": 1.0, "groups": 8, "groups_with_signal": 5, "kl": 0.21744, "pg": 0.00483, "elapsed_s": 1922.5}
{"step": 167, "sparse": false, "reward_mean": 0.7947, "pass_frac": 0.0, "valid_frac": 1.0, "parse_frac": 1.0, "groups": 8, "groups_with_signal": 3, "kl": 0.38869, "pg": -0.00265, "elapsed_s": 1960.1}
{"step": 168, "sparse": false, "reward_mean": 0.8285, "pass_frac": 0.0469, "valid_frac": 1.0, "parse_frac": 1.0, "groups": 8, "groups_with_signal": 5, "kl": 0.49272, "pg": -0.00735, "elapsed_s": 2010.2}
{"step": 169, "sparse": false, "reward_mean": 0.7987, "pass_frac": 0.0, "valid_frac": 1.0, "parse_frac": 1.0, "groups": 8, "groups_with_signal": 4, "kl": 0.17501, "pg": -0.01194, "elapsed_s": 2050.4}
{"step": 170, "sparse": false, "reward_mean": 0.8168, "pass_frac": 0.0, "valid_frac": 1.0, "parse_frac": 1.0, "groups": 8, "groups_with_signal": 3, "kl": 0.52325, "pg": -0.01066, "elapsed_s": 2090.6}
{"step": 171, "sparse": false, "reward_mean": 0.8181, "pass_frac": 0.0, "valid_frac": 1.0, "parse_frac": 1.0, "groups": 8, "groups_with_signal": 6, "kl": 0.46936, "pg": 0.00192, "elapsed_s": 2146.3}
{"step": 172, "sparse": false, "reward_mean": 0.837, "pass_frac": 0.0938, "valid_frac": 1.0, "parse_frac": 1.0, "groups": 8, "groups_with_signal": 2, "kl": 0.25129, "pg": 0.00933, "elapsed_s": 2175.3}
{"step": 173, "sparse": false, "reward_mean": 0.7874, "pass_frac": 0.0, "valid_frac": 1.0, "parse_frac": 1.0, "groups": 8, "groups_with_signal": 5, "kl": 0.53091, "pg": -0.00924, "elapsed_s": 2225.1}
{"step": 174, "sparse": false, "reward_mean": 0.7984, "pass_frac": 0.0, "valid_frac": 1.0, "parse_frac": 1.0, "groups": 8, "groups_with_signal": 3, "kl": 0.24827, "pg": -0.03146, "elapsed_s": 2260.2}
{"step": 175, "sparse": false, "reward_mean": 0.82, "pass_frac": 0.0, "valid_frac": 1.0, "parse_frac": 1.0, "groups": 8, "groups_with_signal": 1, "kl": 0.15687, "pg": 0.04479, "elapsed_s": 2292.8}
{"step": 176, "sparse": false, "reward_mean": 0.8167, "pass_frac": 0.125, "valid_frac": 1.0, "parse_frac": 1.0, "groups": 8, "groups_with_signal": 1, "kl": 0.38619, "pg": 0.01581, "elapsed_s": 2323.5}
{"step": 177, "sparse": false, "reward_mean": 0.7822, "pass_frac": 0.0, "valid_frac": 1.0, "parse_frac": 1.0, "groups": 8, "groups_with_signal": 4, "kl": 0.62321, "pg": 0.00252, "elapsed_s": 2378.3}
{"step": 178, "sparse": false, "reward_mean": 0.796, "pass_frac": 0.0, "valid_frac": 0.9531, "parse_frac": 1.0, "groups": 8, "groups_with_signal": 2, "kl": 0.53786, "pg": 0.00518, "elapsed_s": 2413.9}
{"step": 179, "sparse": false, "reward_mean": 0.829, "pass_frac": 0.0, "valid_frac": 1.0, "parse_frac": 1.0, "groups": 8, "groups_with_signal": 4, "kl": 0.60899, "pg": -0.04092, "elapsed_s": 2457.1}
{"step": 180, "sparse": false, "reward_mean": 0.8182, "pass_frac": 0.0, "valid_frac": 1.0, "parse_frac": 1.0, "groups": 8, "groups_with_signal": 2, "kl": 1.04848, "pg": -0.01481, "elapsed_s": 2492.6}
{"step": 181, "sparse": false, "reward_mean": 0.7973, "pass_frac": 0.0, "valid_frac": 1.0, "parse_frac": 1.0, "groups": 8, "groups_with_signal": 3, "kl": 0.11516, "pg": 0.0005, "elapsed_s": 2532.7}
{"step": 182, "sparse": false, "reward_mean": 0.8215, "pass_frac": 0.0, "valid_frac": 1.0, "parse_frac": 1.0, "groups": 8, "groups_with_signal": 4, "kl": 0.27731, "pg": 0.02338, "elapsed_s": 2579.1}
{"step": 183, "sparse": false, "reward_mean": 0.8034, "pass_frac": 0.0, "valid_frac": 1.0, "parse_frac": 1.0, "groups": 8, "groups_with_signal": 4, "kl": 0.608, "pg": 0.00431, "elapsed_s": 2625.5}
{"step": 184, "sparse": false, "reward_mean": 0.7688, "pass_frac": 0.0, "valid_frac": 1.0, "parse_frac": 1.0, "groups": 8, "groups_with_signal": 2, "kl": 0.26487, "pg": -0.00832, "elapsed_s": 2653.7}
{"step": 185, "sparse": false, "reward_mean": 0.7895, "pass_frac": 0.0, "valid_frac": 1.0, "parse_frac": 1.0, "groups": 8, "groups_with_signal": 5, "kl": 0.30482, "pg": 0.00315, "elapsed_s": 2706.6}
{"step": 186, "sparse": false, "reward_mean": 0.8024, "pass_frac": 0.0, "valid_frac": 1.0, "parse_frac": 1.0, "groups": 8, "groups_with_signal": 1, "kl": 0.13704, "pg": -0.00985, "elapsed_s": 2730.8}
{"step": 187, "sparse": false, "reward_mean": 0.8402, "pass_frac": 0.125, "valid_frac": 1.0, "parse_frac": 1.0, "groups": 8, "groups_with_signal": 0, "elapsed_s": 2756.9}
{"step": 188, "sparse": false, "reward_mean": 0.8111, "pass_frac": 0.0, "valid_frac": 1.0, "parse_frac": 1.0, "groups": 8, "groups_with_signal": 3, "kl": 0.35005, "pg": -0.00407, "elapsed_s": 2796.3}
{"step": 189, "sparse": false, "reward_mean": 0.8452, "pass_frac": 0.125, "valid_frac": 1.0, "parse_frac": 1.0, "groups": 8, "groups_with_signal": 2, "kl": 0.32092, "pg": 0.00316, "elapsed_s": 2835.0}
{"step": 190, "sparse": false, "reward_mean": 0.82, "pass_frac": 0.0, "valid_frac": 1.0, "parse_frac": 1.0, "groups": 8, "groups_with_signal": 4, "kl": 0.10112, "pg": -0.02293, "elapsed_s": 2876.2}
{"step": 191, "sparse": false, "reward_mean": 0.7555, "pass_frac": 0.0, "valid_frac": 0.9688, "parse_frac": 1.0, "groups": 8, "groups_with_signal": 4, "kl": 0.62629, "pg": 0.02131, "elapsed_s": 2924.0}
{"step": 192, "sparse": false, "reward_mean": 0.7767, "pass_frac": 0.0, "valid_frac": 0.875, "parse_frac": 1.0, "groups": 8, "groups_with_signal": 5, "kl": 0.39013, "pg": 0.0185, "elapsed_s": 2973.7}
{"step": 193, "sparse": false, "reward_mean": 0.834, "pass_frac": 0.0, "valid_frac": 1.0, "parse_frac": 1.0, "groups": 8, "groups_with_signal": 6, "kl": 0.46228, "pg": 0.00014, "elapsed_s": 3028.8}
{"step": 194, "sparse": false, "reward_mean": 0.8268, "pass_frac": 0.0, "valid_frac": 1.0, "parse_frac": 1.0, "groups": 8, "groups_with_signal": 3, "kl": 0.41575, "pg": 0.0068, "elapsed_s": 3069.4}
{"step": 195, "sparse": false, "reward_mean": 0.7066, "pass_frac": 0.0, "valid_frac": 0.8906, "parse_frac": 1.0, "groups": 8, "groups_with_signal": 4, "kl": 0.63953, "pg": 0.02909, "elapsed_s": 3115.4}
{"step": 196, "sparse": false, "reward_mean": 0.7968, "pass_frac": 0.0, "valid_frac": 0.9688, "parse_frac": 1.0, "groups": 8, "groups_with_signal": 4, "kl": 0.30901, "pg": -0.03204, "elapsed_s": 3158.7}
{"step": 197, "sparse": false, "reward_mean": 0.8204, "pass_frac": 0.0, "valid_frac": 1.0, "parse_frac": 1.0, "groups": 8, "groups_with_signal": 5, "kl": 0.42093, "pg": -0.00021, "elapsed_s": 3204.5}
{"step": 198, "sparse": false, "reward_mean": 0.7746, "pass_frac": 0.0, "valid_frac": 1.0, "parse_frac": 1.0, "groups": 8, "groups_with_signal": 1, "kl": 0.02754, "pg": -0.0339, "elapsed_s": 3231.8}
{"step": 199, "sparse": false, "reward_mean": 0.8024, "pass_frac": 0.0, "valid_frac": 1.0, "parse_frac": 1.0, "groups": 8, "groups_with_signal": 3, "kl": 0.4377, "pg": -0.00899, "elapsed_s": 3273.0}
{"step": 200, "sparse": false, "reward_mean": 0.847, "pass_frac": 0.0, "valid_frac": 1.0, "parse_frac": 1.0, "groups": 8, "groups_with_signal": 3, "kl": 0.45429, "pg": -0.0193, "elapsed_s": 3313.3}
{"step": 201, "sparse": false, "reward_mean": 0.7985, "pass_frac": 0.0, "valid_frac": 1.0, "parse_frac": 1.0, "groups": 8, "groups_with_signal": 3, "kl": 0.10009, "pg": -0.01026, "elapsed_s": 3347.9}
{"step": 202, "sparse": false, "reward_mean": 0.7737, "pass_frac": 0.0, "valid_frac": 0.875, "parse_frac": 1.0, "groups": 8, "groups_with_signal": 7, "kl": 0.22627, "pg": 0.0018, "elapsed_s": 3408.2}
{"step": 203, "sparse": false, "reward_mean": 0.8257, "pass_frac": 0.0156, "valid_frac": 1.0, "parse_frac": 1.0, "groups": 8, "groups_with_signal": 3, "kl": 0.40159, "pg": -0.00695, "elapsed_s": 3447.4}
{"step": 204, "sparse": false, "reward_mean": 0.8128, "pass_frac": 0.0, "valid_frac": 1.0, "parse_frac": 1.0, "groups": 8, "groups_with_signal": 5, "kl": 0.46927, "pg": -0.00679, "elapsed_s": 3498.8}
{"step": 205, "sparse": false, "reward_mean": 0.8457, "pass_frac": 0.125, "valid_frac": 1.0, "parse_frac": 1.0, "groups": 8, "groups_with_signal": 5, "kl": 0.20516, "pg": -0.00642, "elapsed_s": 3554.8}
{"step": 206, "sparse": false, "reward_mean": 0.8072, "pass_frac": 0.0, "valid_frac": 1.0, "parse_frac": 1.0, "groups": 8, "groups_with_signal": 1, "kl": 0.07172, "pg": -0.02557, "elapsed_s": 3586.6}
{"step": 207, "sparse": false, "reward_mean": 0.8471, "pass_frac": 0.1094, "valid_frac": 1.0, "parse_frac": 1.0, "groups": 8, "groups_with_signal": 4, "kl": 0.35454, "pg": -0.01088, "elapsed_s": 3634.3}
{"step": 208, "sparse": false, "reward_mean": 0.7746, "pass_frac": 0.125, "valid_frac": 0.875, "parse_frac": 1.0, "groups": 8, "groups_with_signal": 3, "kl": 0.21768, "pg": 0.02434, "elapsed_s": 3680.8}
{"step": 209, "sparse": false, "reward_mean": 0.773, "pass_frac": 0.125, "valid_frac": 0.875, "parse_frac": 1.0, "groups": 8, "groups_with_signal": 2, "kl": 0.75014, "pg": -0.02455, "elapsed_s": 3716.6}
{"step": 210, "sparse": false, "reward_mean": 0.8272, "pass_frac": 0.0, "valid_frac": 1.0, "parse_frac": 1.0, "groups": 8, "groups_with_signal": 3, "kl": 0.24985, "pg": 0.0147, "elapsed_s": 3755.3}
{"step": 211, "sparse": false, "reward_mean": 0.8048, "pass_frac": 0.0, "valid_frac": 1.0, "parse_frac": 1.0, "groups": 8, "groups_with_signal": 3, "kl": 0.16258, "pg": -0.00077, "elapsed_s": 3788.8}
{"step": 212, "sparse": false, "reward_mean": 0.8207, "pass_frac": 0.0, "valid_frac": 1.0, "parse_frac": 1.0, "groups": 8, "groups_with_signal": 5, "kl": 0.80884, "pg": -0.00038, "elapsed_s": 3841.8}
{"step": 213, "sparse": false, "reward_mean": 0.8415, "pass_frac": 0.125, "valid_frac": 1.0, "parse_frac": 1.0, "groups": 8, "groups_with_signal": 4, "kl": 0.3499, "pg": 0.02384, "elapsed_s": 3886.9}
{"step": 214, "sparse": false, "reward_mean": 0.8153, "pass_frac": 0.0, "valid_frac": 1.0, "parse_frac": 1.0, "groups": 8, "groups_with_signal": 4, "kl": 0.64471, "pg": -0.02712, "elapsed_s": 3934.5}
{"step": 215, "sparse": false, "reward_mean": 0.819, "pass_frac": 0.0, "valid_frac": 1.0, "parse_frac": 1.0, "groups": 8, "groups_with_signal": 3, "kl": 0.40744, "pg": -0.0291, "elapsed_s": 3981.2}
{"step": 216, "sparse": false, "reward_mean": 0.818, "pass_frac": 0.0781, "valid_frac": 1.0, "parse_frac": 1.0, "groups": 8, "groups_with_signal": 3, "kl": 0.21203, "pg": -0.01717, "elapsed_s": 4029.2}
{"step": 217, "sparse": false, "reward_mean": 0.8335, "pass_frac": 0.125, "valid_frac": 1.0, "parse_frac": 1.0, "groups": 8, "groups_with_signal": 4, "kl": 0.35267, "pg": 0.00686, "elapsed_s": 4073.3}
{"step": 218, "sparse": false, "reward_mean": 0.8316, "pass_frac": 0.0312, "valid_frac": 1.0, "parse_frac": 1.0, "groups": 8, "groups_with_signal": 4, "kl": 0.54377, "pg": 0.02297, "elapsed_s": 4120.9}
{"step": 219, "sparse": false, "reward_mean": 0.8484, "pass_frac": 0.0, "valid_frac": 1.0, "parse_frac": 1.0, "groups": 8, "groups_with_signal": 4, "kl": 0.25787, "pg": -0.00793, "elapsed_s": 4162.9}
{"step": 220, "sparse": false, "reward_mean": 0.7795, "pass_frac": 0.0, "valid_frac": 1.0, "parse_frac": 1.0, "groups": 8, "groups_with_signal": 3, "kl": 0.31121, "pg": 0.00958, "elapsed_s": 4205.8}
Writing model shards:   0%|          | 0/1 [00:00<?, ?it/s]Writing model shards: 100%|██████████| 1/1 [00:59<00:00, 59.81s/it]Writing model shards: 100%|██████████| 1/1 [00:59<00:00, 59.81s/it]
-> merged /netdisk/ldq/ckpt/m8-sansmatchgrpo-b/merged (4269s)
