INFO: Using directory: "/Users/ldq/Work/McStasBench/benchmark/refcache/T1_ESS_IN5_reprate_work/ref_20260724_152752_94648_1"
INFO: Regenerating c-file: ESS_IN5_reprate.c
CFLAGS=
    
-----------------------------------------------------------

Generating single GPU kernel or single CPU section layout: 

-----------------------------------------------------------

Generating GPU/CPU -DFUNNEL layout:

-----------------------------------------------------------
INFO: Recompiling: ./ESS_IN5_reprate.out
ld: warning: directory not found for option '-L/opt/homebrew/Cellar/fftw/3.3.10_1/lib'
ld: warning: duplicate -rpath '/opt/homebrew/Caskroom/miniconda/base/envs/mcstas/lib' ignored
INFO: ===
DiskChopper: FOchop2 WARNING: chopper frequency is 0!
DiskChopper: Fastchop1 WARNING: chopper frequency is 0!
source: Setting up for sector W, beamline 5, global orientation angle is 126, internal angle 35
source: Focusing at rectagle sized 0.1 x 0.105 
  - positioned at location (x,y,z)=(0 m, 0 m, 2 m) 
 ( from target_index 6 -> distance 2 )
source: Cold and Thermal brilliance performance multiplicators are c_performance=1 and t_performance=1
source: NOT using time focusing
[ESS_IN5_reprate] Initialize
*** TRACE end *** 

Save [ESS_IN5_reprate]
Detector: TOFmoderator_zoom_I=4.88902e+10 TOFmoderator_zoom_ERR=9.51417e+07 TOFmoderator_zoom_N=410121 "TOFmoderator_zoom.dat"
Detector: TOFmoderator_I=4.89012e+10 TOFmoderator_ERR=9.51418e+07 TOFmoderator_N=720668 "TOFmoderator.dat"
Detector: Lmon_guistart_I=6.74218e+10 Lmon_guistart_ERR=1.11536e+08 Lmon_guistart_N=996052 "Lmon_guistart.dat"
Detector: Lmon_normalize_I=5.81626e+10 Lmon_normalize_ERR=1.03588e+08 Lmon_normalize_N=860088 "Lmon_guistart_normalize.dat"
Detector: Lmonslow1_I=2.19844e+10 Lmonslow1_ERR=6.08897e+07 Lmonslow1_N=396740 "Lmonslow1.dat"
Detector: PSDslow1_I=3.57442e+10 PSDslow1_ERR=7.80321e+07 PSDslow1_N=683083 "PSDslow1.dat"
Detector: TOFLmon1_I=1.83979e+10 TOFLmon1_ERR=5.56163e+07 TOFLmon1_N=327705 "TOFLmon1.dat"
Detector: Lmon_afterslow1_I=2.19844e+10 Lmon_afterslow1_ERR=6.08897e+07 Lmon_afterslow1_N=396739 "Lmon_afterslow1.dat"
Detector: PSD_afterslow1_I=3.57442e+10 PSD_afterslow1_ERR=7.80321e+07 PSD_afterslow1_N=683083 "PSD_afterslow1.dat"
Detector: Lmon_slow2_I=1.39716e+10 Lmon_slow2_ERR=4.65212e+07 Lmon_slow2_N=321609 "Lmon_slow2.dat"
Detector: PSD_afterslow2_I=2.31542e+10 PSD_afterslow2_ERR=5.99322e+07 PSD_afterslow2_N=532268 "PSD_afterslow2.dat"
Detector: Lmon_afterslow2_I=1.39615e+10 Lmon_afterslow2_ERR=4.6499e+07 Lmon_afterslow2_N=321929 "Lmon_afterslow2.dat"
Detector: TOFL_afterslow2_I=1.16531e+10 TOFL_afterslow2_ERR=4.24797e+07 TOFL_afterslow2_N=268449 "TOFL_afterslow2.dat"
Detector: Lmon_beforeballistic_I=1.14037e+10 Lmon_beforeballistic_ERR=4.17023e+07 Lmon_beforeballistic_N=282960 "Lmon_before_ballistic.dat"
Detector: PSD_beforeballistic_I=2.25452e+10 PSD_beforeballistic_ERR=5.86452e+07 PSD_beforeballistic_N=558725 "PSD_beforeballistic.dat"
Detector: Lmonfast2_I=1.183e+10 Lmonfast2_ERR=4.30394e+07 Lmonfast2_N=293324 "Lmonfast2.dat"
Detector: Lmonfast2_zoom_I=1.183e+10 Lmonfast2_zoom_ERR=4.30394e+07 Lmonfast2_zoom_N=293324 "Lmonfast2_zoom.dat"
Detector: TOFLfast2_I=1.183e+10 TOFLfast2_ERR=4.30394e+07 TOFLfast2_N=293324 "TOFLfast2.dat"
Detector: TOFLfast2zoom_I=4.68055e+09 TOFLfast2zoom_ERR=2.72483e+07 TOFLfast2zoom_N=54664 "TOFLfast2_zoom.dat"
Detector: PSDfast2_I=1.183e+10 PSDfast2_ERR=4.30394e+07 PSDfast2_N=293324 "PSDfast2.dat"
Detector: TOFfast2_zoom_I=0 TOFfast2_zoom_ERR=0 TOFfast2_zoom_N=0 "TOF_fast2.dat"
Detector: Lmon_afterfast2_I=0 Lmon_afterfast2_ERR=0 Lmon_afterfast2_N=0 "Lmon_afterfast2.dat"
Detector: TOFL_afterfast2_I=0 TOFL_afterfast2_ERR=0 TOFL_afterfast2_N=0 "TOF_afterfast2.dat"
Detector: TOFL_afterfast2_zoom_I=0 TOFL_afterfast2_zoom_ERR=0 TOFL_afterfast2_zoom_N=0 "TOFL_afterfast2_zoom.dat"
Detector: PSD_afterfast2_I=0 PSD_afterfast2_ERR=0 PSD_afterfast2_N=0 "PSD_afterfast2.dat"
Detector: Lmon_guideend_I=0 Lmon_guideend_ERR=0 Lmon_guideend_N=0 "Lmon_guideend.dat"
Detector: PSDsample_I=0 PSDsample_ERR=0 PSDsample_N=0 "PSDsample.dat"
Detector: TOFsample_zoom_I=0 TOFsample_zoom_ERR=0 TOFsample_zoom_N=0 "TOF_sample.dat"
Detector: Esample_I=0 Esample_ERR=0 Esample_N=0 "Esample.dat"
Detector: Lmon_sample_zoom_I=0 Lmon_sample_zoom_ERR=0 Lmon_sample_zoom_N=0 "LMON_sample_zoom.dat"
Detector: TOFdetector_I=0 TOFdetector_ERR=0 TOFdetector_N=0 "TOF.dat"
Detector: TOFdetector_zoom_I=0 TOFdetector_zoom_ERR=0 TOFdetector_zoom_N=0 "TOF_zoom.dat"
Detector: Edetector_I=0 Edetector_ERR=0 Edetector_N=0 "Edet.dat"
Detector: TOF2Edetector_I=0 TOF2Edetector_ERR=0 TOF2Edetector_N=0 "TOF2E.dat"

Finally [ESS_IN5_reprate: /Users/ldq/Work/McStasBench/benchmark/refcache/T1_ESS_IN5_reprate_work/ref_20260724_152752_94648_1]. Time: 2 [s] 
INFO: Placing instr file copy /opt/homebrew/Caskroom/miniconda/base/envs/mcstas/share/mcstas/resources/examples/ESS/ESS_IN5_reprate/ESS_IN5_reprate.instr in dataset /Users/ldq/Work/McStasBench/benchmark/refcache/T1_ESS_IN5_reprate_work/ref_20260724_152752_94648_1
