INFO: Using directory: "/Users/ldq/Work/McStasBench/benchmark/refcache/T1_HZB_NEAT_work/ref_20260724_152821_94648_5"
INFO: Regenerating c-file: HZB_NEAT.c
Info:    'PSD_Detector' is a contributed component.
CFLAGS=
                  
WARNING:
 The parameter powder_format of Sample is initialized 
 using a static {,,,} vector.
  -> Such static vectors support literal numbers ONLY.
  -> Any vector use of variables or defines must happen via a 
     DECLARE/INITIALIZE pointer.


-----------------------------------------------------------

Generating single GPU kernel or single CPU section layout: 
-> SPLIT N at component Sample

-----------------------------------------------------------

Generating GPU/CPU -DFUNNEL layout:
-> SPLIT within buffer at component Sample

-----------------------------------------------------------
INFO: Recompiling: ./HZB_NEAT.out
./HZB_NEAT.c:18007:6: warning: address of array 'lmon_options' will always evaluate to 'true' [-Wpointer-bool-conversion]
 18007 |   if(lmon_options && strlen(lmon_options))
       |      ^~~~~~~~~~~~ ~~
./HZB_NEAT.c:18008:52: warning: address of array 'lmon_options' will always evaluate to 'true' [-Wpointer-bool-conversion]
 18008 |     stracpy(_Guide_Lambda_var._parameters.options, lmon_options ? lmon_options : "", 16384);
       |                                                    ^~~~~~~~~~~~ ~
./HZB_NEAT.c:18968:6: warning: address of array 'lmon_options' will always evaluate to 'true' [-Wpointer-bool-conversion]
 18968 |   if(lmon_options && strlen(lmon_options))
       |      ^~~~~~~~~~~~ ~~
./HZB_NEAT.c:18969:53: warning: address of array 'lmon_options' will always evaluate to 'true' [-Wpointer-bool-conversion]
 18969 |     stracpy(_Guide2_Lambda_var._parameters.options, lmon_options ? lmon_options : "", 16384);
       |                                                     ^~~~~~~~~~~~ ~
./HZB_NEAT.c:19441:6: warning: address of array 'tmon_options' will always evaluate to 'true' [-Wpointer-bool-conversion]
 19441 |   if(tmon_options && strlen(tmon_options))
       |      ^~~~~~~~~~~~ ~~
./HZB_NEAT.c:19442:50: warning: address of array 'tmon_options' will always evaluate to 'true' [-Wpointer-bool-conversion]
 19442 |     stracpy(_Guide_time_var._parameters.options, tmon_options ? tmon_options : "", 16384);
       |                                                  ^~~~~~~~~~~~ ~
./HZB_NEAT.c:19936:6: warning: address of array 'detector_options' will always evaluate to 'true' [-Wpointer-bool-conversion]
 19936 |   if(detector_options && strlen(detector_options))
       |      ^~~~~~~~~~~~~~~~ ~~
./HZB_NEAT.c:19937:49: warning: address of array 'detector_options' will always evaluate to 'true' [-Wpointer-bool-conversion]
 19937 |     stracpy(_Ideal_Det_var._parameters.options, detector_options ? detector_options : "", 16384);
       |                                                 ^~~~~~~~~~~~~~~~ ~
8 warnings generated.
ld: warning: directory not found for option '-L/opt/homebrew/Cellar/fftw/3.3.10_1/lib'
ld: warning: duplicate -rpath '/opt/homebrew/Caskroom/miniconda/base/envs/mcstas/lib' ignored
INFO: ===
HZB_NEAT: Detailed NEAT/TOF configuration
* Incoming beam: lambda=6 [Angs] EI=2.272 [meV]  KI=1.047 [Angs-1] Vi=659.339 [m/s]
  Sample: coh=Rb_liq_coh.sqw inc=Rb_liq_inc.sqw
          Elastic line time: 21655.2 [us]
[HZB_NEAT] Initialize
Isotropic_Sqw: Sample: is a box: width=0.050000 height=0.060000 depth=0.002000 
Opening input file '/opt/homebrew/Caskroom/miniconda/base/envs/mcstas/share/mcstas/resources/data/Rb_liq_inc.sqw' (Table_Read_Offset)
Opening input file '/opt/homebrew/Caskroom/miniconda/base/envs/mcstas/share/mcstas/resources/data/Rb_liq_inc.sqw' (Table_Read_Offset)
Opening input file '/opt/homebrew/Caskroom/miniconda/base/envs/mcstas/share/mcstas/resources/data/Rb_liq_inc.sqw' (Table_Read_Offset)
Opening input file '/opt/homebrew/Caskroom/miniconda/base/envs/mcstas/share/mcstas/resources/data/Rb_liq_inc.sqw' (Table_Read_Offset)
Isotropic_Sqw: Sample: Temperature set to T=350 [K]
Isotropic_Sqw: Sample: S(q,w) data from Rb_liq_inc.sqw (inc) assumed to be classical (symmetrised in energy).
Isotropic_Sqw: Sample: Applying exp(hw/2kT) factor with T=350 [K] on Rb_liq_inc.sqw file (classical/symmetric) using 'Frommhold' quantum correction
Isotropic_Sqw: Sample: Generated Rb_liq_inc.sqw incoherent Sqw
                   q=[0.1:10 Angs-1] w=[0:101.849 meV] |S|=0.985192 size=[101x10185] sigma=0.5 [barns]
                   normalization factor S(q,w)*0.492586 (auto) \int q^2 S(q) dq=676.701
Opening input file '/opt/homebrew/Caskroom/miniconda/base/envs/mcstas/share/mcstas/resources/data/Rb_liq_coh.sqw' (Table_Read_Offset)
Opening input file '/opt/homebrew/Caskroom/miniconda/base/envs/mcstas/share/mcstas/resources/data/Rb_liq_coh.sqw' (Table_Read_Offset)
Opening input file '/opt/homebrew/Caskroom/miniconda/base/envs/mcstas/share/mcstas/resources/data/Rb_liq_coh.sqw' (Table_Read_Offset)
Opening input file '/opt/homebrew/Caskroom/miniconda/base/envs/mcstas/share/mcstas/resources/data/Rb_liq_coh.sqw' (Table_Read_Offset)
Isotropic_Sqw: Sample: Temperature set to T=350 [K]
Isotropic_Sqw: Sample: S(q,w) data from Rb_liq_coh.sqw (coh) assumed to be classical (symmetrised in energy).
Isotropic_Sqw: Sample: Applying exp(hw/2kT) factor with T=350 [K] on Rb_liq_coh.sqw file (classical/symmetric) using 'Frommhold' quantum correction
Isotropic_Sqw: Sample: Generated Rb_liq_coh.sqw coherent Sqw
                   q=[0.1:10 Angs-1] w=[0:101.849 meV] |S|=0.887933 size=[101x10185] sigma=6.32 [barns]
                   normalization factor S(q,w)*0.477012 (auto) \int q^2 S(q) dq=698.369
Opening input file '/opt/homebrew/Caskroom/miniconda/base/envs/mcstas/share/mcstas/resources/data/Gas_tables/He3inHe.table' (Table_Read_Offset)
Opening input file '/opt/homebrew/Caskroom/miniconda/base/envs/mcstas/share/mcstas/resources/data/Gas_tables/He3inCF4.table' (Table_Read_Offset)
Opening input file '/opt/homebrew/Caskroom/miniconda/base/envs/mcstas/share/mcstas/resources/data/Gas_tables/He3inHe.table' (Table_Read_Offset)
Opening input file '/opt/homebrew/Caskroom/miniconda/base/envs/mcstas/share/mcstas/resources/data/Gas_tables/He3inCF4.table' (Table_Read_Offset)
Opening input file '/opt/homebrew/Caskroom/miniconda/base/envs/mcstas/share/mcstas/resources/data/Gas_tables/He3inHe.table' (Table_Read_Offset)
Opening input file '/opt/homebrew/Caskroom/miniconda/base/envs/mcstas/share/mcstas/resources/data/Gas_tables/He3inCF4.table' (Table_Read_Offset)
*** TRACE end *** 

Save [HZB_NEAT]
Detector: Guide_PSD_I=8.03749e+07 Guide_PSD_ERR=503001 Guide_PSD_N=142512 "Guide_PSD_1784924908.y_x"
Detector: Guide_Lambda_I=4.00426e+07 Guide_Lambda_ERR=354781 Guide_Lambda_N=71018 "Guide_Lambda_1784924908.L"
Detector: Guide2_PSD_I=5.09426e+06 Guide2_PSD_ERR=32803.9 Guide2_PSD_N=118838 "Guide2_PSD_1784924908.x_y"
Detector: Guide2_Lambda_I=2.53826e+06 Guide2_Lambda_ERR=23142.6 Guide2_Lambda_N=59307 "Guide2_Lambda_1784924908.L"
Detector: Guide2_dXY_I=5.09361e+06 Guide2_dXY_ERR=32802 Guide2_dXY_N=118831 "Guide2_dXY_1784924908.hd_vd"
Detector: Guide_time_I=2.21802e+06 Guide_time_ERR=21648.5 Guide_time_N=51859 "Guide_time_1784924908.t"
Detector: Ideal_Det_I=6347.23 Ideal_Det_ERR=54.0136 Ideal_Det_N=43726 "Ideal_Det_1784924909.A_t"
Detector: Detector_I=2974.95 Detector_ERR=36.9578 Detector_N=20378 "NEAT.psd"

Finally [HZB_NEAT: /Users/ldq/Work/McStasBench/benchmark/refcache/T1_HZB_NEAT_work/ref_20260724_152821_94648_5]. Time: 3 [s] 
Isotropic_Sqw: Sample: 2118410 neutron events (out of 2341506) that should have
               scattered were transmitted because scattering conditions
WARNING        could not be satisfied after 100 tries.
Isotropic_Sqw: Sample: 424 neutron events (out of 223096) reached
WARNING        unrealistic weight. The S(q,w) norm might be too high.
Isotropic_Sqw: Sample: Scattering fraction=0.017531 of incoming intensity
               Absorption fraction           =0.169216
               Single   scattering intensity =26177.5 (coh=23949.2 inc=2228.27)
               Multiple scattering intensity =609.903
INFO: Placing instr file copy /opt/homebrew/Caskroom/miniconda/base/envs/mcstas/share/mcstas/resources/examples/HZB/HZB_NEAT/HZB_NEAT.instr in dataset /Users/ldq/Work/McStasBench/benchmark/refcache/T1_HZB_NEAT_work/ref_20260724_152821_94648_5
